Archive member included because of file (symbol)

c:/altera/11.0sp1/nios2eds/bin/gnu/h-i686-mingw32/bin/../lib/gcc/nios2-elf/4.1.2/../../../../nios2-elf/lib\libc.a(lib_a-printf.o)
                              obj/hello_ucosii.o (printf)
c:/altera/11.0sp1/nios2eds/bin/gnu/h-i686-mingw32/bin/../lib/gcc/nios2-elf/4.1.2/../../../../nios2-elf/lib\libc.a(lib_a-puts.o)
                              obj/hello_ucosii.o (puts)
c:/altera/11.0sp1/nios2eds/bin/gnu/h-i686-mingw32/bin/../lib/gcc/nios2-elf/4.1.2/../../../../nios2-elf/lib\libc.a(lib_a-sscanf.o)
                              obj/hello_ucosii.o (sscanf)
c:/altera/11.0sp1/nios2eds/bin/gnu/h-i686-mingw32/bin/../lib/gcc/nios2-elf/4.1.2/../../../../nios2-elf/lib\libc.a(lib_a-strlen.o)
                              c:/altera/11.0sp1/nios2eds/bin/gnu/h-i686-mingw32/bin/../lib/gcc/nios2-elf/4.1.2/../../../../nios2-elf/lib\libc.a(lib_a-puts.o) (strlen)
c:/altera/11.0sp1/nios2eds/bin/gnu/h-i686-mingw32/bin/../lib/gcc/nios2-elf/4.1.2/../../../../nios2-elf/lib\libc.a(lib_a-vfprintf.o)
                              c:/altera/11.0sp1/nios2eds/bin/gnu/h-i686-mingw32/bin/../lib/gcc/nios2-elf/4.1.2/../../../../nios2-elf/lib\libc.a(lib_a-printf.o) (___vfprintf_internal_r)
c:/altera/11.0sp1/nios2eds/bin/gnu/h-i686-mingw32/bin/../lib/gcc/nios2-elf/4.1.2/../../../../nios2-elf/lib\libc.a(lib_a-vfscanf.o)
                              c:/altera/11.0sp1/nios2eds/bin/gnu/h-i686-mingw32/bin/../lib/gcc/nios2-elf/4.1.2/../../../../nios2-elf/lib\libc.a(lib_a-sscanf.o) (__svfscanf_r)
c:/altera/11.0sp1/nios2eds/bin/gnu/h-i686-mingw32/bin/../lib/gcc/nios2-elf/4.1.2/../../../../nios2-elf/lib\libc.a(lib_a-wsetup.o)
                              c:/altera/11.0sp1/nios2eds/bin/gnu/h-i686-mingw32/bin/../lib/gcc/nios2-elf/4.1.2/../../../../nios2-elf/lib\libc.a(lib_a-vfprintf.o) (__swsetup_r)
c:/altera/11.0sp1/nios2eds/bin/gnu/h-i686-mingw32/bin/../lib/gcc/nios2-elf/4.1.2/../../../../nios2-elf/lib\libc.a(lib_a-ctype_.o)
                              c:/altera/11.0sp1/nios2eds/bin/gnu/h-i686-mingw32/bin/../lib/gcc/nios2-elf/4.1.2/../../../../nios2-elf/lib\libc.a(lib_a-vfscanf.o) (__ctype_ptr)
c:/altera/11.0sp1/nios2eds/bin/gnu/h-i686-mingw32/bin/../lib/gcc/nios2-elf/4.1.2/../../../../nios2-elf/lib\libc.a(lib_a-dtoa.o)
                              c:/altera/11.0sp1/nios2eds/bin/gnu/h-i686-mingw32/bin/../lib/gcc/nios2-elf/4.1.2/../../../../nios2-elf/lib\libc.a(lib_a-vfprintf.o) (_dtoa_r)
c:/altera/11.0sp1/nios2eds/bin/gnu/h-i686-mingw32/bin/../lib/gcc/nios2-elf/4.1.2/../../../../nios2-elf/lib\libc.a(lib_a-fflush.o)
                              c:/altera/11.0sp1/nios2eds/bin/gnu/h-i686-mingw32/bin/../lib/gcc/nios2-elf/4.1.2/../../../../nios2-elf/lib\libc.a(lib_a-vfprintf.o) (_fflush_r)
c:/altera/11.0sp1/nios2eds/bin/gnu/h-i686-mingw32/bin/../lib/gcc/nios2-elf/4.1.2/../../../../nios2-elf/lib\libc.a(lib_a-findfp.o)
                              c:/altera/11.0sp1/nios2eds/bin/gnu/h-i686-mingw32/bin/../lib/gcc/nios2-elf/4.1.2/../../../../nios2-elf/lib\libc.a(lib_a-vfprintf.o) (__sinit)
c:/altera/11.0sp1/nios2eds/bin/gnu/h-i686-mingw32/bin/../lib/gcc/nios2-elf/4.1.2/../../../../nios2-elf/lib\libc.a(lib_a-fread.o)
                              c:/altera/11.0sp1/nios2eds/bin/gnu/h-i686-mingw32/bin/../lib/gcc/nios2-elf/4.1.2/../../../../nios2-elf/lib\libc.a(lib_a-vfscanf.o) (fread)
c:/altera/11.0sp1/nios2eds/bin/gnu/h-i686-mingw32/bin/../lib/gcc/nios2-elf/4.1.2/../../../../nios2-elf/lib\libc.a(lib_a-freer.o)
                              c:/altera/11.0sp1/nios2eds/bin/gnu/h-i686-mingw32/bin/../lib/gcc/nios2-elf/4.1.2/../../../../nios2-elf/lib\libc.a(lib_a-wsetup.o) (_free_r)
c:/altera/11.0sp1/nios2eds/bin/gnu/h-i686-mingw32/bin/../lib/gcc/nios2-elf/4.1.2/../../../../nios2-elf/lib\libc.a(lib_a-fvwrite.o)
                              c:/altera/11.0sp1/nios2eds/bin/gnu/h-i686-mingw32/bin/../lib/gcc/nios2-elf/4.1.2/../../../../nios2-elf/lib\libc.a(lib_a-puts.o) (__sfvwrite_r)
c:/altera/11.0sp1/nios2eds/bin/gnu/h-i686-mingw32/bin/../lib/gcc/nios2-elf/4.1.2/../../../../nios2-elf/lib\libc.a(lib_a-fwalk.o)
                              c:/altera/11.0sp1/nios2eds/bin/gnu/h-i686-mingw32/bin/../lib/gcc/nios2-elf/4.1.2/../../../../nios2-elf/lib\libc.a(lib_a-fflush.o) (_fwalk_reent)
c:/altera/11.0sp1/nios2eds/bin/gnu/h-i686-mingw32/bin/../lib/gcc/nios2-elf/4.1.2/../../../../nios2-elf/lib\libc.a(lib_a-impure.o)
                              c:/altera/11.0sp1/nios2eds/bin/gnu/h-i686-mingw32/bin/../lib/gcc/nios2-elf/4.1.2/../../../../nios2-elf/lib\libc.a(lib_a-printf.o) (_impure_ptr)
c:/altera/11.0sp1/nios2eds/bin/gnu/h-i686-mingw32/bin/../lib/gcc/nios2-elf/4.1.2/../../../../nios2-elf/lib\libc.a(lib_a-iswspace.o)
                              c:/altera/11.0sp1/nios2eds/bin/gnu/h-i686-mingw32/bin/../lib/gcc/nios2-elf/4.1.2/../../../../nios2-elf/lib\libc.a(lib_a-vfscanf.o) (iswspace)
c:/altera/11.0sp1/nios2eds/bin/gnu/h-i686-mingw32/bin/../lib/gcc/nios2-elf/4.1.2/../../../../nios2-elf/lib\libc.a(lib_a-locale.o)
[...]
Memory Configuration

Name             Origin             Length             Attributes
reset            0x00000000         0x00000020
epcs             0x00000020         0x000007e0
sdram_BEFORE_EXCEPTION 0x04000000         0x00000020
sdram            0x04000020         0x01ffffe0
*default*        0x00000000         0xffffffff

Linker script and memory map

LOAD ../Test_bsp//obj/HAL/src/crt0.o
LOAD obj/hello_ucosii.o
LOAD c:/altera/11.0sp1/nios2eds/bin/gnu/h-i686-mingw32/bin/../lib/gcc/nios2-elf/4.1.2/../../../../nios2-elf/lib\libstdc++.a
LOAD c:/altera/11.0sp1/nios2eds/bin/gnu/h-i686-mingw32/bin/../lib/gcc/nios2-elf/4.1.2/../../../../nios2-elf/lib\libm.a
LOAD c:/altera/11.0sp1/nios2eds/bin/gnu/h-i686-mingw32/bin/../lib/gcc/nios2-elf/4.1.2\libgcc.a
START GROUP
LOAD c:/altera/11.0sp1/nios2eds/bin/gnu/h-i686-mingw32/bin/../lib/gcc/nios2-elf/4.1.2/../../../../nios2-elf/lib\libc.a
LOAD c:/altera/11.0sp1/nios2eds/bin/gnu/h-i686-mingw32/bin/../lib/gcc/nios2-elf/4.1.2\libgcc.a
LOAD ../Test_bsp/\libucosii_bsp.a
END GROUP
LOAD c:/altera/11.0sp1/nios2eds/bin/gnu/h-i686-mingw32/bin/../lib/gcc/nios2-elf/4.1.2\libgcc.a
                0x00000000                __alt_mem_epcs = 0x0
                0x04000000                __alt_mem_sdram = 0x4000000

.entry          0x00000000        0x0
 *(.entry)
 .entry         0x00000000        0x0 ../Test_bsp//obj/HAL/src/crt0.o
                0x00000000                __reset

.exceptions     0x04000020      0x19c
                0x04000020                PROVIDE (__ram_exceptions_start, ABSOLUTE (.))
                0x04000020                . = ALIGN (0x20)
 *(.irq)
 *(.exceptions.entry.label)
 .exceptions.entry.label
                0x04000020        0x0 ../Test_bsp/\libucosii_bsp.a(alt_irq_entry.o)
                0x04000020                alt_irq_entry
 .exceptions.entry.label
                0x04000020        0x0 ../Test_bsp/\libucosii_bsp.a(alt_exception_entry.o)
                0x04000020                alt_exception
 *(.exceptions.entry.user)
 *(.exceptions.entry)
 .exceptions.entry
                0x04000020       0x54 ../Test_bsp/\libucosii_bsp.a(alt_exception_entry.o)
 *(.exceptions.irqtest.user)
 *(.exceptions.irqtest)
 .exceptions.irqtest
                0x04000074       0x10 ../Test_bsp/\libucosii_bsp.a(alt_irq_entry.o)
 *(.exceptions.irqhandler.user)
 *(.exceptions.irqhandler)
 .exceptions.irqhandler
                0x04000084        0x4 ../Test_bsp/\libucosii_bsp.a(alt_irq_entry.o)
 *(.exceptions.irqreturn.user)
 *(.exceptions.irqreturn)
 .exceptions.irqreturn
                0x04000088        0x4 ../Test_bsp/\libucosii_bsp.a(alt_irq_entry.o)
 *(.exceptions.notirq.label)
 .exceptions.notirq.label
                0x0400008c        0x0 ../Test_bsp/\libucosii_bsp.a(alt_irq_entry.o)
 *(.exceptions.notirq.user)
 *(.exceptions.notirq)
 .exceptions.notirq
                0x0400008c        0x8 ../Test_bsp/\libucosii_bsp.a(alt_exception_entry.o)
 *(.exceptions.soft.user)
 *(.exceptions.soft)
 *(.exceptions.unknown.user)
 *(.exceptions.unknown)
 .exceptions.unknown
                0x04000094        0x4 ../Test_bsp/\libucosii_bsp.a(alt_exception_entry.o)
 *(.exceptions.exit.label)
 .exceptions.exit.label
                0x04000098        0x0 ../Test_bsp/\libucosii_bsp.a(alt_irq_entry.o)
 .exceptions.exit.label
                0x04000098        0x0 ../Test_bsp/\libucosii_bsp.a(alt_exception_entry.o)
 *(.exceptions.exit.user)
 *(.exceptions.exit)
 .exceptions.exit
                0x04000098       0x54 ../Test_bsp/\libucosii_bsp.a(alt_exception_entry.o)
 *(.exceptions)
 .exceptions    0x040000ec       0xd0 ../Test_bsp/\libucosii_bsp.a(alt_irq_handler.o)
                0x040000ec                alt_irq_handler
                0x040001bc                PROVIDE (__ram_exceptions_end, ABSOLUTE (.))
                0x04000020                PROVIDE (__flash_exceptions_start, LOADADDR (.exceptions))

.text           0x040001bc    0x1baf8
                0x040001bc                PROVIDE (stext, ABSOLUTE (.))
 *(.interp)
 *(.hash)
 *(.dynsym)
 *(.dynstr)
 *(.gnu.version)
 *(.gnu.version_d)
 *(.gnu.version_r)
 *(.rel.init)
 *(.rela.init)
 *(.rel.text .rel.text.* .rel.gnu.linkonce.t.*)
 *(.rela.text .rela.text.* .rela.gnu.linkonce.t.*)
 *(.rel.fini)
 *(.rela.fini)
 *(.rel.rodata .rel.rodata.* .rel.gnu.linkonce.r.*)
 *(.rela.rodata .rela.rodata.* .rela.gnu.linkonce.r.*)
 *(.rel.data .rel.data.* .rel.gnu.linkonce.d.*)
 *(.rela.data .rela.data.* .rela.gnu.linkonce.d.*)
 *(.rel.tdata .rel.tdata.* .rel.gnu.linkonce.td.*)
 *(.rela.tdata .rela.tdata.* .rela.gnu.linkonce.td.*)
 *(.rel.tbss .rel.tbss.* .rel.gnu.linkonce.tb.*)
 *(.rela.tbss .rela.tbss.* .rela.gnu.linkonce.tb.*)
 *(.rel.ctors)
 *(.rela.ctors)
 *(.rel.dtors)
 *(.rela.dtors)
 *(.rel.got)
 *(.rela.got)
 *(.rel.sdata .rel.sdata.* .rel.gnu.linkonce.s.*)
 *(.rela.sdata .rela.sdata.* .rela.gnu.linkonce.s.*)
 *(.rel.sbss .rel.sbss.* .rel.gnu.linkonce.sb.*)
 *(.rela.sbss .rela.sbss.* .rela.gnu.linkonce.sb.*)
 *(.rel.sdata2 .rel.sdata2.* .rel.gnu.linkonce.s2.*)
 *(.rela.sdata2 .rela.sdata2.* .rela.gnu.linkonce.s2.*)
 *(.rel.sbss2 .rel.sbss2.* .rel.gnu.linkonce.sb2.*)
 *(.rela.sbss2 .rela.sbss2.* .rela.gnu.linkonce.sb2.*)
 *(.rel.bss .rel.bss.* .rel.gnu.linkonce.b.*)
 *(.rela.bss .rela.bss.* .rela.gnu.linkonce.b.*)
 *(.rel.plt)
 *(.rela.plt)
 *(.rel.dyn)
 *(.init)
 *(.plt)
 *(.text .stub .text.* .gnu.linkonce.t.*)
 .text          0x040001bc       0x38 ../Test_bsp//obj/HAL/src/crt0.o
                0x040001bc                _start
 .text          0x040001f4      0x404 obj/hello_ucosii.o
                0x040001f4                print_buffer
                0x040003dc                Task
                0x040005b8                main
 .text          0x040005f8       0x78 c:/altera/11.0sp1/nios2eds/bin/gnu/h-i686-mingw32/bin/../lib/gcc/nios2-elf/4.1.2/../../../../nios2-elf/lib\libc.a(lib_a-printf.o)
                0x040005f8                printf
                0x0400063c                _printf_r
 .text          0x04000670       0xb4 c:/altera/11.0sp1/nios2eds/bin/gnu/h-i686-mingw32/bin/../lib/gcc/nios2-elf/4.1.2/../../../../nios2-elf/lib\libc.a(lib_a-puts.o)
                0x04000670                _puts_r
                0x04000710                puts
 .text          0x04000724      0x114 c:/altera/11.0sp1/nios2eds/bin/gnu/h-i686-mingw32/bin/../lib/gcc/nios2-elf/4.1.2/../../../../nios2-elf/lib\libc.a(lib_a-sscanf.o)
                0x0400072c                _sscanf_r
                0x040007b4                sscanf
 .text          0x04000838       0x74 c:/altera/11.0sp1/nios2eds/bin/gnu/h-i686-mingw32/bin/../lib/gcc/nios2-elf/4.1.2/../../../../nios2-elf/lib\libc.a(lib_a-strlen.o)
                0x04000838                strlen
 .text          0x040008ac     0x1f28 c:/altera/11.0sp1/nios2eds/bin/gnu/h-i686-mingw32/bin/../lib/gcc/nios2-elf/4.1.2/../../../../nios2-elf/lib\libc.a(lib_a-vfprintf.o)
                0x04000904                ___vfprintf_internal_r
                0x040027b0                __vfprintf_internal
 .text          0x040027d4     0x1780 c:/altera/11.0sp1/nios2eds/bin/gnu/h-i686-mingw32/bin/../lib/gcc/nios2-elf/4.1.2/../../../../nios2-elf/lib\libc.a(lib_a-vfscanf.o)
                0x040027d4                __svfscanf_r
                0x04003e54                __svfscanf
                0x04003e78                _vfscanf_r
                0x04003ee0                vfscanf
 .text          0x04003f54      0x13c c:/altera/11.0sp1/nios2eds/bin/gnu/h-i686-mingw32/bin/../lib/gcc/nios2-elf/4.1.2/../../../../nios2-elf/lib\libc.a(lib_a-wsetup.o)
                0x04003f54                __swsetup_r
 .text          0x04004090        0x0 c:/altera/11.0sp1/nios2eds/bin/gnu/h-i686-mingw32/bin/../lib/gcc/nios2-elf/4.1.2/../../../../nios2-elf/lib\libc.a(lib_a-ctype_.o)
 .text          0x04004090     0x17cc c:/altera/11.0sp1/nios2eds/bin/gnu/h-i686-mingw32/bin/../lib/gcc/nios2-elf/4.1.2/../../../../nios2-elf/lib\libc.a(lib_a-dtoa.o)
                0x040042a8                _dtoa_r
 .text          0x0400585c      0x230 c:/altera/11.0sp1/nios2eds/bin/gnu/h-i686-mingw32/bin/../lib/gcc/nios2-elf/4.1.2/../../../../nios2-elf/lib\libc.a(lib_a-fflush.o)
                0x0400585c                _fflush_r
                0x04005a58                fflush
 .text          0x04005a8c      0x2c0 c:/altera/11.0sp1/nios2eds/bin/gnu/h-i686-mingw32/bin/../lib/gcc/nios2-elf/4.1.2/../../../../nios2-elf/lib\libc.a(lib_a-findfp.o)
                0x04005ae4                __sfp_lock_acquire
                0x04005ae8                __sfp_lock_release
                0x04005aec                __sinit_lock_acquire
                0x04005af0                __sinit_lock_release
                0x04005af4                __sinit
                0x04005ba8                __fp_unlock_all
                0x04005bc0                __fp_lock_all
                0x04005bd8                _cleanup_r
                0x04005be4                _cleanup
                0x04005bf4                __sfmoreglue
                0x04005c5c                __sfp
 .text          0x04005d4c      0x23c c:/altera/11.0sp1/nios2eds/bin/gnu/h-i686-mingw32/bin/../lib/gcc/nios2-elf/4.1.2/../../../../nios2-elf/lib\libc.a(lib_a-fread.o)
                0x04005d4c                _fread_r
                0x04005f48                fread
 .text          0x04005f88      0x440 c:/altera/11.0sp1/nios2eds/bin/gnu/h-i686-mingw32/bin/../lib/gcc/nios2-elf/4.1.2/../../../../nios2-elf/lib\libc.a(lib_a-freer.o)
                0x04005f88                _malloc_trim_r
                0x040060b4                _free_r
 .text          0x040063c8      0x49c c:/altera/11.0sp1/nios2eds/bin/gnu/h-i686-mingw32/bin/../lib/gcc/nios2-elf/4.1.2/../../../../nios2-elf/lib\libc.a(lib_a-fvwrite.o)
                0x040063c8                __sfvwrite_r
 .text          0x04006864      0x180 c:/altera/11.0sp1/nios2eds/bin/gnu/h-i686-mingw32/bin/../lib/gcc/nios2-elf/4.1.2/../../../../nios2-elf/lib\libc.a(lib_a-fwalk.o)
                0x04006864                _fwalk_reent
                0x0400692c                _fwalk
 .text          0x040069e4        0x0 c:/altera/11.0sp1/nios2eds/bin/gnu/h-i686-mingw32/bin/../lib/gcc/nios2-elf/4.1.2/../../../../nios2-elf/lib\libc.a(lib_a-impure.o)
 .text          0x040069e4       0x2c c:/altera/11.0sp1/nios2eds/bin/gnu/h-i686-mingw32/bin/../lib/gcc/nios2-elf/4.1.2/../../../../nios2-elf/lib\libc.a(lib_a-iswspace.o)
                0x040069e4                iswspace
 .text          0x04006a10       0xc4 c:/altera/11.0sp1/nios2eds/bin/gnu/h-i686-mingw32/bin/../lib/gcc/nios2-elf/4.1.2/../../../../nios2-elf/lib\libc.a(lib_a-locale.o)
                0x04006a10                __locale_charset
                0x04006a18                _localeconv_r
                0x04006a24                localeconv
                0x04006a34                _setlocale_r
                0x04006ab8                setlocale
 .text          0x04006ad4      0x194 c:/altera/11.0sp1/nios2eds/bin/gnu/h-i686-mingw32/bin/../lib/gcc/nios2-elf/4.1.2/../../../../nios2-elf/lib\libc.a(lib_a-makebuf.o)
                0x04006ad4                __smakebuf_r
 .text          0x04006c68      0x740 c:/altera/11.0sp1/nios2eds/bin/gnu/h-i686-mingw32/bin/../lib/gcc/nios2-elf/4.1.2/../../../../nios2-elf/lib\libc.a(lib_a-mallocr.o)
                0x04006c68                _malloc_r
 .text          0x040073a8       0xc0 c:/altera/11.0sp1/nios2eds/bin/gnu/h-i686-mingw32/bin/../lib/gcc/nios2-elf/4.1.2/../../../../nios2-elf/lib\libc.a(lib_a-mbrtowc.o)
                0x040073a8                _mbrtowc_r
                0x04007428                mbrtowc
 .text          0x04007468       0x40 c:/altera/11.0sp1/nios2eds/bin/gnu/h-i686-mingw32/bin/../lib/gcc/nios2-elf/4.1.2/../../../../nios2-elf/lib\libc.a(lib_a-mbtowc_r.o)
                0x04007468                _mbtowc_r
 .text          0x040074a8       0xe4 c:/altera/11.0sp1/nios2eds/bin/gnu/h-i686-mingw32/bin/../lib/gcc/nios2-elf/4.1.2/../../../../nios2-elf/lib\libc.a(lib_a-memchr.o)
                0x040074a8                memchr
 .text          0x0400758c       0xa0 c:/altera/11.0sp1/nios2eds/bin/gnu/h-i686-mingw32/bin/../lib/gcc/nios2-elf/4.1.2/../../../../nios2-elf/lib\libc.a(lib_a-memcpy.o)
                0x0400758c                memcpy
 .text          0x0400762c       0xe0 c:/altera/11.0sp1/nios2eds/bin/gnu/h-i686-mingw32/bin/../lib/gcc/nios2-elf/4.1.2/../../../../nios2-elf/lib\libc.a(lib_a-memmove.o)
                0x0400762c                memmove
 .text          0x0400770c       0x98 c:/altera/11.0sp1/nios2eds/bin/gnu/h-i686-mingw32/bin/../lib/gcc/nios2-elf/4.1.2/../../../../nios2-elf/lib\libc.a(lib_a-memset.o)
                0x0400770c                memset
 .text          0x040077a4      0xff4 c:/altera/11.0sp1/nios2eds/bin/gnu/h-i686-mingw32/bin/../lib/gcc/nios2-elf/4.1.2/../../../../nios2-elf/lib\libc.a(lib_a-mprec.o)
                0x040077a4                _Bfree
                0x040077cc                __hi0bits
                0x0400783c                __lo0bits
                0x04007900                __mcmp
                0x04007960                __ulp
                0x040079e0                __b2d
                0x04007b00                __ratio
                0x04007bb0                _mprec_log10
                0x04007c44                __copybits
                0x04007c9c                __any_on
                0x04007d24                _Balloc
                0x04007de0                __d2b
                0x04007f5c                __mdiff
                0x040080e8                __lshift
                0x04008234                __multiply
                0x0400841c                __i2b
                0x04008458                __multadd
                0x04008558                __pow5mult
                0x04008678                __s2b
 .text          0x04008798      0x5f4 c:/altera/11.0sp1/nios2eds/bin/gnu/h-i686-mingw32/bin/../lib/gcc/nios2-elf/4.1.2/../../../../nios2-elf/lib\libc.a(lib_a-reallocr.o)
                0x04008798                _realloc_r
 .text          0x04008d8c      0x1e0 c:/altera/11.0sp1/nios2eds/bin/gnu/h-i686-mingw32/bin/../lib/gcc/nios2-elf/4.1.2/../../../../nios2-elf/lib\libc.a(lib_a-refill.o)
                0x04008d8c                __srefill_r
 .text          0x04008f6c       0x40 c:/altera/11.0sp1/nios2eds/bin/gnu/h-i686-mingw32/bin/../lib/gcc/nios2-elf/4.1.2/../../../../nios2-elf/lib\libc.a(lib_a-s_isinfd.o)
                0x04008f6c                __isinfd
 .text          0x04008fac       0x30 c:/altera/11.0sp1/nios2eds/bin/gnu/h-i686-mingw32/bin/../lib/gcc/nios2-elf/4.1.2/../../../../nios2-elf/lib\libc.a(lib_a-s_isnand.o)
                0x04008fac                __isnand
 .text          0x04008fdc       0x70 c:/altera/11.0sp1/nios2eds/bin/gnu/h-i686-mingw32/bin/../lib/gcc/nios2-elf/4.1.2/../../../../nios2-elf/lib\libc.a(lib_a-sbrkr.o)
                0x04008fdc                _sbrk_r
 .text          0x0400904c       0xc0 c:/altera/11.0sp1/nios2eds/bin/gnu/h-i686-mingw32/bin/../lib/gcc/nios2-elf/4.1.2/../../../../nios2-elf/lib\libc.a(lib_a-sccl.o)
                0x0400904c                __sccl
 .text          0x0400910c        0x8 c:/altera/11.0sp1/nios2eds/bin/gnu/h-i686-mingw32/bin/../lib/gcc/nios2-elf/4.1.2/../../../../nios2-elf/lib\libc.a(lib_a-sf_nan.o)
                0x0400910c                nanf
 .text          0x04009114       0xd4 c:/altera/11.0sp1/nios2eds/bin/gnu/h-i686-mingw32/bin/../lib/gcc/nios2-elf/4.1.2/../../../../nios2-elf/lib\libc.a(lib_a-sprintf.o)
                0x04009114                sprintf
                0x04009188                _sprintf_r
 .text          0x040091e8      0x14c c:/altera/11.0sp1/nios2eds/bin/gnu/h-i686-mingw32/bin/../lib/gcc/nios2-elf/4.1.2/../../../../nios2-elf/lib\libc.a(lib_a-stdio.o)
                0x040091e8                __sclose
                0x040091f0                __sseek
                0x04009258                __swrite
                0x040092d4                __sread
 .text          0x04009334       0xbc c:/altera/11.0sp1/nios2eds/bin/gnu/h-i686-mingw32/bin/../lib/gcc/nios2-elf/4.1.2/../../../../nios2-elf/lib\libc.a(lib_a-strcmp.o)
                0x04009334                strcmp
 .text          0x040093f0     0x166c c:/altera/11.0sp1/nios2eds/bin/gnu/h-i686-mingw32/bin/../lib/gcc/nios2-elf/4.1.2/../../../../nios2-elf/lib\libc.a(lib_a-strtod.o)
                0x04009438                _strtod_r
                0x0400a91c                strtof
                0x0400aa40                strtod
 .text          0x0400aa5c      0x268 c:/altera/11.0sp1/nios2eds/bin/gnu/h-i686-mingw32/bin/../lib/gcc/nios2-elf/4.1.2/../../../../nios2-elf/lib\libc.a(lib_a-strtol.o)
                0x0400aa5c                _strtol_r
                0x0400aca0                strtol
 .text          0x0400acc4      0x318 c:/altera/11.0sp1/nios2eds/bin/gnu/h-i686-mingw32/bin/../lib/gcc/nios2-elf/4.1.2/../../../../nios2-elf/lib\libc.a(lib_a-strtoll_r.o)
                0x0400acc4                _strtoll_r
 .text          0x0400afdc      0x254 c:/altera/11.0sp1/nios2eds/bin/gnu/h-i686-mingw32/bin/../lib/gcc/nios2-elf/4.1.2/../../../../nios2-elf/lib\libc.a(lib_a-strtoul.o)
                0x0400afdc                _strtoul_r
                0x0400b20c                strtoul
 .text          0x0400b230      0x2f0 c:/altera/11.0sp1/nios2eds/bin/gnu/h-i686-mingw32/bin/../lib/gcc/nios2-elf/4.1.2/../../../../nios2-elf/lib\libc.a(lib_a-strtoull_r.o)
                0x0400b230                _strtoull_r
 .text          0x0400b520      0x294 c:/altera/11.0sp1/nios2eds/bin/gnu/h-i686-mingw32/bin/../lib/gcc/nios2-elf/4.1.2/../../../../nios2-elf/lib\libc.a(lib_a-ungetc.o)
                0x0400b520                __submore
                0x0400b5fc                _ungetc_r
                0x0400b798                ungetc
 .text          0x0400b7b4       0x78 c:/altera/11.0sp1/nios2eds/bin/gnu/h-i686-mingw32/bin/../lib/gcc/nios2-elf/4.1.2/../../../../nios2-elf/lib\libc.a(lib_a-writer.o)
                0x0400b7b4                _write_r
 .text          0x0400b82c       0xb4 c:/altera/11.0sp1/nios2eds/bin/gnu/h-i686-mingw32/bin/../lib/gcc/nios2-elf/4.1.2/../../../../nios2-elf/lib\libc.a(lib_a-callocr.o)
                0x0400b82c                _calloc_r
 .text          0x0400b8e0       0x70 c:/altera/11.0sp1/nios2eds/bin/gnu/h-i686-mingw32/bin/../lib/gcc/nios2-elf/4.1.2/../../../../nios2-elf/lib\libc.a(lib_a-closer.o)
                0x0400b8e0                _close_r
 .text          0x0400b950      0x124 c:/altera/11.0sp1/nios2eds/bin/gnu/h-i686-mingw32/bin/../lib/gcc/nios2-elf/4.1.2/../../../../nios2-elf/lib\libc.a(lib_a-fclose.o)
                0x0400b950                _fclose_r
                0x0400ba60                fclose
 .text          0x0400ba74       0x74 c:/altera/11.0sp1/nios2eds/bin/gnu/h-i686-mingw32/bin/../lib/gcc/nios2-elf/4.1.2/../../../../nios2-elf/lib\libc.a(lib_a-fstatr.o)
                0x0400ba74                _fstat_r
 .text          0x0400bae8      0x8f4 c:/altera/11.0sp1/nios2eds/bin/gnu/h-i686-mingw32/bin/../lib/gcc/nios2-elf/4.1.2/../../../../nios2-elf/lib\libc.a(lib_a-gdtoa-gethex.o)
                0x0400bb0c                __hexdig_init
                0x0400bc24                __gethex
 .text          0x0400c3dc      0x294 c:/altera/11.0sp1/nios2eds/bin/gnu/h-i686-mingw32/bin/../lib/gcc/nios2-elf/4.1.2/../../../../nios2-elf/lib\libc.a(lib_a-gdtoa-hexnan.o)
                0x0400c428                __hexnan
 .text          0x0400c670        0x0 c:/altera/11.0sp1/nios2eds/bin/gnu/h-i686-mingw32/bin/../lib/gcc/nios2-elf/4.1.2/../../../../nios2-elf/lib\libc.a(lib_a-int_errno.o)
 .text          0x0400c670       0x70 c:/altera/11.0sp1/nios2eds/bin/gnu/h-i686-mingw32/bin/../lib/gcc/nios2-elf/4.1.2/../../../../nios2-elf/lib\libc.a(lib_a-isattyr.o)
                0x0400c670                _isatty_r
 .text          0x0400c6e0       0x78 c:/altera/11.0sp1/nios2eds/bin/gnu/h-i686-mingw32/bin/../lib/gcc/nios2-elf/4.1.2/../../../../nios2-elf/lib\libc.a(lib_a-lseekr.o)
                0x0400c6e0                _lseek_r
 .text          0x0400c758       0x78 c:/altera/11.0sp1/nios2eds/bin/gnu/h-i686-mingw32/bin/../lib/gcc/nios2-elf/4.1.2/../../../../nios2-elf/lib\libc.a(lib_a-readr.o)
                0x0400c758                _read_r
 .text          0x0400c7d0       0x98 c:/altera/11.0sp1/nios2eds/bin/gnu/h-i686-mingw32/bin/../lib/gcc/nios2-elf/4.1.2\libgcc.a(_muldi3.o)
                0x0400c7d0                __muldi3
 .text          0x0400c868       0xa4 c:/altera/11.0sp1/nios2eds/bin/gnu/h-i686-mingw32/bin/../lib/gcc/nios2-elf/4.1.2\libgcc.a(_fixunsdfsi.o)
                0x0400c868                __fixunsdfsi
 .text          0x0400c90c      0x5dc c:/altera/11.0sp1/nios2eds/bin/gnu/h-i686-mingw32/bin/../lib/gcc/nios2-elf/4.1.2\libgcc.a(_udivdi3.o)
                0x0400c90c                __udivdi3
 .text          0x0400cee8      0x5b0 c:/altera/11.0sp1/nios2eds/bin/gnu/h-i686-mingw32/bin/../lib/gcc/nios2-elf/4.1.2\libgcc.a(_umoddi3.o)
                0x0400cee8                __umoddi3
 .text          0x0400d498       0x78 c:/altera/11.0sp1/nios2eds/bin/gnu/h-i686-mingw32/bin/../lib/gcc/nios2-elf/4.1.2\libgcc.a(_ne_sf.o)
                0x0400d498                __nesf2
 .text          0x0400d510       0x78 c:/altera/11.0sp1/nios2eds/bin/gnu/h-i686-mingw32/bin/../lib/gcc/nios2-elf/4.1.2\libgcc.a(_gt_sf.o)
                0x0400d510                __gtsf2
 .text          0x0400d588       0x78 c:/altera/11.0sp1/nios2eds/bin/gnu/h-i686-mingw32/bin/../lib/gcc/nios2-elf/4.1.2\libgcc.a(_lt_sf.o)
                0x0400d588                __ltsf2
 .text          0x0400d600      0x504 c:/altera/11.0sp1/nios2eds/bin/gnu/h-i686-mingw32/bin/../lib/gcc/nios2-elf/4.1.2\libgcc.a(_addsub_df.o)
                0x0400da10                __subdf3
                0x0400da90                __adddf3
 .text          0x0400db04      0x3c4 c:/altera/11.0sp1/nios2eds/bin/gnu/h-i686-mingw32/bin/../lib/gcc/nios2-elf/4.1.2\libgcc.a(_mul_df.o)
                0x0400db04                __muldf3
 .text          0x0400dec8      0x258 c:/altera/11.0sp1/nios2eds/bin/gnu/h-i686-mingw32/bin/../lib/gcc/nios2-elf/4.1.2\libgcc.a(_div_df.o)
                0x0400dec8                __divdf3
 .text          0x0400e120       0x88 c:/altera/11.0sp1/nios2eds/bin/gnu/h-i686-mingw32/bin/../lib/gcc/nios2-elf/4.1.2\libgcc.a(_eq_df.o)
                0x0400e120                __eqdf2
 .text          0x0400e1a8       0x88 c:/altera/11.0sp1/nios2eds/bin/gnu/h-i686-mingw32/bin/../lib/gcc/nios2-elf/4.1.2\libgcc.a(_ne_df.o)
                0x0400e1a8                __nedf2
 .text          0x0400e230       0x88 c:/altera/11.0sp1/nios2eds/bin/gnu/h-i686-mingw32/bin/../lib/gcc/nios2-elf/4.1.2\libgcc.a(_gt_df.o)
                0x0400e230                __gtdf2
 .text          0x0400e2b8       0x88 c:/altera/11.0sp1/nios2eds/bin/gnu/h-i686-mingw32/bin/../lib/gcc/nios2-elf/4.1.2\libgcc.a(_ge_df.o)
                0x0400e2b8                __gedf2
 .text          0x0400e340       0x88 c:/altera/11.0sp1/nios2eds/bin/gnu/h-i686-mingw32/bin/../lib/gcc/nios2-elf/4.1.2\libgcc.a(_lt_df.o)
                0x0400e340                __ltdf2
 .text          0x0400e3c8       0x88 c:/altera/11.0sp1/nios2eds/bin/gnu/h-i686-mingw32/bin/../lib/gcc/nios2-elf/4.1.2\libgcc.a(_le_df.o)
                0x0400e3c8                __ledf2
 .text          0x0400e450       0xf8 c:/altera/11.0sp1/nios2eds/bin/gnu/h-i686-mingw32/bin/../lib/gcc/nios2-elf/4.1.2\libgcc.a(_si_to_df.o)
                0x0400e450                __floatsidf
 .text          0x0400e548       0xd8 c:/altera/11.0sp1/nios2eds/bin/gnu/h-i686-mingw32/bin/../lib/gcc/nios2-elf/4.1.2\libgcc.a(_df_to_si.o)
                0x0400e548                __fixdfsi
 .text          0x0400e620       0x74 c:/altera/11.0sp1/nios2eds/bin/gnu/h-i686-mingw32/bin/../lib/gcc/nios2-elf/4.1.2\libgcc.a(_df_to_sf.o)
                0x0400e620                __truncdfsf2
 .text          0x0400e694        0x0 c:/altera/11.0sp1/nios2eds/bin/gnu/h-i686-mingw32/bin/../lib/gcc/nios2-elf/4.1.2\libgcc.a(_thenan_df.o)
 .text          0x0400e694      0x194 c:/altera/11.0sp1/nios2eds/bin/gnu/h-i686-mingw32/bin/../lib/gcc/nios2-elf/4.1.2\libgcc.a(_usi_to_df.o)
                0x0400e694                __floatunsidf
 .text          0x0400e828      0x14c c:/altera/11.0sp1/nios2eds/bin/gnu/h-i686-mingw32/bin/../lib/gcc/nios2-elf/4.1.2\libgcc.a(lib2-divmod.o)
                0x0400e8a4                __divsi3
                0x0400e904                __modsi3
                0x0400e964                __udivsi3
                0x0400e96c                __umodsi3
 .text          0x0400e974        0x0 c:/altera/11.0sp1/nios2eds/bin/gnu/h-i686-mingw32/bin/../lib/gcc/nios2-elf/4.1.2\libgcc.a(_clz.o)
 .text          0x0400e974       0x80 c:/altera/11.0sp1/nios2eds/bin/gnu/h-i686-mingw32/bin/../lib/gcc/nios2-elf/4.1.2\libgcc.a(_clzsi2.o)
                0x0400e974                __clzsi2
 .text          0x0400e9f4       0xc8 c:/altera/11.0sp1/nios2eds/bin/gnu/h-i686-mingw32/bin/../lib/gcc/nios2-elf/4.1.2\libgcc.a(_unpack_sf.o)
                0x0400e9f4                __unpack_f
 .text          0x0400eabc       0xa8 c:/altera/11.0sp1/nios2eds/bin/gnu/h-i686-mingw32/bin/../lib/gcc/nios2-elf/4.1.2\libgcc.a(_fpcmp_parts_sf.o)
                0x0400eabc                __fpcmp_parts_f
 .text          0x0400eb64       0x2c c:/altera/11.0sp1/nios2eds/bin/gnu/h-i686-mingw32/bin/../lib/gcc/nios2-elf/4.1.2\libgcc.a(_make_sf.o)
                0x0400eb64                __make_fp
 .text          0x0400eb90      0x314 c:/altera/11.0sp1/nios2eds/bin/gnu/h-i686-mingw32/bin/../lib/gcc/nios2-elf/4.1.2\libgcc.a(_pack_df.o)
                0x0400eb90                __pack_d
 .text          0x0400eea4      0x138 c:/altera/11.0sp1/nios2eds/bin/gnu/h-i686-mingw32/bin/../lib/gcc/nios2-elf/4.1.2\libgcc.a(_unpack_df.o)
                0x0400eea4                __unpack_d
 .text          0x0400efdc       0xc8 c:/altera/11.0sp1/nios2eds/bin/gnu/h-i686-mingw32/bin/../lib/gcc/nios2-elf/4.1.2\libgcc.a(_fpcmp_parts_df.o)
                0x0400efdc                __fpcmp_parts_d
 .text          0x0400f0a4      0x160 c:/altera/11.0sp1/nios2eds/bin/gnu/h-i686-mingw32/bin/../lib/gcc/nios2-elf/4.1.2\libgcc.a(_pack_sf.o)
                0x0400f0a4                __pack_f
 .text          0x0400f204      0x15c ../Test_bsp/\libucosii_bsp.a(alt_close.o)
                0x0400f204                close
 .text          0x0400f360       0x2c ../Test_bsp/\libucosii_bsp.a(alt_dev.o)
 .text          0x0400f38c        0x0 ../Test_bsp/\libucosii_bsp.a(alt_errno.o)
 .text          0x0400f38c      0x134 ../Test_bsp/\libucosii_bsp.a(alt_fstat.o)
                0x0400f38c                fstat
 .text          0x0400f4c0      0x120 ../Test_bsp/\libucosii_bsp.a(alt_isatty.o)
                0x0400f4c0                isatty
 .text          0x0400f5e0      0x150 ../Test_bsp/\libucosii_bsp.a(alt_lseek.o)
                0x0400f5e0                lseek
 .text          0x0400f730       0xc8 ../Test_bsp/\libucosii_bsp.a(alt_main.o)
                0x0400f730                alt_main
 .text          0x0400f7f8      0x180 ../Test_bsp/\libucosii_bsp.a(alt_read.o)
                0x0400f7f8                read
 .text          0x0400f978       0x60 ../Test_bsp/\libucosii_bsp.a(alt_release_fd.o)
                0x0400f978                alt_release_fd
 .text          0x0400f9d8       0xbc ../Test_bsp/\libucosii_bsp.a(alt_sbrk.o)
                0x0400f9d8                sbrk
 .text          0x0400fa94      0x180 ../Test_bsp/\libucosii_bsp.a(alt_write.o)
                0x0400fa94                write
 .text          0x0400fc14      0x108 ../Test_bsp/\libucosii_bsp.a(alt_env_lock.o)
                0x0400fc14                __env_lock
                0x0400fcc0                __env_unlock
 .text          0x0400fd1c      0x1d8 ../Test_bsp/\libucosii_bsp.a(alt_malloc_lock.o)
                0x0400fd1c                __malloc_lock
                0x0400fe24                __malloc_unlock
 .text          0x0400fef4     0x2478 ../Test_bsp/\libucosii_bsp.a(os_core.o)
                0x0400fef4                get_buff_idx
                0x0400ff14                set_buff_size
                0x0400ff3c                get_buff_size
                0x0400ff5c                get_timeout_flag
                0x0400ff80                OSEventNameGet
                0x040100b0                OSEventNameSet
                0x040101f4                OSEventPendMulti
                0x040108a8                OSInit
                0x040108fc                OSIntEnter
                0x04010978                OSIntExit
                0x04010b20                OSSchedLock
                0x04010bac                OSSchedUnlock
                0x04010c90                OSStart
                0x04010d00                OSStatInit
                0x04010dac                OSTimeTick
                0x04011000                OSVersion
                0x04011020                OS_Dummy
                0x0401103c                OS_EventTaskRdy
                0x040111d0                OS_EventTaskWait
                0x040112e0                OS_EventTaskWaitMulti
                0x04011434                OS_EventTaskRemove
                0x040114ec                OS_EventTaskRemoveMulti
                0x040115f0                OS_EventWaitListInit
                0x040119bc                OS_MemClr
                0x04011a10                OS_MemCopy
                0x04011a7c                OS_Sched
                0x04011c68                OS_StrCopy
                0x04011ce8                OS_StrLen
                0x04011d40                OS_TaskIdle
                0x04011d9c                OS_TaskStat
                0x04011e64                OS_TaskStatStkChk
                0x04011f2c                OS_TCBInit
                0x0401220c                check_timeout
 .text          0x0401236c      0x18c ../Test_bsp/\libucosii_bsp.a(os_dbg.o)
                0x0401236c                OSDebugInit
 .text          0x040124f8     0x193c ../Test_bsp/\libucosii_bsp.a(os_flag.o)
                0x040124f8                OSFlagAccept
                0x0401282c                OSFlagCreate
                0x04012968                OSFlagDel
                0x04012c10                OSFlagNameGet
                0x04012d54                OSFlagNameSet
                0x04012ea8                OSFlagPend
                0x040134ec                OSFlagPendGetFlagsRdy
                0x04013554                OSFlagPost
                0x040138fc                OSFlagQuery
                0x04013b94                OS_FlagInit
                0x04013d88                OS_FlagUnlink
 .text          0x04013e34      0x808 ../Test_bsp/\libucosii_bsp.a(os_mem.o)
                0x04013e34                OSMemCreate
                0x04014050                OSMemGet
                0x04014154                OSMemNameGet
                0x04014260                OSMemNameSet
                0x04014380                OSMemPut
                0x04014470                OSMemQuery
                0x0401456c                OS_MemInit
 .text          0x0401463c     0x1334 ../Test_bsp/\libucosii_bsp.a(os_q.o)
                0x0401463c                OSQAccept
                0x04014790                OSQCreate
                0x040149a4                OSQDel
                0x04014ca4                OSQFlush
                0x04014d6c                OSQPend
                0x0401508c                OSQPendAbort
                0x04015208                OSQPost
                0x04015388                OSQPostFront
                0x04015510                OSQPostOpt
                0x04015744                OSQQuery
                0x040158c4                OS_QInit
 .text          0x04015970      0xbc8 ../Test_bsp/\libucosii_bsp.a(os_sem.o)
                0x04015970                OSSemAccept
                0x04015a30                OSSemCreate
                0x04015b44                OSSemDel
                0x04015de4                OSSemPend
                0x04016060                OSSemPendAbort
                0x040161dc                OSSemPost
                0x04016304                OSSemQuery
                0x04016434                OSSemSet
 .text          0x04016538     0x1a40 ../Test_bsp/\libucosii_bsp.a(os_task.o)
                0x04016538                OSTaskChangePrio
                0x04016aac                OSTaskCreate
                0x04016c80                OSTaskCreateExt
                0x04016e80                OSTaskDel
                0x0401728c                OSTaskDelReq
                0x040173fc                OSTaskNameGet
                0x040175b4                OSTaskNameSet
                0x04017778                OSTaskResume
                0x04017990                OSTaskStkChk
                0x04017b8c                OSTaskSuspend
                0x04017db8                OSTaskQuery
                0x04017efc                OS_TaskStkClr
 .text          0x04017f78      0x59c ../Test_bsp/\libucosii_bsp.a(os_time.o)
                0x04017f78                OSTimeDly
                0x040180c4                OSTimeDlyHMSM
                0x0401823c                OSTimeDlyResume
                0x0401844c                OSTimeGet
                0x040184b0                OSTimeSet
 .text          0x04018514       0xd0 ../Test_bsp/\libucosii_bsp.a(alt_sys_init.o)
                0x04018514                alt_irq_init
                0x04018548                alt_sys_init
 .text          0x040185e4      0x934 ../Test_bsp/\libucosii_bsp.a(altera_avalon_epcs_flash_controller.o)
                0x040185e4                alt_epcs_flash_init
                0x04018964                alt_epcs_flash_write
                0x04018be4                alt_epcs_flash_get_info
                0x04018c74                alt_epcs_flash_erase_block
                0x04018d7c                alt_epcs_flash_write_block
                0x04018e8c                alt_epcs_flash_read
 .text          0x04018f18      0x148 ../Test_bsp/\libucosii_bsp.a(altera_avalon_jtag_uart_fd.o)
                0x04018f18                altera_avalon_jtag_uart_read_fd
                0x04018f70                altera_avalon_jtag_uart_write_fd
                0x04018fc8                altera_avalon_jtag_uart_close_fd
                0x04019010                altera_avalon_jtag_uart_ioctl_fd
 .text          0x04019060      0x584 ../Test_bsp/\libucosii_bsp.a(altera_avalon_jtag_uart_init.o)
                0x04019060                altera_avalon_jtag_uart_init
                0x04019570                altera_avalon_jtag_uart_close
 .text          0x040195e4       0xf4 ../Test_bsp/\libucosii_bsp.a(altera_avalon_jtag_uart_ioctl.o)
                0x040195e4                altera_avalon_jtag_uart_ioctl
 .text          0x040196d8      0x2c0 ../Test_bsp/\libucosii_bsp.a(altera_avalon_jtag_uart_read.o)
                0x040196d8                altera_avalon_jtag_uart_read
 .text          0x04019998      0x2dc ../Test_bsp/\libucosii_bsp.a(altera_avalon_jtag_uart_write.o)
                0x04019998                altera_avalon_jtag_uart_write
 .text          0x04019c74      0x100 ../Test_bsp/\libucosii_bsp.a(altera_avalon_timer_sc.o)
                0x04019ce4                alt_avalon_timer_sc_init
 .text          0x04019d74      0x460 ../Test_bsp/\libucosii_bsp.a(epcs_commands.o)
                0x04019d74                epcs_read_status_register
                0x04019dd4                epcs_sector_erase
                0x04019ec0                epcs_read_buffer
                0x04019f74                epcs_write_enable
                0x04019fc4                epcs_write_status_register
                0x0401a028                epcs_write_buffer
                0x0401a100                epcs_read_electronic_signature
                0x0401a16c                epcs_read_device_id
 .text          0x0401a1d4      0x154 ../Test_bsp/\libucosii_bsp.a(alt_alarm_start.o)
                0x0401a1d4                alt_alarm_start
 .text          0x0401a328      0x114 ../Test_bsp/\libucosii_bsp.a(alt_dev_llist_insert.o)
                0x0401a328                alt_dev_llist_insert
 .text          0x0401a43c       0x64 ../Test_bsp/\libucosii_bsp.a(alt_do_ctors.o)
                0x0401a43c                _do_ctors
 .text          0x0401a4a0       0x64 ../Test_bsp/\libucosii_bsp.a(alt_do_dtors.o)
                0x0401a4a0                _do_dtors
 .text          0x0401a504       0xd0 ../Test_bsp/\libucosii_bsp.a(alt_flash_dev.o)
                0x0401a504                alt_flash_open_dev
                0x0401a580                alt_flash_close_dev
 .text          0x0401a5d4      0x1d4 ../Test_bsp/\libucosii_bsp.a(alt_iic.o)
                0x0401a5d4                alt_ic_isr_register
                0x0401a624                alt_ic_irq_enable
                0x0401a6c0                alt_ic_irq_disable
                0x0401a760                alt_ic_irq_enabled
 .text          0x0401a7a8       0xf8 ../Test_bsp/\libucosii_bsp.a(alt_iic_isr_register.o)
                0x0401a7a8                alt_iic_isr_register
 .text          0x0401a8a0      0x13c ../Test_bsp/\libucosii_bsp.a(alt_io_redirect.o)
                0x0401a964                alt_io_redirect
 .text          0x0401a9dc        0x0 ../Test_bsp/\libucosii_bsp.a(alt_irq_entry.o)
 .text          0x0401a9dc        0x0 ../Test_bsp/\libucosii_bsp.a(alt_irq_handler.o)
 .text          0x0401a9dc        0x0 ../Test_bsp/\libucosii_bsp.a(alt_irq_vars.o)
 .text          0x0401a9dc      0x2c4 ../Test_bsp/\libucosii_bsp.a(alt_open.o)
                0x0401aab8                open
 .text          0x0401aca0      0x1a8 ../Test_bsp/\libucosii_bsp.a(alt_tick.o)
                0x0401aca0                alt_alarm_stop
                0x0401ad38                alt_tick
 .text          0x0401ae48       0x20 ../Test_bsp/\libucosii_bsp.a(altera_nios2_irq.o)
                0x0401ae48                altera_nios2_irq_init
 .text          0x0401ae68       0xd0 ../Test_bsp/\libucosii_bsp.a(os_cpu_a.o)
                0x0401ae68                OSCtxSw
                0x0401ae68                OSIntCtxSw
                0x0401aef4                OSStartHighRdy
                0x0401af14                OSStartTsk
 .text          0x0401af38      0x418 ../Test_bsp/\libucosii_bsp.a(os_cpu_c.o)
                0x0401af38                OSTaskStkInit
                0x0401b248                OSTaskCreateHook
                0x0401b268                OSTaskDelHook
                0x0401b288                OSTaskSwHook
                0x0401b2a4                OSTaskStatHook
                0x0401b2c0                OSTimeTickHook
                0x0401b2dc                OSInitHookBegin
                0x0401b2f8                OSInitHookEnd
                0x0401b314                OSTaskIdleHook
                0x0401b330                OSTCBInitHook
 .text          0x0401b350      0x238 ../Test_bsp/\libucosii_bsp.a(altera_avalon_spi.o)
                0x0401b350                alt_avalon_spi_command
 .text          0x0401b588        0x0 ../Test_bsp/\libucosii_bsp.a(alt_exception_entry.o)
 .text          0x0401b588       0x94 ../Test_bsp/\libucosii_bsp.a(alt_find_dev.o)
                0x0401b588                alt_find_dev
 .text          0x0401b61c      0x120 ../Test_bsp/\libucosii_bsp.a(alt_find_file.o)
                0x0401b61c                alt_find_file
 .text          0x0401b73c       0xf4 ../Test_bsp/\libucosii_bsp.a(alt_get_fd.o)
                0x0401b73c                alt_get_fd
 .text          0x0401b830       0x14 c:/altera/11.0sp1/nios2eds/bin/gnu/h-i686-mingw32/bin/../lib/gcc/nios2-elf/4.1.2/../../../../nios2-elf/lib\libc.a(lib_a-atexit.o)
                0x0401b830                atexit
 .text          0x0401b844       0x38 c:/altera/11.0sp1/nios2eds/bin/gnu/h-i686-mingw32/bin/../lib/gcc/nios2-elf/4.1.2/../../../../nios2-elf/lib\libc.a(lib_a-exit.o)
                0x0401b844                exit
 .text          0x0401b87c       0x74 c:/altera/11.0sp1/nios2eds/bin/gnu/h-i686-mingw32/bin/../lib/gcc/nios2-elf/4.1.2/../../../../nios2-elf/lib\libc.a(lib_a-memcmp.o)
                0x0401b87c                memcmp
 .text          0x0401b8f0      0x134 c:/altera/11.0sp1/nios2eds/bin/gnu/h-i686-mingw32/bin/../lib/gcc/nios2-elf/4.1.2/../../../../nios2-elf/lib\libc.a(lib_a-__atexit.o)
                0x0401b8f0                __register_exitproc
 .text          0x0401ba24      0x1b4 c:/altera/11.0sp1/nios2eds/bin/gnu/h-i686-mingw32/bin/../lib/gcc/nios2-elf/4.1.2/../../../../nios2-elf/lib\libc.a(lib_a-__call_atexit.o)
                0x0401ba28                __call_exitprocs
 .text          0x0401bbd8       0x6c ../Test_bsp/\libucosii_bsp.a(alt_exit.o)
                0x0401bc18                _exit
 *(.gnu.warning.*)
 *(.fini)
                0x0401bc44                PROVIDE (__etext, ABSOLUTE (.))
                0x0401bc44                PROVIDE (_etext, ABSOLUTE (.))
                0x0401bc44                PROVIDE (etext, ABSOLUTE (.))
 *(.eh_frame_hdr)
                0x0401bc44                . = ALIGN (0x4)
                0x0401bc44                PROVIDE (__preinit_array_start, ABSOLUTE (.))
 *(.preinit_array)
                0x0401bc44                PROVIDE (__preinit_array_end, ABSOLUTE (.))
                0x0401bc44                PROVIDE (__init_array_start, ABSOLUTE (.))
 *(.init_array)
                0x0401bc44                PROVIDE (__init_array_end, ABSOLUTE (.))
                0x0401bc44                PROVIDE (__fini_array_start, ABSOLUTE (.))
 *(.fini_array)
                0x0401bc44                PROVIDE (__fini_array_end, ABSOLUTE (.))
 *(.eh_frame)
 .eh_frame      0x0401bc44       0x40 c:/altera/11.0sp1/nios2eds/bin/gnu/h-i686-mingw32/bin/../lib/gcc/nios2-elf/4.1.2\libgcc.a(_udivdi3.o)
 .eh_frame      0x0401bc84       0x2c c:/altera/11.0sp1/nios2eds/bin/gnu/h-i686-mingw32/bin/../lib/gcc/nios2-elf/4.1.2\libgcc.a(_umoddi3.o)
                                 0x40 (size before relaxing)
 *(.gcc_except_table)
 *(.dynamic)
                0x0401bcb0                PROVIDE (__CTOR_LIST__, ABSOLUTE (.))
 *(.ctors)
 *(SORT(.ctors.*))
 .ctors.65535   0x0401bcb0        0x4 c:/altera/11.0sp1/nios2eds/bin/gnu/h-i686-mingw32/bin/../lib/gcc/nios2-elf/4.1.2/../../../../nios2-elf/lib\libc.a(lib_a-__call_atexit.o)
                0x0401bcb4                PROVIDE (__CTOR_END__, ABSOLUTE (.))
                0x0401bcb4                PROVIDE (__DTOR_LIST__, ABSOLUTE (.))
 *(.dtors)
 *(SORT(.dtors.*))
                0x0401bcb4                PROVIDE (__DTOR_END__, ABSOLUTE (.))
 *(.jcr)
                0x0401bcb4                . = ALIGN (0x4)

.rodata         0x0401bcb4      0x844
                0x0401bcb4                PROVIDE (__ram_rodata_start, ABSOLUTE (.))
                0x0401bcb4                . = ALIGN (0x4)
 *(.rodata .rodata.* .gnu.linkonce.r.*)
 .rodata        0x0401bcb4       0xb8 obj/hello_ucosii.o
 .rodata.str1.4
                0x0401bd6c        0x2 c:/altera/11.0sp1/nios2eds/bin/gnu/h-i686-mingw32/bin/../lib/gcc/nios2-elf/4.1.2/../../../../nios2-elf/lib\libc.a(lib_a-puts.o)
                                  0x4 (size before relaxing)
 *fill*         0x0401bd6e        0x2 00
 .rodata.str1.4
                0x0401bd70       0x5e c:/altera/11.0sp1/nios2eds/bin/gnu/h-i686-mingw32/bin/../lib/gcc/nios2-elf/4.1.2/../../../../nios2-elf/lib\libc.a(lib_a-vfprintf.o)
                                 0x60 (size before relaxing)
 .rodata        0x0401bdce       0x20 c:/altera/11.0sp1/nios2eds/bin/gnu/h-i686-mingw32/bin/../lib/gcc/nios2-elf/4.1.2/../../../../nios2-elf/lib\libc.a(lib_a-vfprintf.o)
 *fill*         0x0401bdee        0x2 00
 .rodata.str1.4
                0x0401bdf0        0x5 c:/altera/11.0sp1/nios2eds/bin/gnu/h-i686-mingw32/bin/../lib/gcc/nios2-elf/4.1.2/../../../../nios2-elf/lib\libc.a(lib_a-vfscanf.o)
                                  0x8 (size before relaxing)
 *fill*         0x0401bdf5        0x1 00
 .rodata        0x0401bdf6       0x22 c:/altera/11.0sp1/nios2eds/bin/gnu/h-i686-mingw32/bin/../lib/gcc/nios2-elf/4.1.2/../../../../nios2-elf/lib\libc.a(lib_a-vfscanf.o)
 .rodata        0x0401be18      0x281 c:/altera/11.0sp1/nios2eds/bin/gnu/h-i686-mingw32/bin/../lib/gcc/nios2-elf/4.1.2/../../../../nios2-elf/lib\libc.a(lib_a-ctype_.o)
                0x0401be18                _ctype_
 *fill*         0x0401c099        0x3 00
 .rodata.str1.4
                0x0401c09c       0x10 c:/altera/11.0sp1/nios2eds/bin/gnu/h-i686-mingw32/bin/../lib/gcc/nios2-elf/4.1.2/../../../../nios2-elf/lib\libc.a(lib_a-dtoa.o)
                                 0x14 (size before relaxing)
 .rodata.str1.4
                0x0401c0ac        0x2 c:/altera/11.0sp1/nios2eds/bin/gnu/h-i686-mingw32/bin/../lib/gcc/nios2-elf/4.1.2/../../../../nios2-elf/lib\libc.a(lib_a-impure.o)
                                  0x4 (size before relaxing)
 *fill*         0x0401c0ae        0x2 00
 .rodata.str1.4
                0x0401c0b0        0xf c:/altera/11.0sp1/nios2eds/bin/gnu/h-i686-mingw32/bin/../lib/gcc/nios2-elf/4.1.2/../../../../nios2-elf/lib\libc.a(lib_a-locale.o)
                                 0x18 (size before relaxing)
 *fill*         0x0401c0bf        0x1 00
 .rodata        0x0401c0c0       0x30 c:/altera/11.0sp1/nios2eds/bin/gnu/h-i686-mingw32/bin/../lib/gcc/nios2-elf/4.1.2/../../../../nios2-elf/lib\libc.a(lib_a-locale.o)
 .rodata.str1.4
                0x00000000        0x4 c:/altera/11.0sp1/nios2eds/bin/gnu/h-i686-mingw32/bin/../lib/gcc/nios2-elf/4.1.2/../../../../nios2-elf/lib\libc.a(lib_a-mbrtowc.o)
 .rodata        0x0401c0f0      0x124 c:/altera/11.0sp1/nios2eds/bin/gnu/h-i686-mingw32/bin/../lib/gcc/nios2-elf/4.1.2/../../../../nios2-elf/lib\libc.a(lib_a-mprec.o)
                0x0401c0f0                __mprec_tens
                0x0401c1b8                __mprec_bigtens
                0x0401c1e0                __mprec_tinytens
 .rodata.str1.4
                0x0401c214        0xf c:/altera/11.0sp1/nios2eds/bin/gnu/h-i686-mingw32/bin/../lib/gcc/nios2-elf/4.1.2/../../../../nios2-elf/lib\libc.a(lib_a-strtod.o)
                                 0x10 (size before relaxing)
 *fill*         0x0401c223        0x1 00
 .rodata        0x0401c224       0x28 c:/altera/11.0sp1/nios2eds/bin/gnu/h-i686-mingw32/bin/../lib/gcc/nios2-elf/4.1.2/../../../../nios2-elf/lib\libc.a(lib_a-strtod.o)
 .rodata.str1.4
                0x0401c24c       0x1c c:/altera/11.0sp1/nios2eds/bin/gnu/h-i686-mingw32/bin/../lib/gcc/nios2-elf/4.1.2/../../../../nios2-elf/lib\libc.a(lib_a-gdtoa-gethex.o)
 .rodata        0x0401c268       0x14 c:/altera/11.0sp1/nios2eds/bin/gnu/h-i686-mingw32/bin/../lib/gcc/nios2-elf/4.1.2\libgcc.a(_thenan_df.o)
                0x0401c268                __thenan_df
 .rodata        0x0401c27c      0x100 c:/altera/11.0sp1/nios2eds/bin/gnu/h-i686-mingw32/bin/../lib/gcc/nios2-elf/4.1.2\libgcc.a(_clz.o)
                0x0401c27c                __clz_tab
 .rodata        0x0401c37c        0xc ../Test_bsp/\libucosii_bsp.a(alt_dev.o)
 .rodata        0x0401c388       0x10 ../Test_bsp/\libucosii_bsp.a(alt_main.o)
 .rodata        0x0401c398      0x140 ../Test_bsp/\libucosii_bsp.a(os_core.o)
                0x0401c398                OSUnMapTbl
 .rodata        0x0401c4d8       0x1c ../Test_bsp/\libucosii_bsp.a(alt_sys_init.o)
 .rodata        0x0401c4f4        0x4 ../Test_bsp/\libucosii_bsp.a(os_cpu_c.o)
 *(.rodata1)
                0x0401c4f8                . = ALIGN (0x4)
                0x0401c4f8                PROVIDE (__ram_rodata_end, ABSOLUTE (.))
                0x0401bcb4                PROVIDE (__flash_rodata_start, LOADADDR (.rodata))

.rwdata         0x0401c4f8     0x1bf4
                0x0401c4f8                PROVIDE (__ram_rwdata_start, ABSOLUTE (.))
                0x0401c4f8                . = ALIGN (0x4)
 *(.got.plt)
 *(.got)
 *(.data1)
 *(.data .data.* .gnu.linkonce.d.*)
 .data          0x0401c4f8        0x0 ../Test_bsp//obj/HAL/src/crt0.o
 .data          0x0401c4f8       0x18 obj/hello_ucosii.o
                0x0401c4f8                task_data
 .data          0x0401c510        0x0 c:/altera/11.0sp1/nios2eds/bin/gnu/h-i686-mingw32/bin/../lib/gcc/nios2-elf/4.1.2/../../../../nios2-elf/lib\libc.a(lib_a-printf.o)
 .data          0x0401c510        0x0 c:/altera/11.0sp1/nios2eds/bin/gnu/h-i686-mingw32/bin/../lib/gcc/nios2-elf/4.1.2/../../../../nios2-elf/lib\libc.a(lib_a-puts.o)
 .data          0x0401c510        0x0 c:/altera/11.0sp1/nios2eds/bin/gnu/h-i686-mingw32/bin/../lib/gcc/nios2-elf/4.1.2/../../../../nios2-elf/lib\libc.a(lib_a-sscanf.o)
 .data          0x0401c510        0x0 c:/altera/11.0sp1/nios2eds/bin/gnu/h-i686-mingw32/bin/../lib/gcc/nios2-elf/4.1.2/../../../../nios2-elf/lib\libc.a(lib_a-strlen.o)
 .data          0x0401c510        0x0 c:/altera/11.0sp1/nios2eds/bin/gnu/h-i686-mingw32/bin/../lib/gcc/nios2-elf/4.1.2/../../../../nios2-elf/lib\libc.a(lib_a-vfprintf.o)
 .data          0x0401c510        0x0 c:/altera/11.0sp1/nios2eds/bin/gnu/h-i686-mingw32/bin/../lib/gcc/nios2-elf/4.1.2/../../../../nios2-elf/lib\libc.a(lib_a-vfscanf.o)
 .data          0x0401c510        0x0 c:/altera/11.0sp1/nios2eds/bin/gnu/h-i686-mingw32/bin/../lib/gcc/nios2-elf/4.1.2/../../../../nios2-elf/lib\libc.a(lib_a-wsetup.o)
 .data          0x0401c510        0x0 c:/altera/11.0sp1/nios2eds/bin/gnu/h-i686-mingw32/bin/../lib/gcc/nios2-elf/4.1.2/../../../../nios2-elf/lib\libc.a(lib_a-ctype_.o)
 .data          0x0401c510        0x0 c:/altera/11.0sp1/nios2eds/bin/gnu/h-i686-mingw32/bin/../lib/gcc/nios2-elf/4.1.2/../../../../nios2-elf/lib\libc.a(lib_a-dtoa.o)
 .data          0x0401c510        0x0 c:/altera/11.0sp1/nios2eds/bin/gnu/h-i686-mingw32/bin/../lib/gcc/nios2-elf/4.1.2/../../../../nios2-elf/lib\libc.a(lib_a-fflush.o)
 .data          0x0401c510        0x0 c:/altera/11.0sp1/nios2eds/bin/gnu/h-i686-mingw32/bin/../lib/gcc/nios2-elf/4.1.2/../../../../nios2-elf/lib\libc.a(lib_a-findfp.o)
 .data          0x0401c510        0x0 c:/altera/11.0sp1/nios2eds/bin/gnu/h-i686-mingw32/bin/../lib/gcc/nios2-elf/4.1.2/../../../../nios2-elf/lib\libc.a(lib_a-fread.o)
 .data          0x0401c510        0x0 c:/altera/11.0sp1/nios2eds/bin/gnu/h-i686-mingw32/bin/../lib/gcc/nios2-elf/4.1.2/../../../../nios2-elf/lib\libc.a(lib_a-freer.o)
 .data          0x0401c510        0x0 c:/altera/11.0sp1/nios2eds/bin/gnu/h-i686-mingw32/bin/../lib/gcc/nios2-elf/4.1.2/../../../../nios2-elf/lib\libc.a(lib_a-fvwrite.o)
 .data          0x0401c510        0x0 c:/altera/11.0sp1/nios2eds/bin/gnu/h-i686-mingw32/bin/../lib/gcc/nios2-elf/4.1.2/../../../../nios2-elf/lib\libc.a(lib_a-fwalk.o)
 .data          0x0401c510      0x400 c:/altera/11.0sp1/nios2eds/bin/gnu/h-i686-mingw32/bin/../lib/gcc/nios2-elf/4.1.2/../../../../nios2-elf/lib\libc.a(lib_a-impure.o)
 .data          0x0401c910        0x0 c:/altera/11.0sp1/nios2eds/bin/gnu/h-i686-mingw32/bin/../lib/gcc/nios2-elf/4.1.2/../../../../nios2-elf/lib\libc.a(lib_a-iswspace.o)
 .data          0x0401c910        0xc c:/altera/11.0sp1/nios2eds/bin/gnu/h-i686-mingw32/bin/../lib/gcc/nios2-elf/4.1.2/../../../../nios2-elf/lib\libc.a(lib_a-locale.o)
                0x0401c910                __lc_ctype
 .data          0x0401c91c        0x0 c:/altera/11.0sp1/nios2eds/bin/gnu/h-i686-mingw32/bin/../lib/gcc/nios2-elf/4.1.2/../../../../nios2-elf/lib\libc.a(lib_a-makebuf.o)
 .data          0x0401c91c      0x408 c:/altera/11.0sp1/nios2eds/bin/gnu/h-i686-mingw32/bin/../lib/gcc/nios2-elf/4.1.2/../../../../nios2-elf/lib\libc.a(lib_a-mallocr.o)
                0x0401c91c                __malloc_av_
 .data          0x0401cd24        0x0 c:/altera/11.0sp1/nios2eds/bin/gnu/h-i686-mingw32/bin/../lib/gcc/nios2-elf/4.1.2/../../../../nios2-elf/lib\libc.a(lib_a-mbrtowc.o)
 .data          0x0401cd24        0x0 c:/altera/11.0sp1/nios2eds/bin/gnu/h-i686-mingw32/bin/../lib/gcc/nios2-elf/4.1.2/../../../../nios2-elf/lib\libc.a(lib_a-mbtowc_r.o)
 .data          0x0401cd24        0x0 c:/altera/11.0sp1/nios2eds/bin/gnu/h-i686-mingw32/bin/../lib/gcc/nios2-elf/4.1.2/../../../../nios2-elf/lib\libc.a(lib_a-memchr.o)
 .data          0x0401cd24        0x0 c:/altera/11.0sp1/nios2eds/bin/gnu/h-i686-mingw32/bin/../lib/gcc/nios2-elf/4.1.2/../../../../nios2-elf/lib\libc.a(lib_a-memcpy.o)
 .data          0x0401cd24        0x0 c:/altera/11.0sp1/nios2eds/bin/gnu/h-i686-mingw32/bin/../lib/gcc/nios2-elf/4.1.2/../../../../nios2-elf/lib\libc.a(lib_a-memmove.o)
 .data          0x0401cd24        0x0 c:/altera/11.0sp1/nios2eds/bin/gnu/h-i686-mingw32/bin/../lib/gcc/nios2-elf/4.1.2/../../../../nios2-elf/lib\libc.a(lib_a-memset.o)
 .data          0x0401cd24        0x0 c:/altera/11.0sp1/nios2eds/bin/gnu/h-i686-mingw32/bin/../lib/gcc/nios2-elf/4.1.2/../../../../nios2-elf/lib\libc.a(lib_a-mprec.o)
 .data          0x0401cd24        0x0 c:/altera/11.0sp1/nios2eds/bin/gnu/h-i686-mingw32/bin/../lib/gcc/nios2-elf/4.1.2/../../../../nios2-elf/lib\libc.a(lib_a-reallocr.o)
 .data          0x0401cd24        0x0 c:/altera/11.0sp1/nios2eds/bin/gnu/h-i686-mingw32/bin/../lib/gcc/nios2-elf/4.1.2/../../../../nios2-elf/lib\libc.a(lib_a-refill.o)
 .data          0x0401cd24        0x0 c:/altera/11.0sp1/nios2eds/bin/gnu/h-i686-mingw32/bin/../lib/gcc/nios2-elf/4.1.2/../../../../nios2-elf/lib\libc.a(lib_a-s_isinfd.o)
 .data          0x0401cd24        0x0 c:/altera/11.0sp1/nios2eds/bin/gnu/h-i686-mingw32/bin/../lib/gcc/nios2-elf/4.1.2/../../../../nios2-elf/lib\libc.a(lib_a-s_isnand.o)
 .data          0x0401cd24        0x0 c:/altera/11.0sp1/nios2eds/bin/gnu/h-i686-mingw32/bin/../lib/gcc/nios2-elf/4.1.2/../../../../nios2-elf/lib\libc.a(lib_a-sbrkr.o)
 .data          0x0401cd24        0x0 c:/altera/11.0sp1/nios2eds/bin/gnu/h-i686-mingw32/bin/../lib/gcc/nios2-elf/4.1.2/../../../../nios2-elf/lib\libc.a(lib_a-sccl.o)
 .data          0x0401cd24        0x0 c:/altera/11.0sp1/nios2eds/bin/gnu/h-i686-mingw32/bin/../lib/gcc/nios2-elf/4.1.2/../../../../nios2-elf/lib\libc.a(lib_a-sf_nan.o)
 .data          0x0401cd24        0x0 c:/altera/11.0sp1/nios2eds/bin/gnu/h-i686-mingw32/bin/../lib/gcc/nios2-elf/4.1.2/../../../../nios2-elf/lib\libc.a(lib_a-sprintf.o)
 .data          0x0401cd24        0x0 c:/altera/11.0sp1/nios2eds/bin/gnu/h-i686-mingw32/bin/../lib/gcc/nios2-elf/4.1.2/../../../../nios2-elf/lib\libc.a(lib_a-stdio.o)
 .data          0x0401cd24        0x0 c:/altera/11.0sp1/nios2eds/bin/gnu/h-i686-mingw32/bin/../lib/gcc/nios2-elf/4.1.2/../../../../nios2-elf/lib\libc.a(lib_a-strcmp.o)
 .data          0x0401cd24       0x28 c:/altera/11.0sp1/nios2eds/bin/gnu/h-i686-mingw32/bin/../lib/gcc/nios2-elf/4.1.2/../../../../nios2-elf/lib\libc.a(lib_a-strtod.o)
 .data          0x0401cd4c        0x0 c:/altera/11.0sp1/nios2eds/bin/gnu/h-i686-mingw32/bin/../lib/gcc/nios2-elf/4.1.2/../../../../nios2-elf/lib\libc.a(lib_a-strtol.o)
 .data          0x0401cd4c        0x0 c:/altera/11.0sp1/nios2eds/bin/gnu/h-i686-mingw32/bin/../lib/gcc/nios2-elf/4.1.2/../../../../nios2-elf/lib\libc.a(lib_a-strtoll_r.o)
 .data          0x0401cd4c        0x0 c:/altera/11.0sp1/nios2eds/bin/gnu/h-i686-mingw32/bin/../lib/gcc/nios2-elf/4.1.2/../../../../nios2-elf/lib\libc.a(lib_a-strtoul.o)
 .data          0x0401cd4c        0x0 c:/altera/11.0sp1/nios2eds/bin/gnu/h-i686-mingw32/bin/../lib/gcc/nios2-elf/4.1.2/../../../../nios2-elf/lib\libc.a(lib_a-strtoull_r.o)
 .data          0x0401cd4c        0x0 c:/altera/11.0sp1/nios2eds/bin/gnu/h-i686-mingw32/bin/../lib/gcc/nios2-elf/4.1.2/../../../../nios2-elf/lib\libc.a(lib_a-ungetc.o)
 .data          0x0401cd4c        0x0 c:/altera/11.0sp1/nios2eds/bin/gnu/h-i686-mingw32/bin/../lib/gcc/nios2-elf/4.1.2/../../../../nios2-elf/lib\libc.a(lib_a-writer.o)
 .data          0x0401cd4c        0x0 c:/altera/11.0sp1/nios2eds/bin/gnu/h-i686-mingw32/bin/../lib/gcc/nios2-elf/4.1.2/../../../../nios2-elf/lib\libc.a(lib_a-callocr.o)
 .data          0x0401cd4c        0x0 c:/altera/11.0sp1/nios2eds/bin/gnu/h-i686-mingw32/bin/../lib/gcc/nios2-elf/4.1.2/../../../../nios2-elf/lib\libc.a(lib_a-closer.o)
 .data          0x0401cd4c        0x0 c:/altera/11.0sp1/nios2eds/bin/gnu/h-i686-mingw32/bin/../lib/gcc/nios2-elf/4.1.2/../../../../nios2-elf/lib\libc.a(lib_a-fclose.o)
 .data          0x0401cd4c        0x0 c:/altera/11.0sp1/nios2eds/bin/gnu/h-i686-mingw32/bin/../lib/gcc/nios2-elf/4.1.2/../../../../nios2-elf/lib\libc.a(lib_a-fstatr.o)
 .data          0x0401cd4c        0x0 c:/altera/11.0sp1/nios2eds/bin/gnu/h-i686-mingw32/bin/../lib/gcc/nios2-elf/4.1.2/../../../../nios2-elf/lib\libc.a(lib_a-gdtoa-gethex.o)
 .data          0x0401cd4c        0x0 c:/altera/11.0sp1/nios2eds/bin/gnu/h-i686-mingw32/bin/../lib/gcc/nios2-elf/4.1.2/../../../../nios2-elf/lib\libc.a(lib_a-gdtoa-hexnan.o)
 .data          0x0401cd4c        0x0 c:/altera/11.0sp1/nios2eds/bin/gnu/h-i686-mingw32/bin/../lib/gcc/nios2-elf/4.1.2/../../../../nios2-elf/lib\libc.a(lib_a-int_errno.o)
 .data          0x0401cd4c        0x0 c:/altera/11.0sp1/nios2eds/bin/gnu/h-i686-mingw32/bin/../lib/gcc/nios2-elf/4.1.2/../../../../nios2-elf/lib\libc.a(lib_a-isattyr.o)
 .data          0x0401cd4c        0x0 c:/altera/11.0sp1/nios2eds/bin/gnu/h-i686-mingw32/bin/../lib/gcc/nios2-elf/4.1.2/../../../../nios2-elf/lib\libc.a(lib_a-lseekr.o)
 .data          0x0401cd4c        0x0 c:/altera/11.0sp1/nios2eds/bin/gnu/h-i686-mingw32/bin/../lib/gcc/nios2-elf/4.1.2/../../../../nios2-elf/lib\libc.a(lib_a-readr.o)
 .data          0x0401cd4c        0x0 c:/altera/11.0sp1/nios2eds/bin/gnu/h-i686-mingw32/bin/../lib/gcc/nios2-elf/4.1.2\libgcc.a(_muldi3.o)
 .data          0x0401cd4c        0x0 c:/altera/11.0sp1/nios2eds/bin/gnu/h-i686-mingw32/bin/../lib/gcc/nios2-elf/4.1.2\libgcc.a(_fixunsdfsi.o)
 .data          0x0401cd4c        0x0 c:/altera/11.0sp1/nios2eds/bin/gnu/h-i686-mingw32/bin/../lib/gcc/nios2-elf/4.1.2\libgcc.a(_udivdi3.o)
 .data          0x0401cd4c        0x0 c:/altera/11.0sp1/nios2eds/bin/gnu/h-i686-mingw32/bin/../lib/gcc/nios2-elf/4.1.2\libgcc.a(_umoddi3.o)
 .data          0x0401cd4c        0x0 c:/altera/11.0sp1/nios2eds/bin/gnu/h-i686-mingw32/bin/../lib/gcc/nios2-elf/4.1.2\libgcc.a(_ne_sf.o)
 .data          0x0401cd4c        0x0 c:/altera/11.0sp1/nios2eds/bin/gnu/h-i686-mingw32/bin/../lib/gcc/nios2-elf/4.1.2\libgcc.a(_gt_sf.o)
 .data          0x0401cd4c        0x0 c:/altera/11.0sp1/nios2eds/bin/gnu/h-i686-mingw32/bin/../lib/gcc/nios2-elf/4.1.2\libgcc.a(_lt_sf.o)
 .data          0x0401cd4c        0x0 c:/altera/11.0sp1/nios2eds/bin/gnu/h-i686-mingw32/bin/../lib/gcc/nios2-elf/4.1.2\libgcc.a(_addsub_df.o)
 .data          0x0401cd4c        0x0 c:/altera/11.0sp1/nios2eds/bin/gnu/h-i686-mingw32/bin/../lib/gcc/nios2-elf/4.1.2\libgcc.a(_mul_df.o)
 .data          0x0401cd4c        0x0 c:/altera/11.0sp1/nios2eds/bin/gnu/h-i686-mingw32/bin/../lib/gcc/nios2-elf/4.1.2\libgcc.a(_div_df.o)
 .data          0x0401cd4c        0x0 c:/altera/11.0sp1/nios2eds/bin/gnu/h-i686-mingw32/bin/../lib/gcc/nios2-elf/4.1.2\libgcc.a(_eq_df.o)
 .data          0x0401cd4c        0x0 c:/altera/11.0sp1/nios2eds/bin/gnu/h-i686-mingw32/bin/../lib/gcc/nios2-elf/4.1.2\libgcc.a(_ne_df.o)
 .data          0x0401cd4c        0x0 c:/altera/11.0sp1/nios2eds/bin/gnu/h-i686-mingw32/bin/../lib/gcc/nios2-elf/4.1.2\libgcc.a(_gt_df.o)
 .data          0x0401cd4c        0x0 c:/altera/11.0sp1/nios2eds/bin/gnu/h-i686-mingw32/bin/../lib/gcc/nios2-elf/4.1.2\libgcc.a(_ge_df.o)
 .data          0x0401cd4c        0x0 c:/altera/11.0sp1/nios2eds/bin/gnu/h-i686-mingw32/bin/../lib/gcc/nios2-elf/4.1.2\libgcc.a(_lt_df.o)
 .data          0x0401cd4c        0x0 c:/altera/11.0sp1/nios2eds/bin/gnu/h-i686-mingw32/bin/../lib/gcc/nios2-elf/4.1.2\libgcc.a(_le_df.o)
 .data          0x0401cd4c        0x0 c:/altera/11.0sp1/nios2eds/bin/gnu/h-i686-mingw32/bin/../lib/gcc/nios2-elf/4.1.2\libgcc.a(_si_to_df.o)
 .data          0x0401cd4c        0x0 c:/altera/11.0sp1/nios2eds/bin/gnu/h-i686-mingw32/bin/../lib/gcc/nios2-elf/4.1.2\libgcc.a(_df_to_si.o)
 .data          0x0401cd4c        0x0 c:/altera/11.0sp1/nios2eds/bin/gnu/h-i686-mingw32/bin/../lib/gcc/nios2-elf/4.1.2\libgcc.a(_df_to_sf.o)
 .data          0x0401cd4c        0x0 c:/altera/11.0sp1/nios2eds/bin/gnu/h-i686-mingw32/bin/../lib/gcc/nios2-elf/4.1.2\libgcc.a(_thenan_df.o)
 .data          0x0401cd4c        0x0 c:/altera/11.0sp1/nios2eds/bin/gnu/h-i686-mingw32/bin/../lib/gcc/nios2-elf/4.1.2\libgcc.a(_usi_to_df.o)
 .data          0x0401cd4c        0x0 c:/altera/11.0sp1/nios2eds/bin/gnu/h-i686-mingw32/bin/../lib/gcc/nios2-elf/4.1.2\libgcc.a(lib2-divmod.o)
 .data          0x0401cd4c        0x0 c:/altera/11.0sp1/nios2eds/bin/gnu/h-i686-mingw32/bin/../lib/gcc/nios2-elf/4.1.2\libgcc.a(_clz.o)
 .data          0x0401cd4c        0x0 c:/altera/11.0sp1/nios2eds/bin/gnu/h-i686-mingw32/bin/../lib/gcc/nios2-elf/4.1.2\libgcc.a(_clzsi2.o)
 .data          0x0401cd4c        0x0 c:/altera/11.0sp1/nios2eds/bin/gnu/h-i686-mingw32/bin/../lib/gcc/nios2-elf/4.1.2\libgcc.a(_unpack_sf.o)
 .data          0x0401cd4c        0x0 c:/altera/11.0sp1/nios2eds/bin/gnu/h-i686-mingw32/bin/../lib/gcc/nios2-elf/4.1.2\libgcc.a(_fpcmp_parts_sf.o)
 .data          0x0401cd4c        0x0 c:/altera/11.0sp1/nios2eds/bin/gnu/h-i686-mingw32/bin/../lib/gcc/nios2-elf/4.1.2\libgcc.a(_make_sf.o)
 .data          0x0401cd4c        0x0 c:/altera/11.0sp1/nios2eds/bin/gnu/h-i686-mingw32/bin/../lib/gcc/nios2-elf/4.1.2\libgcc.a(_pack_df.o)
 .data          0x0401cd4c        0x0 c:/altera/11.0sp1/nios2eds/bin/gnu/h-i686-mingw32/bin/../lib/gcc/nios2-elf/4.1.2\libgcc.a(_unpack_df.o)
 .data          0x0401cd4c        0x0 c:/altera/11.0sp1/nios2eds/bin/gnu/h-i686-mingw32/bin/../lib/gcc/nios2-elf/4.1.2\libgcc.a(_fpcmp_parts_df.o)
 .data          0x0401cd4c        0x0 c:/altera/11.0sp1/nios2eds/bin/gnu/h-i686-mingw32/bin/../lib/gcc/nios2-elf/4.1.2\libgcc.a(_pack_sf.o)
 .data          0x0401cd4c        0x0 ../Test_bsp/\libucosii_bsp.a(alt_close.o)
 .data          0x0401cd4c      0x1a8 ../Test_bsp/\libucosii_bsp.a(alt_dev.o)
                0x0401cd4c                alt_dev_null
                0x0401cd74                alt_fd_list
 .data          0x0401cef4        0x0 ../Test_bsp/\libucosii_bsp.a(alt_errno.o)
 .data          0x0401cef4        0x0 ../Test_bsp/\libucosii_bsp.a(alt_fstat.o)
 .data          0x0401cef4        0x0 ../Test_bsp/\libucosii_bsp.a(alt_isatty.o)
 .data          0x0401cef4        0x0 ../Test_bsp/\libucosii_bsp.a(alt_lseek.o)
 .data          0x0401cef4        0x0 ../Test_bsp/\libucosii_bsp.a(alt_main.o)
 .data          0x0401cef4        0x0 ../Test_bsp/\libucosii_bsp.a(alt_read.o)
 .data          0x0401cef4        0x0 ../Test_bsp/\libucosii_bsp.a(alt_release_fd.o)
 .data          0x0401cef4        0x0 ../Test_bsp/\libucosii_bsp.a(alt_sbrk.o)
 .data          0x0401cef4        0x0 ../Test_bsp/\libucosii_bsp.a(alt_write.o)
 .data          0x0401cef4        0x0 ../Test_bsp/\libucosii_bsp.a(alt_env_lock.o)
 .data          0x0401cef4        0x0 ../Test_bsp/\libucosii_bsp.a(alt_malloc_lock.o)
 .data          0x0401cef4        0x0 ../Test_bsp/\libucosii_bsp.a(os_core.o)
 .data          0x0401cef4        0x0 ../Test_bsp/\libucosii_bsp.a(os_dbg.o)
 .data          0x0401cef4        0x0 ../Test_bsp/\libucosii_bsp.a(os_flag.o)
 .data          0x0401cef4        0x0 ../Test_bsp/\libucosii_bsp.a(os_mem.o)
 .data          0x0401cef4        0x0 ../Test_bsp/\libucosii_bsp.a(os_q.o)
 .data          0x0401cef4        0x0 ../Test_bsp/\libucosii_bsp.a(os_sem.o)
 .data          0x0401cef4        0x0 ../Test_bsp/\libucosii_bsp.a(os_task.o)
 .data          0x0401cef4        0x0 ../Test_bsp/\libucosii_bsp.a(os_time.o)
 .data          0x0401cef4     0x1130 ../Test_bsp/\libucosii_bsp.a(alt_sys_init.o)
 .data          0x0401e024        0x0 ../Test_bsp/\libucosii_bsp.a(altera_avalon_epcs_flash_controller.o)
 .data          0x0401e024        0x0 ../Test_bsp/\libucosii_bsp.a(altera_avalon_jtag_uart_fd.o)
 .data          0x0401e024        0x0 ../Test_bsp/\libucosii_bsp.a(altera_avalon_jtag_uart_init.o)
 .data          0x0401e024        0x0 ../Test_bsp/\libucosii_bsp.a(altera_avalon_jtag_uart_ioctl.o)
 .data          0x0401e024        0x0 ../Test_bsp/\libucosii_bsp.a(altera_avalon_jtag_uart_read.o)
 .data          0x0401e024        0x0 ../Test_bsp/\libucosii_bsp.a(altera_avalon_jtag_uart_write.o)
 .data          0x0401e024        0x0 ../Test_bsp/\libucosii_bsp.a(altera_avalon_timer_sc.o)
 .data          0x0401e024        0x0 ../Test_bsp/\libucosii_bsp.a(epcs_commands.o)
 .data          0x0401e024        0x0 ../Test_bsp/\libucosii_bsp.a(alt_alarm_start.o)
 .data          0x0401e024        0x0 ../Test_bsp/\libucosii_bsp.a(alt_dev_llist_insert.o)
 .data          0x0401e024        0x0 ../Test_bsp/\libucosii_bsp.a(alt_do_ctors.o)
 .data          0x0401e024        0x0 ../Test_bsp/\libucosii_bsp.a(alt_do_dtors.o)
 .data          0x0401e024        0x0 ../Test_bsp/\libucosii_bsp.a(alt_flash_dev.o)
 .data          0x0401e024        0x0 ../Test_bsp/\libucosii_bsp.a(alt_iic.o)
 .data          0x0401e024        0x0 ../Test_bsp/\libucosii_bsp.a(alt_iic_isr_register.o)
 .data          0x0401e024        0x0 ../Test_bsp/\libucosii_bsp.a(alt_io_redirect.o)
 .data          0x0401e024        0x0 ../Test_bsp/\libucosii_bsp.a(alt_irq_entry.o)
 .data          0x0401e024        0x0 ../Test_bsp/\libucosii_bsp.a(alt_irq_handler.o)
 .data          0x0401e024        0x0 ../Test_bsp/\libucosii_bsp.a(alt_irq_vars.o)
 .data          0x0401e024        0x0 ../Test_bsp/\libucosii_bsp.a(alt_open.o)
 .data          0x0401e024        0x0 ../Test_bsp/\libucosii_bsp.a(alt_tick.o)
 .data          0x0401e024        0x0 ../Test_bsp/\libucosii_bsp.a(altera_nios2_irq.o)
 .data          0x0401e024        0x0 ../Test_bsp/\libucosii_bsp.a(os_cpu_a.o)
 .data          0x0401e024        0x0 ../Test_bsp/\libucosii_bsp.a(os_cpu_c.o)
 .data          0x0401e024        0x0 ../Test_bsp/\libucosii_bsp.a(altera_avalon_spi.o)
 .data          0x0401e024        0x0 ../Test_bsp/\libucosii_bsp.a(alt_exception_entry.o)
 .data          0x0401e024        0x0 ../Test_bsp/\libucosii_bsp.a(alt_find_dev.o)
 .data          0x0401e024        0x0 ../Test_bsp/\libucosii_bsp.a(alt_find_file.o)
 .data          0x0401e024        0x0 ../Test_bsp/\libucosii_bsp.a(alt_get_fd.o)
 .data          0x0401e024        0x0 c:/altera/11.0sp1/nios2eds/bin/gnu/h-i686-mingw32/bin/../lib/gcc/nios2-elf/4.1.2/../../../../nios2-elf/lib\libc.a(lib_a-atexit.o)
 .data          0x0401e024        0x0 c:/altera/11.0sp1/nios2eds/bin/gnu/h-i686-mingw32/bin/../lib/gcc/nios2-elf/4.1.2/../../../../nios2-elf/lib\libc.a(lib_a-exit.o)
 .data          0x0401e024        0x0 c:/altera/11.0sp1/nios2eds/bin/gnu/h-i686-mingw32/bin/../lib/gcc/nios2-elf/4.1.2/../../../../nios2-elf/lib\libc.a(lib_a-memcmp.o)
 .data          0x0401e024        0x0 c:/altera/11.0sp1/nios2eds/bin/gnu/h-i686-mingw32/bin/../lib/gcc/nios2-elf/4.1.2/../../../../nios2-elf/lib\libc.a(lib_a-__atexit.o)
 .data          0x0401e024        0x0 c:/altera/11.0sp1/nios2eds/bin/gnu/h-i686-mingw32/bin/../lib/gcc/nios2-elf/4.1.2/../../../../nios2-elf/lib\libc.a(lib_a-__call_atexit.o)
 .data          0x0401e024        0x0 ../Test_bsp/\libucosii_bsp.a(alt_exit.o)
                0x04026024                _gp = ABSOLUTE ((. + 0x8000))
                0x04026024                PROVIDE (gp, _gp)
 *(.rwdata .rwdata.*)
 *(.sdata .sdata.* .gnu.linkonce.s.*)
 .sdata         0x0401e024        0x4 c:/altera/11.0sp1/nios2eds/bin/gnu/h-i686-mingw32/bin/../lib/gcc/nios2-elf/4.1.2/../../../../nios2-elf/lib\libc.a(lib_a-ctype_.o)
                0x0401e024                __ctype_ptr
 .sdata         0x0401e028        0x8 c:/altera/11.0sp1/nios2eds/bin/gnu/h-i686-mingw32/bin/../lib/gcc/nios2-elf/4.1.2/../../../../nios2-elf/lib\libc.a(lib_a-impure.o)
                0x0401e028                _impure_ptr
                0x0401e02c                _global_impure_ptr
 .sdata         0x0401e030        0x8 c:/altera/11.0sp1/nios2eds/bin/gnu/h-i686-mingw32/bin/../lib/gcc/nios2-elf/4.1.2/../../../../nios2-elf/lib\libc.a(lib_a-locale.o)
                0x0401e030                __mb_cur_max
 .sdata         0x0401e038        0x8 c:/altera/11.0sp1/nios2eds/bin/gnu/h-i686-mingw32/bin/../lib/gcc/nios2-elf/4.1.2/../../../../nios2-elf/lib\libc.a(lib_a-mallocr.o)
                0x0401e038                __malloc_trim_threshold
                0x0401e03c                __malloc_sbrk_base
 .sdata         0x0401e040       0x14 ../Test_bsp/\libucosii_bsp.a(alt_dev.o)
                0x0401e040                alt_fs_list
                0x0401e048                alt_dev_list
                0x0401e050                alt_max_fd
 .sdata         0x0401e054        0x4 ../Test_bsp/\libucosii_bsp.a(alt_errno.o)
                0x0401e054                alt_errno
 .sdata         0x0401e058        0x4 ../Test_bsp/\libucosii_bsp.a(alt_sbrk.o)
 .sdata         0x0401e05c        0x4 ../Test_bsp/\libucosii_bsp.a(alt_env_lock.o)
 .sdata         0x0401e060        0x4 ../Test_bsp/\libucosii_bsp.a(alt_malloc_lock.o)
 .sdata         0x0401e064       0x74 ../Test_bsp/\libucosii_bsp.a(os_dbg.o)
                0x0401e064                OSDebugEn
                0x0401e068                OSEndiannessTest
                0x0401e06c                OSEventEn
                0x0401e06e                OSEventMax
                0x0401e070                OSEventNameSize
                0x0401e072                OSEventSize
                0x0401e074                OSEventTblSize
                0x0401e076                OSEventMultiEn
                0x0401e078                OSFlagEn
                0x0401e07a                OSFlagGrpSize
                0x0401e07c                OSFlagNodeSize
                0x0401e07e                OSFlagWidth
                0x0401e080                OSFlagMax
                0x0401e082                OSFlagNameSize
                0x0401e084                OSLowestPrio
                0x0401e086                OSMboxEn
                0x0401e088                OSMemEn
                0x0401e08a                OSMemMax
                0x0401e08c                OSMemNameSize
                0x0401e08e                OSMemSize
                0x0401e090                OSMemTblSize
                0x0401e092                OSMutexEn
                0x0401e094                OSPtrSize
                0x0401e096                OSQEn
                0x0401e098                OSQMax
                0x0401e09a                OSQSize
                0x0401e09c                OSRdyTblSize
                0x0401e09e                OSSemEn
                0x0401e0a0                OSStkWidth
                0x0401e0a2                OSTaskCreateEn
                0x0401e0a4                OSTaskCreateExtEn
                0x0401e0a6                OSTaskDelEn
                0x0401e0a8                OSTaskIdleStkSize
                0x0401e0aa                OSTaskProfileEn
                0x0401e0ac                OSTaskMax
                0x0401e0ae                OSTaskNameSize
                0x0401e0b0                OSTaskStatEn
                0x0401e0b2                OSTaskStatStkSize
                0x0401e0b4                OSTaskStatStkChkEn
                0x0401e0b6                OSTaskSwHookEn
                0x0401e0b8                OSTCBPrioTblMax
                0x0401e0ba                OSTCBSize
                0x0401e0bc                OSTicksPerSec
                0x0401e0be                OSTimeTickHookEn
                0x0401e0c0                OSVersionNbr
                0x0401e0c2                OSTmrEn
                0x0401e0c4                OSTmrCfgMax
                0x0401e0c6                OSTmrCfgNameSize
                0x0401e0c8                OSTmrCfgWheelSize
                0x0401e0ca                OSTmrCfgTicksPerSec
                0x0401e0cc                OSTmrSize
                0x0401e0ce                OSTmrTblSize
                0x0401e0d0                OSTmrWheelSize
                0x0401e0d2                OSTmrWheelTblSize
                0x0401e0d4                OSDataSize
 .sdata         0x0401e0d8        0x8 ../Test_bsp/\libucosii_bsp.a(alt_flash_dev.o)
                0x0401e0d8                alt_flash_dev_list
 .sdata         0x0401e0e0        0x4 ../Test_bsp/\libucosii_bsp.a(alt_irq_vars.o)
                0x0401e0e0                alt_priority_mask
 .sdata         0x0401e0e4        0x8 ../Test_bsp/\libucosii_bsp.a(alt_tick.o)
                0x0401e0e4                alt_alarm_list
 *(.sdata2 .sdata2.* .gnu.linkonce.s2.*)
                0x0401e0ec                . = ALIGN (0x4)
                0x0401e0ec                _edata = ABSOLUTE (.)
                0x0401e0ec                PROVIDE (edata, ABSOLUTE (.))
                0x0401e0ec                PROVIDE (__ram_rwdata_end, ABSOLUTE (.))
                0x0401c4f8                PROVIDE (__flash_rwdata_start, LOADADDR (.rwdata))

.bss            0x0401e0ec     0x5b64
                0x0401e0ec                __bss_start = ABSOLUTE (.)
                0x0401e0ec                PROVIDE (__sbss_start, ABSOLUTE (.))
                0x0401e0ec                PROVIDE (___sbss_start, ABSOLUTE (.))
 *(.dynsbss)
 *(.sbss .sbss.* .gnu.linkonce.sb.*)
 .sbss          0x0401e0ec        0x4 obj/hello_ucosii.o
                0x0401e0ec                PRINT
 .sbss          0x0401e0f0        0x9 obj/hello_ucosii.o
                0x0401e0f0                tmp
                0x0401e0f4                RandomSem
                0x0401e0f8                err
 *fill*         0x0401e0f9        0x3 00
 .sbss          0x0401e0fc        0xc c:/altera/11.0sp1/nios2eds/bin/gnu/h-i686-mingw32/bin/../lib/gcc/nios2-elf/4.1.2/../../../../nios2-elf/lib\libc.a(lib_a-locale.o)
                0x0401e0fc                __nlocale_changed
                0x0401e100                __mlocale_changed
                0x0401e104                _PathLocale
 .sbss          0x0401e108        0xc c:/altera/11.0sp1/nios2eds/bin/gnu/h-i686-mingw32/bin/../lib/gcc/nios2-elf/4.1.2/../../../../nios2-elf/lib\libc.a(lib_a-mallocr.o)
                0x0401e108                __malloc_top_pad
                0x0401e10c                __malloc_max_sbrked_mem
                0x0401e110                __malloc_max_total_mem
 .sbss          0x0401e114        0x4 c:/altera/11.0sp1/nios2eds/bin/gnu/h-i686-mingw32/bin/../lib/gcc/nios2-elf/4.1.2/../../../../nios2-elf/lib\libc.a(lib_a-int_errno.o)
                0x0401e114                errno
 .sbss          0x0401e118        0x4 ../Test_bsp/\libucosii_bsp.a(alt_dev.o)
                0x0401e118                alt_fd_list_lock
 .sbss          0x0401e11c        0xc ../Test_bsp/\libucosii_bsp.a(alt_main.o)
                0x0401e11c                alt_argc
                0x0401e120                alt_argv
                0x0401e124                alt_envp
 .sbss          0x0401e128        0x8 ../Test_bsp/\libucosii_bsp.a(alt_env_lock.o)
                0x0401e12c                alt_envsem
 .sbss          0x0401e130        0x8 ../Test_bsp/\libucosii_bsp.a(alt_malloc_lock.o)
                0x0401e134                alt_heapsem
 .sbss          0x0401e138       0x58 ../Test_bsp/\libucosii_bsp.a(os_core.o)
                0x0401e138                buffer_index
                0x0401e13c                TIMEOUT
                0x0401e13d                idx
                0x0401e140                OSLockNesting
                0x0401e141                OSRunning
                0x0401e144                OSIdleCtr
                0x0401e148                OSPrioHighRdy
                0x0401e149                OSPrioCur
                0x0401e14c                OSTCBList
                0x0401e150                OSTickStepState
                0x0401e154                OSCtxSwCtr
                0x0401e158                OSIdleCtrMax
                0x0401e15c                OSTCBFreeList
                0x0401e160                OSCPUUsage
                0x0401e161                OSTaskCtr
                0x0401e164                OSMemFreeList
                0x0401e168                OSTCBHighRdy
                0x0401e16c                OSQFreeList
                0x0401e170                OSRdyGrp
                0x0401e171                OSRdyTbl
                0x0401e174                OSEventFreeList
                0x0401e178                OSIntNesting
                0x0401e17c                OSTCBCur
                0x0401e180                OSTime
                0x0401e184                OSFlagFreeList
                0x0401e188                OSStatRdy
                0x0401e18c                OSIdleCtrRun
 .sbss          0x0401e190        0x4 ../Test_bsp/\libucosii_bsp.a(alt_irq_vars.o)
                0x0401e190                alt_irq_active
 .sbss          0x0401e194        0x8 ../Test_bsp/\libucosii_bsp.a(alt_tick.o)
                0x0401e194                _alt_tick_rate
                0x0401e198                _alt_nticks
 *(.sbss2 .sbss2.* .gnu.linkonce.sb2.*)
 *(.scommon)
                0x0401e19c                PROVIDE (__sbss_end, ABSOLUTE (.))
                0x0401e19c                PROVIDE (___sbss_end, ABSOLUTE (.))
 *(.dynbss)
 *(.bss .bss.* .gnu.linkonce.b.*)
 .bss           0x0401e19c        0x0 ../Test_bsp//obj/HAL/src/crt0.o
 .bss           0x0401e19c        0x0 obj/hello_ucosii.o
 .bss           0x0401e19c        0x0 c:/altera/11.0sp1/nios2eds/bin/gnu/h-i686-mingw32/bin/../lib/gcc/nios2-elf/4.1.2/../../../../nios2-elf/lib\libc.a(lib_a-printf.o)
 .bss           0x0401e19c        0x0 c:/altera/11.0sp1/nios2eds/bin/gnu/h-i686-mingw32/bin/../lib/gcc/nios2-elf/4.1.2/../../../../nios2-elf/lib\libc.a(lib_a-puts.o)
 .bss           0x0401e19c        0x0 c:/altera/11.0sp1/nios2eds/bin/gnu/h-i686-mingw32/bin/../lib/gcc/nios2-elf/4.1.2/../../../../nios2-elf/lib\libc.a(lib_a-sscanf.o)
 .bss           0x0401e19c        0x0 c:/altera/11.0sp1/nios2eds/bin/gnu/h-i686-mingw32/bin/../lib/gcc/nios2-elf/4.1.2/../../../../nios2-elf/lib\libc.a(lib_a-strlen.o)
 .bss           0x0401e19c        0x0 c:/altera/11.0sp1/nios2eds/bin/gnu/h-i686-mingw32/bin/../lib/gcc/nios2-elf/4.1.2/../../../../nios2-elf/lib\libc.a(lib_a-vfprintf.o)
 .bss           0x0401e19c        0x0 c:/altera/11.0sp1/nios2eds/bin/gnu/h-i686-mingw32/bin/../lib/gcc/nios2-elf/4.1.2/../../../../nios2-elf/lib\libc.a(lib_a-vfscanf.o)
 .bss           0x0401e19c        0x0 c:/altera/11.0sp1/nios2eds/bin/gnu/h-i686-mingw32/bin/../lib/gcc/nios2-elf/4.1.2/../../../../nios2-elf/lib\libc.a(lib_a-wsetup.o)
 .bss           0x0401e19c        0x0 c:/altera/11.0sp1/nios2eds/bin/gnu/h-i686-mingw32/bin/../lib/gcc/nios2-elf/4.1.2/../../../../nios2-elf/lib\libc.a(lib_a-ctype_.o)
 .bss           0x0401e19c        0x0 c:/altera/11.0sp1/nios2eds/bin/gnu/h-i686-mingw32/bin/../lib/gcc/nios2-elf/4.1.2/../../../../nios2-elf/lib\libc.a(lib_a-dtoa.o)
 .bss           0x0401e19c        0x0 c:/altera/11.0sp1/nios2eds/bin/gnu/h-i686-mingw32/bin/../lib/gcc/nios2-elf/4.1.2/../../../../nios2-elf/lib\libc.a(lib_a-fflush.o)
 .bss           0x0401e19c        0x0 c:/altera/11.0sp1/nios2eds/bin/gnu/h-i686-mingw32/bin/../lib/gcc/nios2-elf/4.1.2/../../../../nios2-elf/lib\libc.a(lib_a-findfp.o)
 .bss           0x0401e19c        0x0 c:/altera/11.0sp1/nios2eds/bin/gnu/h-i686-mingw32/bin/../lib/gcc/nios2-elf/4.1.2/../../../../nios2-elf/lib\libc.a(lib_a-fread.o)
 .bss           0x0401e19c        0x0 c:/altera/11.0sp1/nios2eds/bin/gnu/h-i686-mingw32/bin/../lib/gcc/nios2-elf/4.1.2/../../../../nios2-elf/lib\libc.a(lib_a-freer.o)
 .bss           0x0401e19c        0x0 c:/altera/11.0sp1/nios2eds/bin/gnu/h-i686-mingw32/bin/../lib/gcc/nios2-elf/4.1.2/../../../../nios2-elf/lib\libc.a(lib_a-fvwrite.o)
 .bss           0x0401e19c        0x0 c:/altera/11.0sp1/nios2eds/bin/gnu/h-i686-mingw32/bin/../lib/gcc/nios2-elf/4.1.2/../../../../nios2-elf/lib\libc.a(lib_a-fwalk.o)
 .bss           0x0401e19c        0x0 c:/altera/11.0sp1/nios2eds/bin/gnu/h-i686-mingw32/bin/../lib/gcc/nios2-elf/4.1.2/../../../../nios2-elf/lib\libc.a(lib_a-impure.o)
 .bss           0x0401e19c        0x0 c:/altera/11.0sp1/nios2eds/bin/gnu/h-i686-mingw32/bin/../lib/gcc/nios2-elf/4.1.2/../../../../nios2-elf/lib\libc.a(lib_a-iswspace.o)
 .bss           0x0401e19c        0x0 c:/altera/11.0sp1/nios2eds/bin/gnu/h-i686-mingw32/bin/../lib/gcc/nios2-elf/4.1.2/../../../../nios2-elf/lib\libc.a(lib_a-locale.o)
 .bss           0x0401e19c        0x0 c:/altera/11.0sp1/nios2eds/bin/gnu/h-i686-mingw32/bin/../lib/gcc/nios2-elf/4.1.2/../../../../nios2-elf/lib\libc.a(lib_a-makebuf.o)
 .bss           0x0401e19c       0x28 c:/altera/11.0sp1/nios2eds/bin/gnu/h-i686-mingw32/bin/../lib/gcc/nios2-elf/4.1.2/../../../../nios2-elf/lib\libc.a(lib_a-mallocr.o)
                0x0401e19c                __malloc_current_mallinfo
 .bss           0x0401e1c4        0x0 c:/altera/11.0sp1/nios2eds/bin/gnu/h-i686-mingw32/bin/../lib/gcc/nios2-elf/4.1.2/../../../../nios2-elf/lib\libc.a(lib_a-mbrtowc.o)
 .bss           0x0401e1c4        0x0 c:/altera/11.0sp1/nios2eds/bin/gnu/h-i686-mingw32/bin/../lib/gcc/nios2-elf/4.1.2/../../../../nios2-elf/lib\libc.a(lib_a-mbtowc_r.o)
 .bss           0x0401e1c4        0x0 c:/altera/11.0sp1/nios2eds/bin/gnu/h-i686-mingw32/bin/../lib/gcc/nios2-elf/4.1.2/../../../../nios2-elf/lib\libc.a(lib_a-memchr.o)
 .bss           0x0401e1c4        0x0 c:/altera/11.0sp1/nios2eds/bin/gnu/h-i686-mingw32/bin/../lib/gcc/nios2-elf/4.1.2/../../../../nios2-elf/lib\libc.a(lib_a-memcpy.o)
 .bss           0x0401e1c4        0x0 c:/altera/11.0sp1/nios2eds/bin/gnu/h-i686-mingw32/bin/../lib/gcc/nios2-elf/4.1.2/../../../../nios2-elf/lib\libc.a(lib_a-memmove.o)
 .bss           0x0401e1c4        0x0 c:/altera/11.0sp1/nios2eds/bin/gnu/h-i686-mingw32/bin/../lib/gcc/nios2-elf/4.1.2/../../../../nios2-elf/lib\libc.a(lib_a-memset.o)
 .bss           0x0401e1c4        0x0 c:/altera/11.0sp1/nios2eds/bin/gnu/h-i686-mingw32/bin/../lib/gcc/nios2-elf/4.1.2/../../../../nios2-elf/lib\libc.a(lib_a-mprec.o)
 .bss           0x0401e1c4        0x0 c:/altera/11.0sp1/nios2eds/bin/gnu/h-i686-mingw32/bin/../lib/gcc/nios2-elf/4.1.2/../../../../nios2-elf/lib\libc.a(lib_a-reallocr.o)
 .bss           0x0401e1c4        0x0 c:/altera/11.0sp1/nios2eds/bin/gnu/h-i686-mingw32/bin/../lib/gcc/nios2-elf/4.1.2/../../../../nios2-elf/lib\libc.a(lib_a-refill.o)
 .bss           0x0401e1c4        0x0 c:/altera/11.0sp1/nios2eds/bin/gnu/h-i686-mingw32/bin/../lib/gcc/nios2-elf/4.1.2/../../../../nios2-elf/lib\libc.a(lib_a-s_isinfd.o)
 .bss           0x0401e1c4        0x0 c:/altera/11.0sp1/nios2eds/bin/gnu/h-i686-mingw32/bin/../lib/gcc/nios2-elf/4.1.2/../../../../nios2-elf/lib\libc.a(lib_a-s_isnand.o)
 .bss           0x0401e1c4        0x0 c:/altera/11.0sp1/nios2eds/bin/gnu/h-i686-mingw32/bin/../lib/gcc/nios2-elf/4.1.2/../../../../nios2-elf/lib\libc.a(lib_a-sbrkr.o)
 .bss           0x0401e1c4        0x0 c:/altera/11.0sp1/nios2eds/bin/gnu/h-i686-mingw32/bin/../lib/gcc/nios2-elf/4.1.2/../../../../nios2-elf/lib\libc.a(lib_a-sccl.o)
 .bss           0x0401e1c4        0x0 c:/altera/11.0sp1/nios2eds/bin/gnu/h-i686-mingw32/bin/../lib/gcc/nios2-elf/4.1.2/../../../../nios2-elf/lib\libc.a(lib_a-sf_nan.o)
 .bss           0x0401e1c4        0x0 c:/altera/11.0sp1/nios2eds/bin/gnu/h-i686-mingw32/bin/../lib/gcc/nios2-elf/4.1.2/../../../../nios2-elf/lib\libc.a(lib_a-sprintf.o)
 .bss           0x0401e1c4        0x0 c:/altera/11.0sp1/nios2eds/bin/gnu/h-i686-mingw32/bin/../lib/gcc/nios2-elf/4.1.2/../../../../nios2-elf/lib\libc.a(lib_a-stdio.o)
 .bss           0x0401e1c4        0x0 c:/altera/11.0sp1/nios2eds/bin/gnu/h-i686-mingw32/bin/../lib/gcc/nios2-elf/4.1.2/../../../../nios2-elf/lib\libc.a(lib_a-strcmp.o)
 .bss           0x0401e1c4        0x0 c:/altera/11.0sp1/nios2eds/bin/gnu/h-i686-mingw32/bin/../lib/gcc/nios2-elf/4.1.2/../../../../nios2-elf/lib\libc.a(lib_a-strtod.o)
 .bss           0x0401e1c4        0x0 c:/altera/11.0sp1/nios2eds/bin/gnu/h-i686-mingw32/bin/../lib/gcc/nios2-elf/4.1.2/../../../../nios2-elf/lib\libc.a(lib_a-strtol.o)
 .bss           0x0401e1c4        0x0 c:/altera/11.0sp1/nios2eds/bin/gnu/h-i686-mingw32/bin/../lib/gcc/nios2-elf/4.1.2/../../../../nios2-elf/lib\libc.a(lib_a-strtoll_r.o)
 .bss           0x0401e1c4        0x0 c:/altera/11.0sp1/nios2eds/bin/gnu/h-i686-mingw32/bin/../lib/gcc/nios2-elf/4.1.2/../../../../nios2-elf/lib\libc.a(lib_a-strtoul.o)
 .bss           0x0401e1c4        0x0 c:/altera/11.0sp1/nios2eds/bin/gnu/h-i686-mingw32/bin/../lib/gcc/nios2-elf/4.1.2/../../../../nios2-elf/lib\libc.a(lib_a-strtoull_r.o)
 .bss           0x0401e1c4        0x0 c:/altera/11.0sp1/nios2eds/bin/gnu/h-i686-mingw32/bin/../lib/gcc/nios2-elf/4.1.2/../../../../nios2-elf/lib\libc.a(lib_a-ungetc.o)
 .bss           0x0401e1c4        0x0 c:/altera/11.0sp1/nios2eds/bin/gnu/h-i686-mingw32/bin/../lib/gcc/nios2-elf/4.1.2/../../../../nios2-elf/lib\libc.a(lib_a-writer.o)
 .bss           0x0401e1c4        0x0 c:/altera/11.0sp1/nios2eds/bin/gnu/h-i686-mingw32/bin/../lib/gcc/nios2-elf/4.1.2/../../../../nios2-elf/lib\libc.a(lib_a-callocr.o)
 .bss           0x0401e1c4        0x0 c:/altera/11.0sp1/nios2eds/bin/gnu/h-i686-mingw32/bin/../lib/gcc/nios2-elf/4.1.2/../../../../nios2-elf/lib\libc.a(lib_a-closer.o)
 .bss           0x0401e1c4        0x0 c:/altera/11.0sp1/nios2eds/bin/gnu/h-i686-mingw32/bin/../lib/gcc/nios2-elf/4.1.2/../../../../nios2-elf/lib\libc.a(lib_a-fclose.o)
 .bss           0x0401e1c4        0x0 c:/altera/11.0sp1/nios2eds/bin/gnu/h-i686-mingw32/bin/../lib/gcc/nios2-elf/4.1.2/../../../../nios2-elf/lib\libc.a(lib_a-fstatr.o)
 .bss           0x0401e1c4        0x0 c:/altera/11.0sp1/nios2eds/bin/gnu/h-i686-mingw32/bin/../lib/gcc/nios2-elf/4.1.2/../../../../nios2-elf/lib\libc.a(lib_a-gdtoa-gethex.o)
 .bss           0x0401e1c4        0x0 c:/altera/11.0sp1/nios2eds/bin/gnu/h-i686-mingw32/bin/../lib/gcc/nios2-elf/4.1.2/../../../../nios2-elf/lib\libc.a(lib_a-gdtoa-hexnan.o)
 .bss           0x0401e1c4        0x0 c:/altera/11.0sp1/nios2eds/bin/gnu/h-i686-mingw32/bin/../lib/gcc/nios2-elf/4.1.2/../../../../nios2-elf/lib\libc.a(lib_a-int_errno.o)
 .bss           0x0401e1c4        0x0 c:/altera/11.0sp1/nios2eds/bin/gnu/h-i686-mingw32/bin/../lib/gcc/nios2-elf/4.1.2/../../../../nios2-elf/lib\libc.a(lib_a-isattyr.o)
 .bss           0x0401e1c4        0x0 c:/altera/11.0sp1/nios2eds/bin/gnu/h-i686-mingw32/bin/../lib/gcc/nios2-elf/4.1.2/../../../../nios2-elf/lib\libc.a(lib_a-lseekr.o)
 .bss           0x0401e1c4        0x0 c:/altera/11.0sp1/nios2eds/bin/gnu/h-i686-mingw32/bin/../lib/gcc/nios2-elf/4.1.2/../../../../nios2-elf/lib\libc.a(lib_a-readr.o)
 .bss           0x0401e1c4        0x0 c:/altera/11.0sp1/nios2eds/bin/gnu/h-i686-mingw32/bin/../lib/gcc/nios2-elf/4.1.2\libgcc.a(_muldi3.o)
 .bss           0x0401e1c4        0x0 c:/altera/11.0sp1/nios2eds/bin/gnu/h-i686-mingw32/bin/../lib/gcc/nios2-elf/4.1.2\libgcc.a(_fixunsdfsi.o)
 .bss           0x0401e1c4        0x0 c:/altera/11.0sp1/nios2eds/bin/gnu/h-i686-mingw32/bin/../lib/gcc/nios2-elf/4.1.2\libgcc.a(_udivdi3.o)
 .bss           0x0401e1c4        0x0 c:/altera/11.0sp1/nios2eds/bin/gnu/h-i686-mingw32/bin/../lib/gcc/nios2-elf/4.1.2\libgcc.a(_umoddi3.o)
 .bss           0x0401e1c4        0x0 c:/altera/11.0sp1/nios2eds/bin/gnu/h-i686-mingw32/bin/../lib/gcc/nios2-elf/4.1.2\libgcc.a(_ne_sf.o)
 .bss           0x0401e1c4        0x0 c:/altera/11.0sp1/nios2eds/bin/gnu/h-i686-mingw32/bin/../lib/gcc/nios2-elf/4.1.2\libgcc.a(_gt_sf.o)
 .bss           0x0401e1c4        0x0 c:/altera/11.0sp1/nios2eds/bin/gnu/h-i686-mingw32/bin/../lib/gcc/nios2-elf/4.1.2\libgcc.a(_lt_sf.o)
 .bss           0x0401e1c4        0x0 c:/altera/11.0sp1/nios2eds/bin/gnu/h-i686-mingw32/bin/../lib/gcc/nios2-elf/4.1.2\libgcc.a(_addsub_df.o)
 .bss           0x0401e1c4        0x0 c:/altera/11.0sp1/nios2eds/bin/gnu/h-i686-mingw32/bin/../lib/gcc/nios2-elf/4.1.2\libgcc.a(_mul_df.o)
 .bss           0x0401e1c4        0x0 c:/altera/11.0sp1/nios2eds/bin/gnu/h-i686-mingw32/bin/../lib/gcc/nios2-elf/4.1.2\libgcc.a(_div_df.o)
 .bss           0x0401e1c4        0x0 c:/altera/11.0sp1/nios2eds/bin/gnu/h-i686-mingw32/bin/../lib/gcc/nios2-elf/4.1.2\libgcc.a(_eq_df.o)
 .bss           0x0401e1c4        0x0 c:/altera/11.0sp1/nios2eds/bin/gnu/h-i686-mingw32/bin/../lib/gcc/nios2-elf/4.1.2\libgcc.a(_ne_df.o)
 .bss           0x0401e1c4        0x0 c:/altera/11.0sp1/nios2eds/bin/gnu/h-i686-mingw32/bin/../lib/gcc/nios2-elf/4.1.2\libgcc.a(_gt_df.o)
 .bss           0x0401e1c4        0x0 c:/altera/11.0sp1/nios2eds/bin/gnu/h-i686-mingw32/bin/../lib/gcc/nios2-elf/4.1.2\libgcc.a(_ge_df.o)
 .bss           0x0401e1c4        0x0 c:/altera/11.0sp1/nios2eds/bin/gnu/h-i686-mingw32/bin/../lib/gcc/nios2-elf/4.1.2\libgcc.a(_lt_df.o)
 .bss           0x0401e1c4        0x0 c:/altera/11.0sp1/nios2eds/bin/gnu/h-i686-mingw32/bin/../lib/gcc/nios2-elf/4.1.2\libgcc.a(_le_df.o)
 .bss           0x0401e1c4        0x0 c:/altera/11.0sp1/nios2eds/bin/gnu/h-i686-mingw32/bin/../lib/gcc/nios2-elf/4.1.2\libgcc.a(_si_to_df.o)
 .bss           0x0401e1c4        0x0 c:/altera/11.0sp1/nios2eds/bin/gnu/h-i686-mingw32/bin/../lib/gcc/nios2-elf/4.1.2\libgcc.a(_df_to_si.o)
 .bss           0x0401e1c4        0x0 c:/altera/11.0sp1/nios2eds/bin/gnu/h-i686-mingw32/bin/../lib/gcc/nios2-elf/4.1.2\libgcc.a(_df_to_sf.o)
 .bss           0x0401e1c4        0x0 c:/altera/11.0sp1/nios2eds/bin/gnu/h-i686-mingw32/bin/../lib/gcc/nios2-elf/4.1.2\libgcc.a(_thenan_df.o)
 .bss           0x0401e1c4        0x0 c:/altera/11.0sp1/nios2eds/bin/gnu/h-i686-mingw32/bin/../lib/gcc/nios2-elf/4.1.2\libgcc.a(_usi_to_df.o)
 .bss           0x0401e1c4        0x0 c:/altera/11.0sp1/nios2eds/bin/gnu/h-i686-mingw32/bin/../lib/gcc/nios2-elf/4.1.2\libgcc.a(lib2-divmod.o)
 .bss           0x0401e1c4        0x0 c:/altera/11.0sp1/nios2eds/bin/gnu/h-i686-mingw32/bin/../lib/gcc/nios2-elf/4.1.2\libgcc.a(_clz.o)
 .bss           0x0401e1c4        0x0 c:/altera/11.0sp1/nios2eds/bin/gnu/h-i686-mingw32/bin/../lib/gcc/nios2-elf/4.1.2\libgcc.a(_clzsi2.o)
 .bss           0x0401e1c4        0x0 c:/altera/11.0sp1/nios2eds/bin/gnu/h-i686-mingw32/bin/../lib/gcc/nios2-elf/4.1.2\libgcc.a(_unpack_sf.o)
 .bss           0x0401e1c4        0x0 c:/altera/11.0sp1/nios2eds/bin/gnu/h-i686-mingw32/bin/../lib/gcc/nios2-elf/4.1.2\libgcc.a(_fpcmp_parts_sf.o)
 .bss           0x0401e1c4        0x0 c:/altera/11.0sp1/nios2eds/bin/gnu/h-i686-mingw32/bin/../lib/gcc/nios2-elf/4.1.2\libgcc.a(_make_sf.o)
 .bss           0x0401e1c4        0x0 c:/altera/11.0sp1/nios2eds/bin/gnu/h-i686-mingw32/bin/../lib/gcc/nios2-elf/4.1.2\libgcc.a(_pack_df.o)
 .bss           0x0401e1c4        0x0 c:/altera/11.0sp1/nios2eds/bin/gnu/h-i686-mingw32/bin/../lib/gcc/nios2-elf/4.1.2\libgcc.a(_unpack_df.o)
 .bss           0x0401e1c4        0x0 c:/altera/11.0sp1/nios2eds/bin/gnu/h-i686-mingw32/bin/../lib/gcc/nios2-elf/4.1.2\libgcc.a(_fpcmp_parts_df.o)
 .bss           0x0401e1c4        0x0 c:/altera/11.0sp1/nios2eds/bin/gnu/h-i686-mingw32/bin/../lib/gcc/nios2-elf/4.1.2\libgcc.a(_pack_sf.o)
 .bss           0x0401e1c4        0x0 ../Test_bsp/\libucosii_bsp.a(alt_close.o)
 .bss           0x0401e1c4        0x0 ../Test_bsp/\libucosii_bsp.a(alt_dev.o)
 .bss           0x0401e1c4        0x0 ../Test_bsp/\libucosii_bsp.a(alt_errno.o)
 .bss           0x0401e1c4        0x0 ../Test_bsp/\libucosii_bsp.a(alt_fstat.o)
 .bss           0x0401e1c4        0x0 ../Test_bsp/\libucosii_bsp.a(alt_isatty.o)
 .bss           0x0401e1c4        0x0 ../Test_bsp/\libucosii_bsp.a(alt_lseek.o)
 .bss           0x0401e1c4        0x0 ../Test_bsp/\libucosii_bsp.a(alt_main.o)
 .bss           0x0401e1c4        0x0 ../Test_bsp/\libucosii_bsp.a(alt_read.o)
 .bss           0x0401e1c4        0x0 ../Test_bsp/\libucosii_bsp.a(alt_release_fd.o)
 .bss           0x0401e1c4        0x0 ../Test_bsp/\libucosii_bsp.a(alt_sbrk.o)
 .bss           0x0401e1c4        0x0 ../Test_bsp/\libucosii_bsp.a(alt_write.o)
 .bss           0x0401e1c4        0x0 ../Test_bsp/\libucosii_bsp.a(alt_env_lock.o)
 .bss           0x0401e1c4        0x0 ../Test_bsp/\libucosii_bsp.a(alt_malloc_lock.o)
 .bss           0x0401e1c4        0x0 ../Test_bsp/\libucosii_bsp.a(os_core.o)
 .bss           0x0401e1c4        0x0 ../Test_bsp/\libucosii_bsp.a(os_dbg.o)
 .bss           0x0401e1c4        0x0 ../Test_bsp/\libucosii_bsp.a(os_flag.o)
 .bss           0x0401e1c4        0x0 ../Test_bsp/\libucosii_bsp.a(os_mem.o)
 .bss           0x0401e1c4        0x0 ../Test_bsp/\libucosii_bsp.a(os_q.o)
 .bss           0x0401e1c4        0x0 ../Test_bsp/\libucosii_bsp.a(os_sem.o)
 .bss           0x0401e1c4        0x0 ../Test_bsp/\libucosii_bsp.a(os_task.o)
 .bss           0x0401e1c4        0x0 ../Test_bsp/\libucosii_bsp.a(os_time.o)
 .bss           0x0401e1c4        0x0 ../Test_bsp/\libucosii_bsp.a(alt_sys_init.o)
 .bss           0x0401e1c4        0x0 ../Test_bsp/\libucosii_bsp.a(altera_avalon_epcs_flash_controller.o)
 .bss           0x0401e1c4        0x0 ../Test_bsp/\libucosii_bsp.a(altera_avalon_jtag_uart_fd.o)
 .bss           0x0401e1c4        0x0 ../Test_bsp/\libucosii_bsp.a(altera_avalon_jtag_uart_init.o)
 .bss           0x0401e1c4        0x0 ../Test_bsp/\libucosii_bsp.a(altera_avalon_jtag_uart_ioctl.o)
 .bss           0x0401e1c4        0x0 ../Test_bsp/\libucosii_bsp.a(altera_avalon_jtag_uart_read.o)
 .bss           0x0401e1c4        0x0 ../Test_bsp/\libucosii_bsp.a(altera_avalon_jtag_uart_write.o)
 .bss           0x0401e1c4        0x0 ../Test_bsp/\libucosii_bsp.a(altera_avalon_timer_sc.o)
 .bss           0x0401e1c4        0x0 ../Test_bsp/\libucosii_bsp.a(epcs_commands.o)
 .bss           0x0401e1c4        0x0 ../Test_bsp/\libucosii_bsp.a(alt_alarm_start.o)
 .bss           0x0401e1c4        0x0 ../Test_bsp/\libucosii_bsp.a(alt_dev_llist_insert.o)
 .bss           0x0401e1c4        0x0 ../Test_bsp/\libucosii_bsp.a(alt_do_ctors.o)
 .bss           0x0401e1c4        0x0 ../Test_bsp/\libucosii_bsp.a(alt_do_dtors.o)
 .bss           0x0401e1c4        0x0 ../Test_bsp/\libucosii_bsp.a(alt_flash_dev.o)
 .bss           0x0401e1c4        0x0 ../Test_bsp/\libucosii_bsp.a(alt_iic.o)
 .bss           0x0401e1c4        0x0 ../Test_bsp/\libucosii_bsp.a(alt_iic_isr_register.o)
 .bss           0x0401e1c4        0x0 ../Test_bsp/\libucosii_bsp.a(alt_io_redirect.o)
 .bss           0x0401e1c4        0x0 ../Test_bsp/\libucosii_bsp.a(alt_irq_entry.o)
 .bss           0x0401e1c4        0x0 ../Test_bsp/\libucosii_bsp.a(alt_irq_handler.o)
 .bss           0x0401e1c4        0x0 ../Test_bsp/\libucosii_bsp.a(alt_irq_vars.o)
 .bss           0x0401e1c4        0x0 ../Test_bsp/\libucosii_bsp.a(alt_open.o)
 .bss           0x0401e1c4        0x0 ../Test_bsp/\libucosii_bsp.a(alt_tick.o)
 .bss           0x0401e1c4        0x0 ../Test_bsp/\libucosii_bsp.a(altera_nios2_irq.o)
 .bss           0x0401e1c4        0x0 ../Test_bsp/\libucosii_bsp.a(os_cpu_a.o)
 .bss           0x0401e1c4        0x0 ../Test_bsp/\libucosii_bsp.a(os_cpu_c.o)
 .bss           0x0401e1c4        0x0 ../Test_bsp/\libucosii_bsp.a(altera_avalon_spi.o)