Archive member included because of file (symbol)

c:/altera/11.0sp1/nios2eds/bin/gnu/h-i686-mingw32/bin/../lib/gcc/nios2-elf/4.1.2/../../../../nios2-elf/lib\libc.a(lib_a-printf.o)
                              obj/hello_ucosii.o (printf)
c:/altera/11.0sp1/nios2eds/bin/gnu/h-i686-mingw32/bin/../lib/gcc/nios2-elf/4.1.2/../../../../nios2-elf/lib\libc.a(lib_a-puts.o)
                              obj/hello_ucosii.o (puts)
c:/altera/11.0sp1/nios2eds/bin/gnu/h-i686-mingw32/bin/../lib/gcc/nios2-elf/4.1.2/../../../../nios2-elf/lib\libc.a(lib_a-strlen.o)
                              c:/altera/11.0sp1/nios2eds/bin/gnu/h-i686-mingw32/bin/../lib/gcc/nios2-elf/4.1.2/../../../../nios2-elf/lib\libc.a(lib_a-puts.o) (strlen)
c:/altera/11.0sp1/nios2eds/bin/gnu/h-i686-mingw32/bin/../lib/gcc/nios2-elf/4.1.2/../../../../nios2-elf/lib\libc.a(lib_a-vfprintf.o)
                              c:/altera/11.0sp1/nios2eds/bin/gnu/h-i686-mingw32/bin/../lib/gcc/nios2-elf/4.1.2/../../../../nios2-elf/lib\libc.a(lib_a-printf.o) (___vfprintf_internal_r)
c:/altera/11.0sp1/nios2eds/bin/gnu/h-i686-mingw32/bin/../lib/gcc/nios2-elf/4.1.2/../../../../nios2-elf/lib\libc.a(lib_a-wsetup.o)
                              c:/altera/11.0sp1/nios2eds/bin/gnu/h-i686-mingw32/bin/../lib/gcc/nios2-elf/4.1.2/../../../../nios2-elf/lib\libc.a(lib_a-vfprintf.o) (__swsetup_r)
c:/altera/11.0sp1/nios2eds/bin/gnu/h-i686-mingw32/bin/../lib/gcc/nios2-elf/4.1.2/../../../../nios2-elf/lib\libc.a(lib_a-dtoa.o)
                              c:/altera/11.0sp1/nios2eds/bin/gnu/h-i686-mingw32/bin/../lib/gcc/nios2-elf/4.1.2/../../../../nios2-elf/lib\libc.a(lib_a-vfprintf.o) (_dtoa_r)
c:/altera/11.0sp1/nios2eds/bin/gnu/h-i686-mingw32/bin/../lib/gcc/nios2-elf/4.1.2/../../../../nios2-elf/lib\libc.a(lib_a-fflush.o)
                              c:/altera/11.0sp1/nios2eds/bin/gnu/h-i686-mingw32/bin/../lib/gcc/nios2-elf/4.1.2/../../../../nios2-elf/lib\libc.a(lib_a-vfprintf.o) (_fflush_r)
c:/altera/11.0sp1/nios2eds/bin/gnu/h-i686-mingw32/bin/../lib/gcc/nios2-elf/4.1.2/../../../../nios2-elf/lib\libc.a(lib_a-findfp.o)
                              c:/altera/11.0sp1/nios2eds/bin/gnu/h-i686-mingw32/bin/../lib/gcc/nios2-elf/4.1.2/../../../../nios2-elf/lib\libc.a(lib_a-vfprintf.o) (__sinit)
c:/altera/11.0sp1/nios2eds/bin/gnu/h-i686-mingw32/bin/../lib/gcc/nios2-elf/4.1.2/../../../../nios2-elf/lib\libc.a(lib_a-freer.o)
                              c:/altera/11.0sp1/nios2eds/bin/gnu/h-i686-mingw32/bin/../lib/gcc/nios2-elf/4.1.2/../../../../nios2-elf/lib\libc.a(lib_a-wsetup.o) (_free_r)
c:/altera/11.0sp1/nios2eds/bin/gnu/h-i686-mingw32/bin/../lib/gcc/nios2-elf/4.1.2/../../../../nios2-elf/lib\libc.a(lib_a-fvwrite.o)
                              c:/altera/11.0sp1/nios2eds/bin/gnu/h-i686-mingw32/bin/../lib/gcc/nios2-elf/4.1.2/../../../../nios2-elf/lib\libc.a(lib_a-puts.o) (__sfvwrite_r)
c:/altera/11.0sp1/nios2eds/bin/gnu/h-i686-mingw32/bin/../lib/gcc/nios2-elf/4.1.2/../../../../nios2-elf/lib\libc.a(lib_a-fwalk.o)
                              c:/altera/11.0sp1/nios2eds/bin/gnu/h-i686-mingw32/bin/../lib/gcc/nios2-elf/4.1.2/../../../../nios2-elf/lib\libc.a(lib_a-fflush.o) (_fwalk_reent)
c:/altera/11.0sp1/nios2eds/bin/gnu/h-i686-mingw32/bin/../lib/gcc/nios2-elf/4.1.2/../../../../nios2-elf/lib\libc.a(lib_a-impure.o)
                              c:/altera/11.0sp1/nios2eds/bin/gnu/h-i686-mingw32/bin/../lib/gcc/nios2-elf/4.1.2/../../../../nios2-elf/lib\libc.a(lib_a-printf.o) (_impure_ptr)
c:/altera/11.0sp1/nios2eds/bin/gnu/h-i686-mingw32/bin/../lib/gcc/nios2-elf/4.1.2/../../../../nios2-elf/lib\libc.a(lib_a-locale.o)
                              c:/altera/11.0sp1/nios2eds/bin/gnu/h-i686-mingw32/bin/../lib/gcc/nios2-elf/4.1.2/../../../../nios2-elf/lib\libc.a(lib_a-vfprintf.o) (_localeconv_r)
c:/altera/11.0sp1/nios2eds/bin/gnu/h-i686-mingw32/bin/../lib/gcc/nios2-elf/4.1.2/../../../../nios2-elf/lib\libc.a(lib_a-makebuf.o)
                              c:/altera/11.0sp1/nios2eds/bin/gnu/h-i686-mingw32/bin/../lib/gcc/nios2-elf/4.1.2/../../../../nios2-elf/lib\libc.a(lib_a-wsetup.o) (__smakebuf_r)
c:/altera/11.0sp1/nios2eds/bin/gnu/h-i686-mingw32/bin/../lib/gcc/nios2-elf/4.1.2/../../../../nios2-elf/lib\libc.a(lib_a-mallocr.o)
                              c:/altera/11.0sp1/nios2eds/bin/gnu/h-i686-mingw32/bin/../lib/gcc/nios2-elf/4.1.2/../../../../nios2-elf/lib\libc.a(lib_a-findfp.o) (_malloc_r)
c:/altera/11.0sp1/nios2eds/bin/gnu/h-i686-mingw32/bin/../lib/gcc/nios2-elf/4.1.2/../../../../nios2-elf/lib\libc.a(lib_a-memchr.o)
                              c:/altera/11.0sp1/nios2eds/bin/gnu/h-i686-mingw32/bin/../lib/gcc/nios2-elf/4.1.2/../../../../nios2-elf/lib\libc.a(lib_a-vfprintf.o) (memchr)
c:/altera/11.0sp1/nios2eds/bin/gnu/h-i686-mingw32/bin/../lib/gcc/nios2-elf/4.1.2/../../../../nios2-elf/lib\libc.a(lib_a-memcpy.o)
                              c:/altera/11.0sp1/nios2eds/bin/gnu/h-i686-mingw32/bin/../lib/gcc/nios2-elf/4.1.2/../../../../nios2-elf/lib\libc.a(lib_a-dtoa.o) (memcpy)
[...]
Memory Configuration

Name             Origin             Length             Attributes
reset            0x00000000         0x00000020
epcs             0x00000020         0x000007e0
sdram_BEFORE_EXCEPTION 0x04000000         0x00000020
sdram            0x04000020         0x01ffffe0
*default*        0x00000000         0xffffffff

Linker script and memory map

LOAD ../Test_bsp//obj/HAL/src/crt0.o
LOAD obj/hello_ucosii.o
LOAD c:/altera/11.0sp1/nios2eds/bin/gnu/h-i686-mingw32/bin/../lib/gcc/nios2-elf/4.1.2/../../../../nios2-elf/lib\libstdc++.a
LOAD c:/altera/11.0sp1/nios2eds/bin/gnu/h-i686-mingw32/bin/../lib/gcc/nios2-elf/4.1.2/../../../../nios2-elf/lib\libm.a
LOAD c:/altera/11.0sp1/nios2eds/bin/gnu/h-i686-mingw32/bin/../lib/gcc/nios2-elf/4.1.2\libgcc.a
START GROUP
LOAD c:/altera/11.0sp1/nios2eds/bin/gnu/h-i686-mingw32/bin/../lib/gcc/nios2-elf/4.1.2/../../../../nios2-elf/lib\libc.a
LOAD c:/altera/11.0sp1/nios2eds/bin/gnu/h-i686-mingw32/bin/../lib/gcc/nios2-elf/4.1.2\libgcc.a
LOAD ../Test_bsp/\libucosii_bsp.a
END GROUP
LOAD c:/altera/11.0sp1/nios2eds/bin/gnu/h-i686-mingw32/bin/../lib/gcc/nios2-elf/4.1.2\libgcc.a
                0x00000000                __alt_mem_epcs = 0x0
                0x04000000                __alt_mem_sdram = 0x4000000

.entry          0x00000000        0x0
 *(.entry)
 .entry         0x00000000        0x0 ../Test_bsp//obj/HAL/src/crt0.o
                0x00000000                __reset

.exceptions     0x04000020      0x19c
                0x04000020                PROVIDE (__ram_exceptions_start, ABSOLUTE (.))
                0x04000020                . = ALIGN (0x20)
 *(.irq)
 *(.exceptions.entry.label)
 .exceptions.entry.label
                0x04000020        0x0 ../Test_bsp/\libucosii_bsp.a(alt_irq_entry.o)
                0x04000020                alt_irq_entry
 .exceptions.entry.label
                0x04000020        0x0 ../Test_bsp/\libucosii_bsp.a(alt_exception_entry.o)
                0x04000020                alt_exception
 *(.exceptions.entry.user)
 *(.exceptions.entry)
 .exceptions.entry
                0x04000020       0x54 ../Test_bsp/\libucosii_bsp.a(alt_exception_entry.o)
 *(.exceptions.irqtest.user)
 *(.exceptions.irqtest)
 .exceptions.irqtest
                0x04000074       0x10 ../Test_bsp/\libucosii_bsp.a(alt_irq_entry.o)
 *(.exceptions.irqhandler.user)
 *(.exceptions.irqhandler)
 .exceptions.irqhandler
                0x04000084        0x4 ../Test_bsp/\libucosii_bsp.a(alt_irq_entry.o)
 *(.exceptions.irqreturn.user)
 *(.exceptions.irqreturn)
 .exceptions.irqreturn
                0x04000088        0x4 ../Test_bsp/\libucosii_bsp.a(alt_irq_entry.o)
 *(.exceptions.notirq.label)
 .exceptions.notirq.label
                0x0400008c        0x0 ../Test_bsp/\libucosii_bsp.a(alt_irq_entry.o)
 *(.exceptions.notirq.user)
 *(.exceptions.notirq)
 .exceptions.notirq
                0x0400008c        0x8 ../Test_bsp/\libucosii_bsp.a(alt_exception_entry.o)
 *(.exceptions.soft.user)
 *(.exceptions.soft)
 *(.exceptions.unknown.user)
 *(.exceptions.unknown)
 .exceptions.unknown
                0x04000094        0x4 ../Test_bsp/\libucosii_bsp.a(alt_exception_entry.o)
 *(.exceptions.exit.label)
 .exceptions.exit.label
                0x04000098        0x0 ../Test_bsp/\libucosii_bsp.a(alt_irq_entry.o)
 .exceptions.exit.label
                0x04000098        0x0 ../Test_bsp/\libucosii_bsp.a(alt_exception_entry.o)
 *(.exceptions.exit.user)
 *(.exceptions.exit)
 .exceptions.exit
                0x04000098       0x54 ../Test_bsp/\libucosii_bsp.a(alt_exception_entry.o)
 *(.exceptions)
 .exceptions    0x040000ec       0xd0 ../Test_bsp/\libucosii_bsp.a(alt_irq_handler.o)
                0x040000ec                alt_irq_handler
                0x040001bc                PROVIDE (__ram_exceptions_end, ABSOLUTE (.))
                0x04000020                PROVIDE (__flash_exceptions_start, LOADADDR (.exceptions))

.text           0x040001bc    0x16804
                0x040001bc                PROVIDE (stext, ABSOLUTE (.))
 *(.interp)
 *(.hash)
 *(.dynsym)
 *(.dynstr)
 *(.gnu.version)
 *(.gnu.version_d)
 *(.gnu.version_r)
 *(.rel.init)
 *(.rela.init)
 *(.rel.text .rel.text.* .rel.gnu.linkonce.t.*)
 *(.rela.text .rela.text.* .rela.gnu.linkonce.t.*)
 *(.rel.fini)
 *(.rela.fini)
 *(.rel.rodata .rel.rodata.* .rel.gnu.linkonce.r.*)
 *(.rela.rodata .rela.rodata.* .rela.gnu.linkonce.r.*)
 *(.rel.data .rel.data.* .rel.gnu.linkonce.d.*)
 *(.rela.data .rela.data.* .rela.gnu.linkonce.d.*)
 *(.rel.tdata .rel.tdata.* .rel.gnu.linkonce.td.*)
 *(.rela.tdata .rela.tdata.* .rela.gnu.linkonce.td.*)
 *(.rel.tbss .rel.tbss.* .rel.gnu.linkonce.tb.*)
 *(.rela.tbss .rela.tbss.* .rela.gnu.linkonce.tb.*)
 *(.rel.ctors)
 *(.rela.ctors)
 *(.rel.dtors)
 *(.rela.dtors)
 *(.rel.got)
 *(.rela.got)
 *(.rel.sdata .rel.sdata.* .rel.gnu.linkonce.s.*)
 *(.rela.sdata .rela.sdata.* .rela.gnu.linkonce.s.*)
 *(.rel.sbss .rel.sbss.* .rel.gnu.linkonce.sb.*)
 *(.rela.sbss .rela.sbss.* .rela.gnu.linkonce.sb.*)
 *(.rel.sdata2 .rel.sdata2.* .rel.gnu.linkonce.s2.*)
 *(.rela.sdata2 .rela.sdata2.* .rela.gnu.linkonce.s2.*)
 *(.rel.sbss2 .rel.sbss2.* .rel.gnu.linkonce.sb2.*)
 *(.rela.sbss2 .rela.sbss2.* .rela.gnu.linkonce.sb2.*)
 *(.rel.bss .rel.bss.* .rel.gnu.linkonce.b.*)
 *(.rela.bss .rela.bss.* .rela.gnu.linkonce.b.*)
 *(.rel.plt)
 *(.rela.plt)
 *(.rel.dyn)
 *(.init)
 *(.plt)
 *(.text .stub .text.* .gnu.linkonce.t.*)
 .text          0x040001bc       0x38 ../Test_bsp//obj/HAL/src/crt0.o
                0x040001bc                _start
 .text          0x040001f4      0x5c8 obj/hello_ucosii.o
                0x040001f4                print_buffer
                0x04000404                Task
                0x04000650                main
                0x04000694                Init_Task_ddl
 .text          0x040007bc       0x78 c:/altera/11.0sp1/nios2eds/bin/gnu/h-i686-mingw32/bin/../lib/gcc/nios2-elf/4.1.2/../../../../nios2-elf/lib\libc.a(lib_a-printf.o)
                0x040007bc                printf
                0x04000800                _printf_r
 .text          0x04000834       0xb4 c:/altera/11.0sp1/nios2eds/bin/gnu/h-i686-mingw32/bin/../lib/gcc/nios2-elf/4.1.2/../../../../nios2-elf/lib\libc.a(lib_a-puts.o)
                0x04000834                _puts_r
                0x040008d4                puts
 .text          0x040008e8       0x74 c:/altera/11.0sp1/nios2eds/bin/gnu/h-i686-mingw32/bin/../lib/gcc/nios2-elf/4.1.2/../../../../nios2-elf/lib\libc.a(lib_a-strlen.o)
                0x040008e8                strlen
 .text          0x0400095c     0x1f28 c:/altera/11.0sp1/nios2eds/bin/gnu/h-i686-mingw32/bin/../lib/gcc/nios2-elf/4.1.2/../../../../nios2-elf/lib\libc.a(lib_a-vfprintf.o)
                0x040009b4                ___vfprintf_internal_r
                0x04002860                __vfprintf_internal
 .text          0x04002884      0x13c c:/altera/11.0sp1/nios2eds/bin/gnu/h-i686-mingw32/bin/../lib/gcc/nios2-elf/4.1.2/../../../../nios2-elf/lib\libc.a(lib_a-wsetup.o)
                0x04002884                __swsetup_r
 .text          0x040029c0     0x17cc c:/altera/11.0sp1/nios2eds/bin/gnu/h-i686-mingw32/bin/../lib/gcc/nios2-elf/4.1.2/../../../../nios2-elf/lib\libc.a(lib_a-dtoa.o)
                0x04002bd8                _dtoa_r
 .text          0x0400418c      0x230 c:/altera/11.0sp1/nios2eds/bin/gnu/h-i686-mingw32/bin/../lib/gcc/nios2-elf/4.1.2/../../../../nios2-elf/lib\libc.a(lib_a-fflush.o)
                0x0400418c                _fflush_r
                0x04004388                fflush
 .text          0x040043bc      0x2c0 c:/altera/11.0sp1/nios2eds/bin/gnu/h-i686-mingw32/bin/../lib/gcc/nios2-elf/4.1.2/../../../../nios2-elf/lib\libc.a(lib_a-findfp.o)
                0x04004414                __sfp_lock_acquire
                0x04004418                __sfp_lock_release
                0x0400441c                __sinit_lock_acquire
                0x04004420                __sinit_lock_release
                0x04004424                __sinit
                0x040044d8                __fp_unlock_all
                0x040044f0                __fp_lock_all
                0x04004508                _cleanup_r
                0x04004514                _cleanup
                0x04004524                __sfmoreglue
                0x0400458c                __sfp
 .text          0x0400467c      0x440 c:/altera/11.0sp1/nios2eds/bin/gnu/h-i686-mingw32/bin/../lib/gcc/nios2-elf/4.1.2/../../../../nios2-elf/lib\libc.a(lib_a-freer.o)
                0x0400467c                _malloc_trim_r
                0x040047a8                _free_r
 .text          0x04004abc      0x49c c:/altera/11.0sp1/nios2eds/bin/gnu/h-i686-mingw32/bin/../lib/gcc/nios2-elf/4.1.2/../../../../nios2-elf/lib\libc.a(lib_a-fvwrite.o)
                0x04004abc                __sfvwrite_r
 .text          0x04004f58      0x180 c:/altera/11.0sp1/nios2eds/bin/gnu/h-i686-mingw32/bin/../lib/gcc/nios2-elf/4.1.2/../../../../nios2-elf/lib\libc.a(lib_a-fwalk.o)
                0x04004f58                _fwalk_reent
                0x04005020                _fwalk
 .text          0x040050d8        0x0 c:/altera/11.0sp1/nios2eds/bin/gnu/h-i686-mingw32/bin/../lib/gcc/nios2-elf/4.1.2/../../../../nios2-elf/lib\libc.a(lib_a-impure.o)
 .text          0x040050d8       0xc4 c:/altera/11.0sp1/nios2eds/bin/gnu/h-i686-mingw32/bin/../lib/gcc/nios2-elf/4.1.2/../../../../nios2-elf/lib\libc.a(lib_a-locale.o)
                0x040050d8                __locale_charset
                0x040050e0                _localeconv_r
                0x040050ec                localeconv
                0x040050fc                _setlocale_r
                0x04005180                setlocale
 .text          0x0400519c      0x194 c:/altera/11.0sp1/nios2eds/bin/gnu/h-i686-mingw32/bin/../lib/gcc/nios2-elf/4.1.2/../../../../nios2-elf/lib\libc.a(lib_a-makebuf.o)
                0x0400519c                __smakebuf_r
 .text          0x04005330      0x740 c:/altera/11.0sp1/nios2eds/bin/gnu/h-i686-mingw32/bin/../lib/gcc/nios2-elf/4.1.2/../../../../nios2-elf/lib\libc.a(lib_a-mallocr.o)
                0x04005330                _malloc_r
 .text          0x04005a70       0xe4 c:/altera/11.0sp1/nios2eds/bin/gnu/h-i686-mingw32/bin/../lib/gcc/nios2-elf/4.1.2/../../../../nios2-elf/lib\libc.a(lib_a-memchr.o)
                0x04005a70                memchr
 .text          0x04005b54       0xa0 c:/altera/11.0sp1/nios2eds/bin/gnu/h-i686-mingw32/bin/../lib/gcc/nios2-elf/4.1.2/../../../../nios2-elf/lib\libc.a(lib_a-memcpy.o)
                0x04005b54                memcpy
 .text          0x04005bf4       0xe0 c:/altera/11.0sp1/nios2eds/bin/gnu/h-i686-mingw32/bin/../lib/gcc/nios2-elf/4.1.2/../../../../nios2-elf/lib\libc.a(lib_a-memmove.o)
                0x04005bf4                memmove
 .text          0x04005cd4       0x98 c:/altera/11.0sp1/nios2eds/bin/gnu/h-i686-mingw32/bin/../lib/gcc/nios2-elf/4.1.2/../../../../nios2-elf/lib\libc.a(lib_a-memset.o)
                0x04005cd4                memset
 .text          0x04005d6c      0xff4 c:/altera/11.0sp1/nios2eds/bin/gnu/h-i686-mingw32/bin/../lib/gcc/nios2-elf/4.1.2/../../../../nios2-elf/lib\libc.a(lib_a-mprec.o)
                0x04005d6c                _Bfree
                0x04005d94                __hi0bits
                0x04005e04                __lo0bits
                0x04005ec8                __mcmp
                0x04005f28                __ulp
                0x04005fa8                __b2d
                0x040060c8                __ratio
                0x04006178                _mprec_log10
                0x0400620c                __copybits
                0x04006264                __any_on
                0x040062ec                _Balloc
                0x040063a8                __d2b
                0x04006524                __mdiff
                0x040066b0                __lshift
                0x040067fc                __multiply
                0x040069e4                __i2b
                0x04006a20                __multadd
                0x04006b20                __pow5mult
                0x04006c40                __s2b
 .text          0x04006d60      0x5f4 c:/altera/11.0sp1/nios2eds/bin/gnu/h-i686-mingw32/bin/../lib/gcc/nios2-elf/4.1.2/../../../../nios2-elf/lib\libc.a(lib_a-reallocr.o)
                0x04006d60                _realloc_r
 .text          0x04007354       0x40 c:/altera/11.0sp1/nios2eds/bin/gnu/h-i686-mingw32/bin/../lib/gcc/nios2-elf/4.1.2/../../../../nios2-elf/lib\libc.a(lib_a-s_isinfd.o)
                0x04007354                __isinfd
 .text          0x04007394       0x30 c:/altera/11.0sp1/nios2eds/bin/gnu/h-i686-mingw32/bin/../lib/gcc/nios2-elf/4.1.2/../../../../nios2-elf/lib\libc.a(lib_a-s_isnand.o)
                0x04007394                __isnand
 .text          0x040073c4       0x70 c:/altera/11.0sp1/nios2eds/bin/gnu/h-i686-mingw32/bin/../lib/gcc/nios2-elf/4.1.2/../../../../nios2-elf/lib\libc.a(lib_a-sbrkr.o)
                0x040073c4                _sbrk_r
 .text          0x04007434      0x14c c:/altera/11.0sp1/nios2eds/bin/gnu/h-i686-mingw32/bin/../lib/gcc/nios2-elf/4.1.2/../../../../nios2-elf/lib\libc.a(lib_a-stdio.o)
                0x04007434                __sclose
                0x0400743c                __sseek
                0x040074a4                __swrite
                0x04007520                __sread
 .text          0x04007580       0xbc c:/altera/11.0sp1/nios2eds/bin/gnu/h-i686-mingw32/bin/../lib/gcc/nios2-elf/4.1.2/../../../../nios2-elf/lib\libc.a(lib_a-strcmp.o)
                0x04007580                strcmp
 .text          0x0400763c       0x78 c:/altera/11.0sp1/nios2eds/bin/gnu/h-i686-mingw32/bin/../lib/gcc/nios2-elf/4.1.2/../../../../nios2-elf/lib\libc.a(lib_a-writer.o)
                0x0400763c                _write_r
 .text          0x040076b4       0xb4 c:/altera/11.0sp1/nios2eds/bin/gnu/h-i686-mingw32/bin/../lib/gcc/nios2-elf/4.1.2/../../../../nios2-elf/lib\libc.a(lib_a-callocr.o)
                0x040076b4                _calloc_r
 .text          0x04007768       0x70 c:/altera/11.0sp1/nios2eds/bin/gnu/h-i686-mingw32/bin/../lib/gcc/nios2-elf/4.1.2/../../../../nios2-elf/lib\libc.a(lib_a-closer.o)
                0x04007768                _close_r
 .text          0x040077d8      0x124 c:/altera/11.0sp1/nios2eds/bin/gnu/h-i686-mingw32/bin/../lib/gcc/nios2-elf/4.1.2/../../../../nios2-elf/lib\libc.a(lib_a-fclose.o)
                0x040077d8                _fclose_r
                0x040078e8                fclose
 .text          0x040078fc       0x74 c:/altera/11.0sp1/nios2eds/bin/gnu/h-i686-mingw32/bin/../lib/gcc/nios2-elf/4.1.2/../../../../nios2-elf/lib\libc.a(lib_a-fstatr.o)
                0x040078fc                _fstat_r
 .text          0x04007970        0x0 c:/altera/11.0sp1/nios2eds/bin/gnu/h-i686-mingw32/bin/../lib/gcc/nios2-elf/4.1.2/../../../../nios2-elf/lib\libc.a(lib_a-int_errno.o)
 .text          0x04007970       0x70 c:/altera/11.0sp1/nios2eds/bin/gnu/h-i686-mingw32/bin/../lib/gcc/nios2-elf/4.1.2/../../../../nios2-elf/lib\libc.a(lib_a-isattyr.o)
                0x04007970                _isatty_r
 .text          0x040079e0       0x78 c:/altera/11.0sp1/nios2eds/bin/gnu/h-i686-mingw32/bin/../lib/gcc/nios2-elf/4.1.2/../../../../nios2-elf/lib\libc.a(lib_a-lseekr.o)
                0x040079e0                _lseek_r
 .text          0x04007a58       0x78 c:/altera/11.0sp1/nios2eds/bin/gnu/h-i686-mingw32/bin/../lib/gcc/nios2-elf/4.1.2/../../../../nios2-elf/lib\libc.a(lib_a-readr.o)
                0x04007a58                _read_r
 .text          0x04007ad0      0x5dc c:/altera/11.0sp1/nios2eds/bin/gnu/h-i686-mingw32/bin/../lib/gcc/nios2-elf/4.1.2\libgcc.a(_udivdi3.o)
                0x04007ad0                __udivdi3
 .text          0x040080ac      0x5b0 c:/altera/11.0sp1/nios2eds/bin/gnu/h-i686-mingw32/bin/../lib/gcc/nios2-elf/4.1.2\libgcc.a(_umoddi3.o)
                0x040080ac                __umoddi3
 .text          0x0400865c      0x504 c:/altera/11.0sp1/nios2eds/bin/gnu/h-i686-mingw32/bin/../lib/gcc/nios2-elf/4.1.2\libgcc.a(_addsub_df.o)
                0x04008a6c                __subdf3
                0x04008aec                __adddf3
 .text          0x04008b60      0x3c4 c:/altera/11.0sp1/nios2eds/bin/gnu/h-i686-mingw32/bin/../lib/gcc/nios2-elf/4.1.2\libgcc.a(_mul_df.o)
                0x04008b60                __muldf3
 .text          0x04008f24      0x258 c:/altera/11.0sp1/nios2eds/bin/gnu/h-i686-mingw32/bin/../lib/gcc/nios2-elf/4.1.2\libgcc.a(_div_df.o)
                0x04008f24                __divdf3
 .text          0x0400917c       0x88 c:/altera/11.0sp1/nios2eds/bin/gnu/h-i686-mingw32/bin/../lib/gcc/nios2-elf/4.1.2\libgcc.a(_eq_df.o)
                0x0400917c                __eqdf2
 .text          0x04009204       0x88 c:/altera/11.0sp1/nios2eds/bin/gnu/h-i686-mingw32/bin/../lib/gcc/nios2-elf/4.1.2\libgcc.a(_ne_df.o)
                0x04009204                __nedf2
 .text          0x0400928c       0x88 c:/altera/11.0sp1/nios2eds/bin/gnu/h-i686-mingw32/bin/../lib/gcc/nios2-elf/4.1.2\libgcc.a(_gt_df.o)
                0x0400928c                __gtdf2
 .text          0x04009314       0x88 c:/altera/11.0sp1/nios2eds/bin/gnu/h-i686-mingw32/bin/../lib/gcc/nios2-elf/4.1.2\libgcc.a(_ge_df.o)
                0x04009314                __gedf2
 .text          0x0400939c       0x88 c:/altera/11.0sp1/nios2eds/bin/gnu/h-i686-mingw32/bin/../lib/gcc/nios2-elf/4.1.2\libgcc.a(_lt_df.o)
                0x0400939c                __ltdf2
 .text          0x04009424       0xf8 c:/altera/11.0sp1/nios2eds/bin/gnu/h-i686-mingw32/bin/../lib/gcc/nios2-elf/4.1.2\libgcc.a(_si_to_df.o)
                0x04009424                __floatsidf
 .text          0x0400951c       0xd8 c:/altera/11.0sp1/nios2eds/bin/gnu/h-i686-mingw32/bin/../lib/gcc/nios2-elf/4.1.2\libgcc.a(_df_to_si.o)
                0x0400951c                __fixdfsi
 .text          0x040095f4        0x0 c:/altera/11.0sp1/nios2eds/bin/gnu/h-i686-mingw32/bin/../lib/gcc/nios2-elf/4.1.2\libgcc.a(_thenan_df.o)
 .text          0x040095f4      0x194 c:/altera/11.0sp1/nios2eds/bin/gnu/h-i686-mingw32/bin/../lib/gcc/nios2-elf/4.1.2\libgcc.a(_usi_to_df.o)
                0x040095f4                __floatunsidf
 .text          0x04009788      0x14c c:/altera/11.0sp1/nios2eds/bin/gnu/h-i686-mingw32/bin/../lib/gcc/nios2-elf/4.1.2\libgcc.a(lib2-divmod.o)
                0x04009804                __divsi3
                0x04009864                __modsi3
                0x040098c4                __udivsi3
                0x040098cc                __umodsi3
 .text          0x040098d4       0x98 c:/altera/11.0sp1/nios2eds/bin/gnu/h-i686-mingw32/bin/../lib/gcc/nios2-elf/4.1.2\libgcc.a(_muldi3.o)
                0x040098d4                __muldi3
 .text          0x0400996c        0x0 c:/altera/11.0sp1/nios2eds/bin/gnu/h-i686-mingw32/bin/../lib/gcc/nios2-elf/4.1.2\libgcc.a(_clz.o)
 .text          0x0400996c       0x80 c:/altera/11.0sp1/nios2eds/bin/gnu/h-i686-mingw32/bin/../lib/gcc/nios2-elf/4.1.2\libgcc.a(_clzsi2.o)
                0x0400996c                __clzsi2
 .text          0x040099ec      0x314 c:/altera/11.0sp1/nios2eds/bin/gnu/h-i686-mingw32/bin/../lib/gcc/nios2-elf/4.1.2\libgcc.a(_pack_df.o)
                0x040099ec                __pack_d
 .text          0x04009d00      0x138 c:/altera/11.0sp1/nios2eds/bin/gnu/h-i686-mingw32/bin/../lib/gcc/nios2-elf/4.1.2\libgcc.a(_unpack_df.o)
                0x04009d00                __unpack_d
 .text          0x04009e38       0xc8 c:/altera/11.0sp1/nios2eds/bin/gnu/h-i686-mingw32/bin/../lib/gcc/nios2-elf/4.1.2\libgcc.a(_fpcmp_parts_df.o)
                0x04009e38                __fpcmp_parts_d
 .text          0x04009f00      0x15c ../Test_bsp/\libucosii_bsp.a(alt_close.o)
                0x04009f00                close
 .text          0x0400a05c       0x2c ../Test_bsp/\libucosii_bsp.a(alt_dev.o)
 .text          0x0400a088        0x0 ../Test_bsp/\libucosii_bsp.a(alt_errno.o)
 .text          0x0400a088      0x134 ../Test_bsp/\libucosii_bsp.a(alt_fstat.o)
                0x0400a088                fstat
 .text          0x0400a1bc      0x120 ../Test_bsp/\libucosii_bsp.a(alt_isatty.o)
                0x0400a1bc                isatty
 .text          0x0400a2dc      0x150 ../Test_bsp/\libucosii_bsp.a(alt_lseek.o)
                0x0400a2dc                lseek
 .text          0x0400a42c       0xc8 ../Test_bsp/\libucosii_bsp.a(alt_main.o)
                0x0400a42c                alt_main
 .text          0x0400a4f4      0x180 ../Test_bsp/\libucosii_bsp.a(alt_read.o)
                0x0400a4f4                read
 .text          0x0400a674       0x60 ../Test_bsp/\libucosii_bsp.a(alt_release_fd.o)
                0x0400a674                alt_release_fd
 .text          0x0400a6d4       0xbc ../Test_bsp/\libucosii_bsp.a(alt_sbrk.o)
                0x0400a6d4                sbrk
 .text          0x0400a790      0x180 ../Test_bsp/\libucosii_bsp.a(alt_write.o)
                0x0400a790                write
 .text          0x0400a910      0x108 ../Test_bsp/\libucosii_bsp.a(alt_env_lock.o)
                0x0400a910                __env_lock
                0x0400a9bc                __env_unlock
 .text          0x0400aa18      0x1d8 ../Test_bsp/\libucosii_bsp.a(alt_malloc_lock.o)
                0x0400aa18                __malloc_lock
                0x0400ab20                __malloc_unlock
 .text          0x0400abf0     0x2488 ../Test_bsp/\libucosii_bsp.a(os_core.o)
                0x0400abf0                get_buff_idx
                0x0400ac14                set_buff_size
                0x0400ac3c                get_buff_size
                0x0400ac5c                get_timeout_flag
                0x0400ac80                OSEventNameGet
                0x0400adb0                OSEventNameSet
                0x0400aef4                OSEventPendMulti
                0x0400b5a8                OSInit
                0x0400b5fc                OSIntEnter
                0x0400b678                OSIntExit
                0x0400b848                OSSchedLock
                0x0400b8d4                OSSchedUnlock
                0x0400b9b8                OSStart
                0x0400ba28                OSStatInit
                0x0400bad4                OSTimeTick
                0x0400bd28                OSVersion
                0x0400bd48                OS_Dummy
                0x0400bd64                OS_EventTaskRdy
                0x0400bef8                OS_EventTaskWait
                0x0400c008                OS_EventTaskWaitMulti
                0x0400c15c                OS_EventTaskRemove
                0x0400c214                OS_EventTaskRemoveMulti
                0x0400c318                OS_EventWaitListInit
                0x0400c6e4                OS_MemClr
                0x0400c738                OS_MemCopy
                0x0400c7a4                OS_Sched
                0x0400cad4                OS_StrCopy
                0x0400cb54                OS_StrLen
                0x0400cbac                OS_TaskIdle
                0x0400cc08                OS_TaskStat
                0x0400ccd0                OS_TaskStatStkChk
                0x0400cd98                OS_TCBInit
 .text          0x0400d078      0x18c ../Test_bsp/\libucosii_bsp.a(os_dbg.o)
                0x0400d078                OSDebugInit
 .text          0x0400d204     0x193c ../Test_bsp/\libucosii_bsp.a(os_flag.o)
                0x0400d204                OSFlagAccept
                0x0400d538                OSFlagCreate
                0x0400d674                OSFlagDel
                0x0400d91c                OSFlagNameGet
                0x0400da60                OSFlagNameSet
                0x0400dbb4                OSFlagPend
                0x0400e1f8                OSFlagPendGetFlagsRdy
                0x0400e260                OSFlagPost
                0x0400e608                OSFlagQuery
                0x0400e8a0                OS_FlagInit
                0x0400ea94                OS_FlagUnlink
 .text          0x0400eb40      0x808 ../Test_bsp/\libucosii_bsp.a(os_mem.o)
                0x0400eb40                OSMemCreate
                0x0400ed5c                OSMemGet
                0x0400ee60                OSMemNameGet
                0x0400ef6c                OSMemNameSet
                0x0400f08c                OSMemPut
                0x0400f17c                OSMemQuery
                0x0400f278                OS_MemInit
 .text          0x0400f348     0x1334 ../Test_bsp/\libucosii_bsp.a(os_q.o)
                0x0400f348                OSQAccept
                0x0400f49c                OSQCreate
                0x0400f6b0                OSQDel
                0x0400f9b0                OSQFlush
                0x0400fa78                OSQPend
                0x0400fd98                OSQPendAbort
                0x0400ff14                OSQPost
                0x04010094                OSQPostFront
                0x0401021c                OSQPostOpt
                0x04010450                OSQQuery
                0x040105d0                OS_QInit
 .text          0x0401067c      0xbc8 ../Test_bsp/\libucosii_bsp.a(os_sem.o)
                0x0401067c                OSSemAccept
                0x0401073c                OSSemCreate
                0x04010850                OSSemDel
                0x04010af0                OSSemPend
                0x04010d6c                OSSemPendAbort
                0x04010ee8                OSSemPost
                0x04011010                OSSemQuery
                0x04011140                OSSemSet
 .text          0x04011244     0x1a40 ../Test_bsp/\libucosii_bsp.a(os_task.o)
                0x04011244                OSTaskChangePrio
                0x040117b8                OSTaskCreate
                0x0401198c                OSTaskCreateExt
                0x04011b8c                OSTaskDel
                0x04011f98                OSTaskDelReq
                0x04012108                OSTaskNameGet
                0x040122c0                OSTaskNameSet
                0x04012484                OSTaskResume
                0x0401269c                OSTaskStkChk
                0x04012898                OSTaskSuspend
                0x04012ac4                OSTaskQuery
                0x04012c08                OS_TaskStkClr
 .text          0x04012c84      0x59c ../Test_bsp/\libucosii_bsp.a(os_time.o)
                0x04012c84                OSTimeDly
                0x04012dd0                OSTimeDlyHMSM
                0x04012f48                OSTimeDlyResume
                0x04013158                OSTimeGet
                0x040131bc                OSTimeSet
 .text          0x04013220       0xd0 ../Test_bsp/\libucosii_bsp.a(alt_sys_init.o)
                0x04013220                alt_irq_init
                0x04013254                alt_sys_init
 .text          0x040132f0      0x934 ../Test_bsp/\libucosii_bsp.a(altera_avalon_epcs_flash_controller.o)
                0x040132f0                alt_epcs_flash_init
                0x04013670                alt_epcs_flash_write
                0x040138f0                alt_epcs_flash_get_info
                0x04013980                alt_epcs_flash_erase_block
                0x04013a88                alt_epcs_flash_write_block
                0x04013b98                alt_epcs_flash_read
 .text          0x04013c24      0x148 ../Test_bsp/\libucosii_bsp.a(altera_avalon_jtag_uart_fd.o)
                0x04013c24                altera_avalon_jtag_uart_read_fd
                0x04013c7c                altera_avalon_jtag_uart_write_fd
                0x04013cd4                altera_avalon_jtag_uart_close_fd
                0x04013d1c                altera_avalon_jtag_uart_ioctl_fd
 .text          0x04013d6c      0x584 ../Test_bsp/\libucosii_bsp.a(altera_avalon_jtag_uart_init.o)
                0x04013d6c                altera_avalon_jtag_uart_init
                0x0401427c                altera_avalon_jtag_uart_close
 .text          0x040142f0       0xf4 ../Test_bsp/\libucosii_bsp.a(altera_avalon_jtag_uart_ioctl.o)
                0x040142f0                altera_avalon_jtag_uart_ioctl
 .text          0x040143e4      0x2c0 ../Test_bsp/\libucosii_bsp.a(altera_avalon_jtag_uart_read.o)
                0x040143e4                altera_avalon_jtag_uart_read
 .text          0x040146a4      0x2dc ../Test_bsp/\libucosii_bsp.a(altera_avalon_jtag_uart_write.o)
                0x040146a4                altera_avalon_jtag_uart_write
 .text          0x04014980      0x100 ../Test_bsp/\libucosii_bsp.a(altera_avalon_timer_sc.o)
                0x040149f0                alt_avalon_timer_sc_init
 .text          0x04014a80      0x460 ../Test_bsp/\libucosii_bsp.a(epcs_commands.o)
                0x04014a80                epcs_read_status_register
                0x04014ae0                epcs_sector_erase
                0x04014bcc                epcs_read_buffer
                0x04014c80                epcs_write_enable
                0x04014cd0                epcs_write_status_register
                0x04014d34                epcs_write_buffer
                0x04014e0c                epcs_read_electronic_signature
                0x04014e78                epcs_read_device_id
 .text          0x04014ee0      0x154 ../Test_bsp/\libucosii_bsp.a(alt_alarm_start.o)
                0x04014ee0                alt_alarm_start
 .text          0x04015034      0x114 ../Test_bsp/\libucosii_bsp.a(alt_dev_llist_insert.o)
                0x04015034                alt_dev_llist_insert
 .text          0x04015148       0x64 ../Test_bsp/\libucosii_bsp.a(alt_do_ctors.o)
                0x04015148                _do_ctors
 .text          0x040151ac       0x64 ../Test_bsp/\libucosii_bsp.a(alt_do_dtors.o)
                0x040151ac                _do_dtors
 .text          0x04015210       0xd0 ../Test_bsp/\libucosii_bsp.a(alt_flash_dev.o)
                0x04015210                alt_flash_open_dev
                0x0401528c                alt_flash_close_dev
 .text          0x040152e0      0x1d4 ../Test_bsp/\libucosii_bsp.a(alt_iic.o)
                0x040152e0                alt_ic_isr_register
                0x04015330                alt_ic_irq_enable
                0x040153cc                alt_ic_irq_disable
                0x0401546c                alt_ic_irq_enabled
 .text          0x040154b4       0xf8 ../Test_bsp/\libucosii_bsp.a(alt_iic_isr_register.o)
                0x040154b4                alt_iic_isr_register
 .text          0x040155ac      0x13c ../Test_bsp/\libucosii_bsp.a(alt_io_redirect.o)
                0x04015670                alt_io_redirect
 .text          0x040156e8        0x0 ../Test_bsp/\libucosii_bsp.a(alt_irq_entry.o)
 .text          0x040156e8        0x0 ../Test_bsp/\libucosii_bsp.a(alt_irq_handler.o)
 .text          0x040156e8        0x0 ../Test_bsp/\libucosii_bsp.a(alt_irq_vars.o)
 .text          0x040156e8      0x2c4 ../Test_bsp/\libucosii_bsp.a(alt_open.o)
                0x040157c4                open
 .text          0x040159ac      0x1a8 ../Test_bsp/\libucosii_bsp.a(alt_tick.o)
                0x040159ac                alt_alarm_stop
                0x04015a44                alt_tick
 .text          0x04015b54       0x20 ../Test_bsp/\libucosii_bsp.a(altera_nios2_irq.o)
                0x04015b54                altera_nios2_irq_init
 .text          0x04015b74       0xd0 ../Test_bsp/\libucosii_bsp.a(os_cpu_a.o)
                0x04015b74                OSCtxSw
                0x04015b74                OSIntCtxSw
                0x04015c00                OSStartHighRdy
                0x04015c20                OSStartTsk
 .text          0x04015c44      0x418 ../Test_bsp/\libucosii_bsp.a(os_cpu_c.o)
                0x04015c44                OSTaskStkInit
                0x04015f54                OSTaskCreateHook
                0x04015f74                OSTaskDelHook
                0x04015f94                OSTaskSwHook
                0x04015fb0                OSTaskStatHook
                0x04015fcc                OSTimeTickHook
                0x04015fe8                OSInitHookBegin
                0x04016004                OSInitHookEnd
                0x04016020                OSTaskIdleHook
                0x0401603c                OSTCBInitHook
 .text          0x0401605c      0x238 ../Test_bsp/\libucosii_bsp.a(altera_avalon_spi.o)
                0x0401605c                alt_avalon_spi_command
 .text          0x04016294        0x0 ../Test_bsp/\libucosii_bsp.a(alt_exception_entry.o)
 .text          0x04016294       0x94 ../Test_bsp/\libucosii_bsp.a(alt_find_dev.o)
                0x04016294                alt_find_dev
 .text          0x04016328      0x120 ../Test_bsp/\libucosii_bsp.a(alt_find_file.o)
                0x04016328                alt_find_file
 .text          0x04016448       0xf4 ../Test_bsp/\libucosii_bsp.a(alt_get_fd.o)
                0x04016448                alt_get_fd
 .text          0x0401653c       0x14 c:/altera/11.0sp1/nios2eds/bin/gnu/h-i686-mingw32/bin/../lib/gcc/nios2-elf/4.1.2/../../../../nios2-elf/lib\libc.a(lib_a-atexit.o)
                0x0401653c                atexit
 .text          0x04016550       0x38 c:/altera/11.0sp1/nios2eds/bin/gnu/h-i686-mingw32/bin/../lib/gcc/nios2-elf/4.1.2/../../../../nios2-elf/lib\libc.a(lib_a-exit.o)
                0x04016550                exit
 .text          0x04016588       0x74 c:/altera/11.0sp1/nios2eds/bin/gnu/h-i686-mingw32/bin/../lib/gcc/nios2-elf/4.1.2/../../../../nios2-elf/lib\libc.a(lib_a-memcmp.o)
                0x04016588                memcmp
 .text          0x040165fc      0x134 c:/altera/11.0sp1/nios2eds/bin/gnu/h-i686-mingw32/bin/../lib/gcc/nios2-elf/4.1.2/../../../../nios2-elf/lib\libc.a(lib_a-__atexit.o)
                0x040165fc                __register_exitproc
 .text          0x04016730      0x1b4 c:/altera/11.0sp1/nios2eds/bin/gnu/h-i686-mingw32/bin/../lib/gcc/nios2-elf/4.1.2/../../../../nios2-elf/lib\libc.a(lib_a-__call_atexit.o)
                0x04016734                __call_exitprocs
 .text          0x040168e4       0x6c ../Test_bsp/\libucosii_bsp.a(alt_exit.o)
                0x04016924                _exit
 *(.gnu.warning.*)
 *(.fini)
                0x04016950                PROVIDE (__etext, ABSOLUTE (.))
                0x04016950                PROVIDE (_etext, ABSOLUTE (.))
                0x04016950                PROVIDE (etext, ABSOLUTE (.))
 *(.eh_frame_hdr)
                0x04016950                . = ALIGN (0x4)
                0x04016950                PROVIDE (__preinit_array_start, ABSOLUTE (.))
 *(.preinit_array)
                0x04016950                PROVIDE (__preinit_array_end, ABSOLUTE (.))
                0x04016950                PROVIDE (__init_array_start, ABSOLUTE (.))
 *(.init_array)
                0x04016950                PROVIDE (__init_array_end, ABSOLUTE (.))
                0x04016950                PROVIDE (__fini_array_start, ABSOLUTE (.))
 *(.fini_array)
                0x04016950                PROVIDE (__fini_array_end, ABSOLUTE (.))
 *(.eh_frame)
 .eh_frame      0x04016950       0x40 c:/altera/11.0sp1/nios2eds/bin/gnu/h-i686-mingw32/bin/../lib/gcc/nios2-elf/4.1.2\libgcc.a(_udivdi3.o)
 .eh_frame      0x04016990       0x2c c:/altera/11.0sp1/nios2eds/bin/gnu/h-i686-mingw32/bin/../lib/gcc/nios2-elf/4.1.2\libgcc.a(_umoddi3.o)
                                 0x40 (size before relaxing)
 *(.gcc_except_table)
 *(.dynamic)
                0x040169bc                PROVIDE (__CTOR_LIST__, ABSOLUTE (.))
 *(.ctors)
 *(SORT(.ctors.*))
 .ctors.65535   0x040169bc        0x4 c:/altera/11.0sp1/nios2eds/bin/gnu/h-i686-mingw32/bin/../lib/gcc/nios2-elf/4.1.2/../../../../nios2-elf/lib\libc.a(lib_a-__call_atexit.o)
                0x040169c0                PROVIDE (__CTOR_END__, ABSOLUTE (.))
                0x040169c0                PROVIDE (__DTOR_LIST__, ABSOLUTE (.))
 *(.dtors)
 *(SORT(.dtors.*))
                0x040169c0                PROVIDE (__DTOR_END__, ABSOLUTE (.))
 *(.jcr)
                0x040169c0                . = ALIGN (0x4)

.rodata         0x040169c0      0x514
                0x040169c0                PROVIDE (__ram_rodata_start, ABSOLUTE (.))
                0x040169c0                . = ALIGN (0x4)
 *(.rodata .rodata.* .gnu.linkonce.r.*)
 .rodata        0x040169c0       0xa8 obj/hello_ucosii.o
 .rodata.str1.4
                0x04016a68        0x2 c:/altera/11.0sp1/nios2eds/bin/gnu/h-i686-mingw32/bin/../lib/gcc/nios2-elf/4.1.2/../../../../nios2-elf/lib\libc.a(lib_a-puts.o)
                                  0x4 (size before relaxing)
 *fill*         0x04016a6a        0x2 00
 .rodata.str1.4
                0x04016a6c       0x5e c:/altera/11.0sp1/nios2eds/bin/gnu/h-i686-mingw32/bin/../lib/gcc/nios2-elf/4.1.2/../../../../nios2-elf/lib\libc.a(lib_a-vfprintf.o)
                                 0x60 (size before relaxing)
 .rodata        0x04016aca       0x20 c:/altera/11.0sp1/nios2eds/bin/gnu/h-i686-mingw32/bin/../lib/gcc/nios2-elf/4.1.2/../../../../nios2-elf/lib\libc.a(lib_a-vfprintf.o)
 *fill*         0x04016aea        0x2 00
 .rodata.str1.4
                0x04016aec       0x10 c:/altera/11.0sp1/nios2eds/bin/gnu/h-i686-mingw32/bin/../lib/gcc/nios2-elf/4.1.2/../../../../nios2-elf/lib\libc.a(lib_a-dtoa.o)
                                 0x14 (size before relaxing)
 .rodata.str1.4
                0x04016afc        0x2 c:/altera/11.0sp1/nios2eds/bin/gnu/h-i686-mingw32/bin/../lib/gcc/nios2-elf/4.1.2/../../../../nios2-elf/lib\libc.a(lib_a-impure.o)
                                  0x4 (size before relaxing)
 *fill*         0x04016afe        0x2 00
 .rodata.str1.4
                0x04016b00       0x10 c:/altera/11.0sp1/nios2eds/bin/gnu/h-i686-mingw32/bin/../lib/gcc/nios2-elf/4.1.2/../../../../nios2-elf/lib\libc.a(lib_a-locale.o)
                                 0x18 (size before relaxing)
 .rodata        0x04016b10       0x30 c:/altera/11.0sp1/nios2eds/bin/gnu/h-i686-mingw32/bin/../lib/gcc/nios2-elf/4.1.2/../../../../nios2-elf/lib\libc.a(lib_a-locale.o)
 .rodata        0x04016b40      0x124 c:/altera/11.0sp1/nios2eds/bin/gnu/h-i686-mingw32/bin/../lib/gcc/nios2-elf/4.1.2/../../../../nios2-elf/lib\libc.a(lib_a-mprec.o)
                0x04016b40                __mprec_tens
                0x04016c08                __mprec_bigtens
                0x04016c30                __mprec_tinytens
 .rodata        0x04016c64       0x14 c:/altera/11.0sp1/nios2eds/bin/gnu/h-i686-mingw32/bin/../lib/gcc/nios2-elf/4.1.2\libgcc.a(_thenan_df.o)
                0x04016c64                __thenan_df
 .rodata        0x04016c78      0x100 c:/altera/11.0sp1/nios2eds/bin/gnu/h-i686-mingw32/bin/../lib/gcc/nios2-elf/4.1.2\libgcc.a(_clz.o)
                0x04016c78                __clz_tab
 .rodata        0x04016d78        0xc ../Test_bsp/\libucosii_bsp.a(alt_dev.o)
 .rodata        0x04016d84       0x10 ../Test_bsp/\libucosii_bsp.a(alt_main.o)
 .rodata        0x04016d94      0x120 ../Test_bsp/\libucosii_bsp.a(os_core.o)
                0x04016d94                OSUnMapTbl
 .rodata        0x04016eb4       0x1c ../Test_bsp/\libucosii_bsp.a(alt_sys_init.o)
 .rodata        0x04016ed0        0x4 ../Test_bsp/\libucosii_bsp.a(os_cpu_c.o)
 *(.rodata1)
                0x04016ed4                . = ALIGN (0x4)
                0x04016ed4                PROVIDE (__ram_rodata_end, ABSOLUTE (.))
                0x040169c0                PROVIDE (__flash_rodata_start, LOADADDR (.rodata))

.rwdata         0x04016ed4     0x1bbc
                0x04016ed4                PROVIDE (__ram_rwdata_start, ABSOLUTE (.))
                0x04016ed4                . = ALIGN (0x4)
 *(.got.plt)
 *(.got)
 *(.data1)
 *(.data .data.* .gnu.linkonce.d.*)
 .data          0x04016ed4        0x0 ../Test_bsp//obj/HAL/src/crt0.o
 .data          0x04016ed4        0x0 obj/hello_ucosii.o
 .data          0x04016ed4        0x0 c:/altera/11.0sp1/nios2eds/bin/gnu/h-i686-mingw32/bin/../lib/gcc/nios2-elf/4.1.2/../../../../nios2-elf/lib\libc.a(lib_a-printf.o)
 .data          0x04016ed4        0x0 c:/altera/11.0sp1/nios2eds/bin/gnu/h-i686-mingw32/bin/../lib/gcc/nios2-elf/4.1.2/../../../../nios2-elf/lib\libc.a(lib_a-puts.o)
 .data          0x04016ed4        0x0 c:/altera/11.0sp1/nios2eds/bin/gnu/h-i686-mingw32/bin/../lib/gcc/nios2-elf/4.1.2/../../../../nios2-elf/lib\libc.a(lib_a-strlen.o)
 .data          0x04016ed4        0x0 c:/altera/11.0sp1/nios2eds/bin/gnu/h-i686-mingw32/bin/../lib/gcc/nios2-elf/4.1.2/../../../../nios2-elf/lib\libc.a(lib_a-vfprintf.o)
 .data          0x04016ed4        0x0 c:/altera/11.0sp1/nios2eds/bin/gnu/h-i686-mingw32/bin/../lib/gcc/nios2-elf/4.1.2/../../../../nios2-elf/lib\libc.a(lib_a-wsetup.o)
 .data          0x04016ed4        0x0 c:/altera/11.0sp1/nios2eds/bin/gnu/h-i686-mingw32/bin/../lib/gcc/nios2-elf/4.1.2/../../../../nios2-elf/lib\libc.a(lib_a-dtoa.o)
 .data          0x04016ed4        0x0 c:/altera/11.0sp1/nios2eds/bin/gnu/h-i686-mingw32/bin/../lib/gcc/nios2-elf/4.1.2/../../../../nios2-elf/lib\libc.a(lib_a-fflush.o)
 .data          0x04016ed4        0x0 c:/altera/11.0sp1/nios2eds/bin/gnu/h-i686-mingw32/bin/../lib/gcc/nios2-elf/4.1.2/../../../../nios2-elf/lib\libc.a(lib_a-findfp.o)
 .data          0x04016ed4        0x0 c:/altera/11.0sp1/nios2eds/bin/gnu/h-i686-mingw32/bin/../lib/gcc/nios2-elf/4.1.2/../../../../nios2-elf/lib\libc.a(lib_a-freer.o)
 .data          0x04016ed4        0x0 c:/altera/11.0sp1/nios2eds/bin/gnu/h-i686-mingw32/bin/../lib/gcc/nios2-elf/4.1.2/../../../../nios2-elf/lib\libc.a(lib_a-fvwrite.o)
 .data          0x04016ed4        0x0 c:/altera/11.0sp1/nios2eds/bin/gnu/h-i686-mingw32/bin/../lib/gcc/nios2-elf/4.1.2/../../../../nios2-elf/lib\libc.a(lib_a-fwalk.o)
 .data          0x04016ed4      0x400 c:/altera/11.0sp1/nios2eds/bin/gnu/h-i686-mingw32/bin/../lib/gcc/nios2-elf/4.1.2/../../../../nios2-elf/lib\libc.a(lib_a-impure.o)
 .data          0x040172d4        0xc c:/altera/11.0sp1/nios2eds/bin/gnu/h-i686-mingw32/bin/../lib/gcc/nios2-elf/4.1.2/../../../../nios2-elf/lib\libc.a(lib_a-locale.o)
                0x040172d4                __lc_ctype
 .data          0x040172e0        0x0 c:/altera/11.0sp1/nios2eds/bin/gnu/h-i686-mingw32/bin/../lib/gcc/nios2-elf/4.1.2/../../../../nios2-elf/lib\libc.a(lib_a-makebuf.o)
 .data          0x040172e0      0x408 c:/altera/11.0sp1/nios2eds/bin/gnu/h-i686-mingw32/bin/../lib/gcc/nios2-elf/4.1.2/../../../../nios2-elf/lib\libc.a(lib_a-mallocr.o)
                0x040172e0                __malloc_av_
 .data          0x040176e8        0x0 c:/altera/11.0sp1/nios2eds/bin/gnu/h-i686-mingw32/bin/../lib/gcc/nios2-elf/4.1.2/../../../../nios2-elf/lib\libc.a(lib_a-memchr.o)
 .data          0x040176e8        0x0 c:/altera/11.0sp1/nios2eds/bin/gnu/h-i686-mingw32/bin/../lib/gcc/nios2-elf/4.1.2/../../../../nios2-elf/lib\libc.a(lib_a-memcpy.o)
 .data          0x040176e8        0x0 c:/altera/11.0sp1/nios2eds/bin/gnu/h-i686-mingw32/bin/../lib/gcc/nios2-elf/4.1.2/../../../../nios2-elf/lib\libc.a(lib_a-memmove.o)
 .data          0x040176e8        0x0 c:/altera/11.0sp1/nios2eds/bin/gnu/h-i686-mingw32/bin/../lib/gcc/nios2-elf/4.1.2/../../../../nios2-elf/lib\libc.a(lib_a-memset.o)
 .data          0x040176e8        0x0 c:/altera/11.0sp1/nios2eds/bin/gnu/h-i686-mingw32/bin/../lib/gcc/nios2-elf/4.1.2/../../../../nios2-elf/lib\libc.a(lib_a-mprec.o)
 .data          0x040176e8        0x0 c:/altera/11.0sp1/nios2eds/bin/gnu/h-i686-mingw32/bin/../lib/gcc/nios2-elf/4.1.2/../../../../nios2-elf/lib\libc.a(lib_a-reallocr.o)
 .data          0x040176e8        0x0 c:/altera/11.0sp1/nios2eds/bin/gnu/h-i686-mingw32/bin/../lib/gcc/nios2-elf/4.1.2/../../../../nios2-elf/lib\libc.a(lib_a-s_isinfd.o)
 .data          0x040176e8        0x0 c:/altera/11.0sp1/nios2eds/bin/gnu/h-i686-mingw32/bin/../lib/gcc/nios2-elf/4.1.2/../../../../nios2-elf/lib\libc.a(lib_a-s_isnand.o)
 .data          0x040176e8        0x0 c:/altera/11.0sp1/nios2eds/bin/gnu/h-i686-mingw32/bin/../lib/gcc/nios2-elf/4.1.2/../../../../nios2-elf/lib\libc.a(lib_a-sbrkr.o)
 .data          0x040176e8        0x0 c:/altera/11.0sp1/nios2eds/bin/gnu/h-i686-mingw32/bin/../lib/gcc/nios2-elf/4.1.2/../../../../nios2-elf/lib\libc.a(lib_a-stdio.o)
 .data          0x040176e8        0x0 c:/altera/11.0sp1/nios2eds/bin/gnu/h-i686-mingw32/bin/../lib/gcc/nios2-elf/4.1.2/../../../../nios2-elf/lib\libc.a(lib_a-strcmp.o)
 .data          0x040176e8        0x0 c:/altera/11.0sp1/nios2eds/bin/gnu/h-i686-mingw32/bin/../lib/gcc/nios2-elf/4.1.2/../../../../nios2-elf/lib\libc.a(lib_a-writer.o)
 .data          0x040176e8        0x0 c:/altera/11.0sp1/nios2eds/bin/gnu/h-i686-mingw32/bin/../lib/gcc/nios2-elf/4.1.2/../../../../nios2-elf/lib\libc.a(lib_a-callocr.o)
 .data          0x040176e8        0x0 c:/altera/11.0sp1/nios2eds/bin/gnu/h-i686-mingw32/bin/../lib/gcc/nios2-elf/4.1.2/../../../../nios2-elf/lib\libc.a(lib_a-closer.o)
 .data          0x040176e8        0x0 c:/altera/11.0sp1/nios2eds/bin/gnu/h-i686-mingw32/bin/../lib/gcc/nios2-elf/4.1.2/../../../../nios2-elf/lib\libc.a(lib_a-fclose.o)
 .data          0x040176e8        0x0 c:/altera/11.0sp1/nios2eds/bin/gnu/h-i686-mingw32/bin/../lib/gcc/nios2-elf/4.1.2/../../../../nios2-elf/lib\libc.a(lib_a-fstatr.o)
 .data          0x040176e8        0x0 c:/altera/11.0sp1/nios2eds/bin/gnu/h-i686-mingw32/bin/../lib/gcc/nios2-elf/4.1.2/../../../../nios2-elf/lib\libc.a(lib_a-int_errno.o)
 .data          0x040176e8        0x0 c:/altera/11.0sp1/nios2eds/bin/gnu/h-i686-mingw32/bin/../lib/gcc/nios2-elf/4.1.2/../../../../nios2-elf/lib\libc.a(lib_a-isattyr.o)
 .data          0x040176e8        0x0 c:/altera/11.0sp1/nios2eds/bin/gnu/h-i686-mingw32/bin/../lib/gcc/nios2-elf/4.1.2/../../../../nios2-elf/lib\libc.a(lib_a-lseekr.o)
 .data          0x040176e8        0x0 c:/altera/11.0sp1/nios2eds/bin/gnu/h-i686-mingw32/bin/../lib/gcc/nios2-elf/4.1.2/../../../../nios2-elf/lib\libc.a(lib_a-readr.o)
 .data          0x040176e8        0x0 c:/altera/11.0sp1/nios2eds/bin/gnu/h-i686-mingw32/bin/../lib/gcc/nios2-elf/4.1.2\libgcc.a(_udivdi3.o)
 .data          0x040176e8        0x0 c:/altera/11.0sp1/nios2eds/bin/gnu/h-i686-mingw32/bin/../lib/gcc/nios2-elf/4.1.2\libgcc.a(_umoddi3.o)
 .data          0x040176e8        0x0 c:/altera/11.0sp1/nios2eds/bin/gnu/h-i686-mingw32/bin/../lib/gcc/nios2-elf/4.1.2\libgcc.a(_addsub_df.o)
 .data          0x040176e8        0x0 c:/altera/11.0sp1/nios2eds/bin/gnu/h-i686-mingw32/bin/../lib/gcc/nios2-elf/4.1.2\libgcc.a(_mul_df.o)
 .data          0x040176e8        0x0 c:/altera/11.0sp1/nios2eds/bin/gnu/h-i686-mingw32/bin/../lib/gcc/nios2-elf/4.1.2\libgcc.a(_div_df.o)
 .data          0x040176e8        0x0 c:/altera/11.0sp1/nios2eds/bin/gnu/h-i686-mingw32/bin/../lib/gcc/nios2-elf/4.1.2\libgcc.a(_eq_df.o)
 .data          0x040176e8        0x0 c:/altera/11.0sp1/nios2eds/bin/gnu/h-i686-mingw32/bin/../lib/gcc/nios2-elf/4.1.2\libgcc.a(_ne_df.o)
 .data          0x040176e8        0x0 c:/altera/11.0sp1/nios2eds/bin/gnu/h-i686-mingw32/bin/../lib/gcc/nios2-elf/4.1.2\libgcc.a(_gt_df.o)
 .data          0x040176e8        0x0 c:/altera/11.0sp1/nios2eds/bin/gnu/h-i686-mingw32/bin/../lib/gcc/nios2-elf/4.1.2\libgcc.a(_ge_df.o)
 .data          0x040176e8        0x0 c:/altera/11.0sp1/nios2eds/bin/gnu/h-i686-mingw32/bin/../lib/gcc/nios2-elf/4.1.2\libgcc.a(_lt_df.o)
 .data          0x040176e8        0x0 c:/altera/11.0sp1/nios2eds/bin/gnu/h-i686-mingw32/bin/../lib/gcc/nios2-elf/4.1.2\libgcc.a(_si_to_df.o)
 .data          0x040176e8        0x0 c:/altera/11.0sp1/nios2eds/bin/gnu/h-i686-mingw32/bin/../lib/gcc/nios2-elf/4.1.2\libgcc.a(_df_to_si.o)
 .data          0x040176e8        0x0 c:/altera/11.0sp1/nios2eds/bin/gnu/h-i686-mingw32/bin/../lib/gcc/nios2-elf/4.1.2\libgcc.a(_thenan_df.o)
 .data          0x040176e8        0x0 c:/altera/11.0sp1/nios2eds/bin/gnu/h-i686-mingw32/bin/../lib/gcc/nios2-elf/4.1.2\libgcc.a(_usi_to_df.o)
 .data          0x040176e8        0x0 c:/altera/11.0sp1/nios2eds/bin/gnu/h-i686-mingw32/bin/../lib/gcc/nios2-elf/4.1.2\libgcc.a(lib2-divmod.o)
 .data          0x040176e8        0x0 c:/altera/11.0sp1/nios2eds/bin/gnu/h-i686-mingw32/bin/../lib/gcc/nios2-elf/4.1.2\libgcc.a(_muldi3.o)
 .data          0x040176e8        0x0 c:/altera/11.0sp1/nios2eds/bin/gnu/h-i686-mingw32/bin/../lib/gcc/nios2-elf/4.1.2\libgcc.a(_clz.o)
 .data          0x040176e8        0x0 c:/altera/11.0sp1/nios2eds/bin/gnu/h-i686-mingw32/bin/../lib/gcc/nios2-elf/4.1.2\libgcc.a(_clzsi2.o)
 .data          0x040176e8        0x0 c:/altera/11.0sp1/nios2eds/bin/gnu/h-i686-mingw32/bin/../lib/gcc/nios2-elf/4.1.2\libgcc.a(_pack_df.o)
 .data          0x040176e8        0x0 c:/altera/11.0sp1/nios2eds/bin/gnu/h-i686-mingw32/bin/../lib/gcc/nios2-elf/4.1.2\libgcc.a(_unpack_df.o)
 .data          0x040176e8        0x0 c:/altera/11.0sp1/nios2eds/bin/gnu/h-i686-mingw32/bin/../lib/gcc/nios2-elf/4.1.2\libgcc.a(_fpcmp_parts_df.o)
 .data          0x040176e8        0x0 ../Test_bsp/\libucosii_bsp.a(alt_close.o)
 .data          0x040176e8      0x1a8 ../Test_bsp/\libucosii_bsp.a(alt_dev.o)
                0x040176e8                alt_dev_null
                0x04017710                alt_fd_list
 .data          0x04017890        0x0 ../Test_bsp/\libucosii_bsp.a(alt_errno.o)
 .data          0x04017890        0x0 ../Test_bsp/\libucosii_bsp.a(alt_fstat.o)
 .data          0x04017890        0x0 ../Test_bsp/\libucosii_bsp.a(alt_isatty.o)
 .data          0x04017890        0x0 ../Test_bsp/\libucosii_bsp.a(alt_lseek.o)
 .data          0x04017890        0x0 ../Test_bsp/\libucosii_bsp.a(alt_main.o)
 .data          0x04017890        0x0 ../Test_bsp/\libucosii_bsp.a(alt_read.o)
 .data          0x04017890        0x0 ../Test_bsp/\libucosii_bsp.a(alt_release_fd.o)
 .data          0x04017890        0x0 ../Test_bsp/\libucosii_bsp.a(alt_sbrk.o)
 .data          0x04017890        0x0 ../Test_bsp/\libucosii_bsp.a(alt_write.o)
 .data          0x04017890        0x0 ../Test_bsp/\libucosii_bsp.a(alt_env_lock.o)
 .data          0x04017890        0x0 ../Test_bsp/\libucosii_bsp.a(alt_malloc_lock.o)
 .data          0x04017890        0x0 ../Test_bsp/\libucosii_bsp.a(os_core.o)
 .data          0x04017890        0x0 ../Test_bsp/\libucosii_bsp.a(os_dbg.o)
 .data          0x04017890        0x0 ../Test_bsp/\libucosii_bsp.a(os_flag.o)
 .data          0x04017890        0x0 ../Test_bsp/\libucosii_bsp.a(os_mem.o)
 .data          0x04017890        0x0 ../Test_bsp/\libucosii_bsp.a(os_q.o)
 .data          0x04017890        0x0 ../Test_bsp/\libucosii_bsp.a(os_sem.o)
 .data          0x04017890        0x0 ../Test_bsp/\libucosii_bsp.a(os_task.o)
 .data          0x04017890        0x0 ../Test_bsp/\libucosii_bsp.a(os_time.o)
 .data          0x04017890     0x1130 ../Test_bsp/\libucosii_bsp.a(alt_sys_init.o)
 .data          0x040189c0        0x0 ../Test_bsp/\libucosii_bsp.a(altera_avalon_epcs_flash_controller.o)
 .data          0x040189c0        0x0 ../Test_bsp/\libucosii_bsp.a(altera_avalon_jtag_uart_fd.o)
 .data          0x040189c0        0x0 ../Test_bsp/\libucosii_bsp.a(altera_avalon_jtag_uart_init.o)
 .data          0x040189c0        0x0 ../Test_bsp/\libucosii_bsp.a(altera_avalon_jtag_uart_ioctl.o)
 .data          0x040189c0        0x0 ../Test_bsp/\libucosii_bsp.a(altera_avalon_jtag_uart_read.o)
 .data          0x040189c0        0x0 ../Test_bsp/\libucosii_bsp.a(altera_avalon_jtag_uart_write.o)
 .data          0x040189c0        0x0 ../Test_bsp/\libucosii_bsp.a(altera_avalon_timer_sc.o)
 .data          0x040189c0        0x0 ../Test_bsp/\libucosii_bsp.a(epcs_commands.o)
 .data          0x040189c0        0x0 ../Test_bsp/\libucosii_bsp.a(alt_alarm_start.o)
 .data          0x040189c0        0x0 ../Test_bsp/\libucosii_bsp.a(alt_dev_llist_insert.o)
 .data          0x040189c0        0x0 ../Test_bsp/\libucosii_bsp.a(alt_do_ctors.o)
 .data          0x040189c0        0x0 ../Test_bsp/\libucosii_bsp.a(alt_do_dtors.o)
 .data          0x040189c0        0x0 ../Test_bsp/\libucosii_bsp.a(alt_flash_dev.o)
 .data          0x040189c0        0x0 ../Test_bsp/\libucosii_bsp.a(alt_iic.o)
 .data          0x040189c0        0x0 ../Test_bsp/\libucosii_bsp.a(alt_iic_isr_register.o)
 .data          0x040189c0        0x0 ../Test_bsp/\libucosii_bsp.a(alt_io_redirect.o)
 .data          0x040189c0        0x0 ../Test_bsp/\libucosii_bsp.a(alt_irq_entry.o)
 .data          0x040189c0        0x0 ../Test_bsp/\libucosii_bsp.a(alt_irq_handler.o)
 .data          0x040189c0        0x0 ../Test_bsp/\libucosii_bsp.a(alt_irq_vars.o)
 .data          0x040189c0        0x0 ../Test_bsp/\libucosii_bsp.a(alt_open.o)
 .data          0x040189c0        0x0 ../Test_bsp/\libucosii_bsp.a(alt_tick.o)
 .data          0x040189c0        0x0 ../Test_bsp/\libucosii_bsp.a(altera_nios2_irq.o)
 .data          0x040189c0        0x0 ../Test_bsp/\libucosii_bsp.a(os_cpu_a.o)
 .data          0x040189c0        0x0 ../Test_bsp/\libucosii_bsp.a(os_cpu_c.o)
 .data          0x040189c0        0x0 ../Test_bsp/\libucosii_bsp.a(altera_avalon_spi.o)
 .data          0x040189c0        0x0 ../Test_bsp/\libucosii_bsp.a(alt_exception_entry.o)
 .data          0x040189c0        0x0 ../Test_bsp/\libucosii_bsp.a(alt_find_dev.o)
 .data          0x040189c0        0x0 ../Test_bsp/\libucosii_bsp.a(alt_find_file.o)
 .data          0x040189c0        0x0 ../Test_bsp/\libucosii_bsp.a(alt_get_fd.o)
 .data          0x040189c0        0x0 c:/altera/11.0sp1/nios2eds/bin/gnu/h-i686-mingw32/bin/../lib/gcc/nios2-elf/4.1.2/../../../../nios2-elf/lib\libc.a(lib_a-atexit.o)
 .data          0x040189c0        0x0 c:/altera/11.0sp1/nios2eds/bin/gnu/h-i686-mingw32/bin/../lib/gcc/nios2-elf/4.1.2/../../../../nios2-elf/lib\libc.a(lib_a-exit.o)
 .data          0x040189c0        0x0 c:/altera/11.0sp1/nios2eds/bin/gnu/h-i686-mingw32/bin/../lib/gcc/nios2-elf/4.1.2/../../../../nios2-elf/lib\libc.a(lib_a-memcmp.o)
 .data          0x040189c0        0x0 c:/altera/11.0sp1/nios2eds/bin/gnu/h-i686-mingw32/bin/../lib/gcc/nios2-elf/4.1.2/../../../../nios2-elf/lib\libc.a(lib_a-__atexit.o)
 .data          0x040189c0        0x0 c:/altera/11.0sp1/nios2eds/bin/gnu/h-i686-mingw32/bin/../lib/gcc/nios2-elf/4.1.2/../../../../nios2-elf/lib\libc.a(lib_a-__call_atexit.o)
 .data          0x040189c0        0x0 ../Test_bsp/\libucosii_bsp.a(alt_exit.o)
                0x040209c0                _gp = ABSOLUTE ((. + 0x8000))
                0x040209c0                PROVIDE (gp, _gp)
 *(.rwdata .rwdata.*)
 *(.sdata .sdata.* .gnu.linkonce.s.*)
 .sdata         0x040189c0        0xc obj/hello_ucosii.o
                0x040189c0                PRINT
                0x040189c4                task_data
 .sdata         0x040189cc        0x8 c:/altera/11.0sp1/nios2eds/bin/gnu/h-i686-mingw32/bin/../lib/gcc/nios2-elf/4.1.2/../../../../nios2-elf/lib\libc.a(lib_a-impure.o)
                0x040189cc                _impure_ptr
                0x040189d0                _global_impure_ptr
 .sdata         0x040189d4        0x8 c:/altera/11.0sp1/nios2eds/bin/gnu/h-i686-mingw32/bin/../lib/gcc/nios2-elf/4.1.2/../../../../nios2-elf/lib\libc.a(lib_a-locale.o)
                0x040189d4                __mb_cur_max
 .sdata         0x040189dc        0x8 c:/altera/11.0sp1/nios2eds/bin/gnu/h-i686-mingw32/bin/../lib/gcc/nios2-elf/4.1.2/../../../../nios2-elf/lib\libc.a(lib_a-mallocr.o)
                0x040189dc                __malloc_trim_threshold
                0x040189e0                __malloc_sbrk_base
 .sdata         0x040189e4       0x14 ../Test_bsp/\libucosii_bsp.a(alt_dev.o)
                0x040189e4                alt_fs_list
                0x040189ec                alt_dev_list
                0x040189f4                alt_max_fd
 .sdata         0x040189f8        0x4 ../Test_bsp/\libucosii_bsp.a(alt_errno.o)
                0x040189f8                alt_errno
 .sdata         0x040189fc        0x4 ../Test_bsp/\libucosii_bsp.a(alt_sbrk.o)
 .sdata         0x04018a00        0x4 ../Test_bsp/\libucosii_bsp.a(alt_env_lock.o)
 .sdata         0x04018a04        0x4 ../Test_bsp/\libucosii_bsp.a(alt_malloc_lock.o)
 .sdata         0x04018a08       0x74 ../Test_bsp/\libucosii_bsp.a(os_dbg.o)
                0x04018a08                OSDebugEn
                0x04018a0c                OSEndiannessTest
                0x04018a10                OSEventEn
                0x04018a12                OSEventMax
                0x04018a14                OSEventNameSize
                0x04018a16                OSEventSize
                0x04018a18                OSEventTblSize
                0x04018a1a                OSEventMultiEn
                0x04018a1c                OSFlagEn
                0x04018a1e                OSFlagGrpSize
                0x04018a20                OSFlagNodeSize
                0x04018a22                OSFlagWidth
                0x04018a24                OSFlagMax
                0x04018a26                OSFlagNameSize
                0x04018a28                OSLowestPrio
                0x04018a2a                OSMboxEn
                0x04018a2c                OSMemEn
                0x04018a2e                OSMemMax
                0x04018a30                OSMemNameSize
                0x04018a32                OSMemSize
                0x04018a34                OSMemTblSize
                0x04018a36                OSMutexEn
                0x04018a38                OSPtrSize
                0x04018a3a                OSQEn
                0x04018a3c                OSQMax
                0x04018a3e                OSQSize
                0x04018a40                OSRdyTblSize
                0x04018a42                OSSemEn
                0x04018a44                OSStkWidth
                0x04018a46                OSTaskCreateEn
                0x04018a48                OSTaskCreateExtEn
                0x04018a4a                OSTaskDelEn
                0x04018a4c                OSTaskIdleStkSize
                0x04018a4e                OSTaskProfileEn
                0x04018a50                OSTaskMax
                0x04018a52                OSTaskNameSize
                0x04018a54                OSTaskStatEn
                0x04018a56                OSTaskStatStkSize
                0x04018a58                OSTaskStatStkChkEn
                0x04018a5a                OSTaskSwHookEn
                0x04018a5c                OSTCBPrioTblMax
                0x04018a5e                OSTCBSize
                0x04018a60                OSTicksPerSec
                0x04018a62                OSTimeTickHookEn
                0x04018a64                OSVersionNbr
                0x04018a66                OSTmrEn
                0x04018a68                OSTmrCfgMax
                0x04018a6a                OSTmrCfgNameSize
                0x04018a6c                OSTmrCfgWheelSize
                0x04018a6e                OSTmrCfgTicksPerSec
                0x04018a70                OSTmrSize
                0x04018a72                OSTmrTblSize
                0x04018a74                OSTmrWheelSize
                0x04018a76                OSTmrWheelTblSize
                0x04018a78                OSDataSize
 .sdata         0x04018a7c        0x8 ../Test_bsp/\libucosii_bsp.a(alt_flash_dev.o)
                0x04018a7c                alt_flash_dev_list
 .sdata         0x04018a84        0x4 ../Test_bsp/\libucosii_bsp.a(alt_irq_vars.o)
                0x04018a84                alt_priority_mask
 .sdata         0x04018a88        0x8 ../Test_bsp/\libucosii_bsp.a(alt_tick.o)
                0x04018a88                alt_alarm_list
 *(.sdata2 .sdata2.* .gnu.linkonce.s2.*)
                0x04018a90                . = ALIGN (0x4)
                0x04018a90                _edata = ABSOLUTE (.)
                0x04018a90                PROVIDE (edata, ABSOLUTE (.))
                0x04018a90                PROVIDE (__ram_rwdata_end, ABSOLUTE (.))
                0x04016ed4                PROVIDE (__flash_rwdata_start, LOADADDR (.rwdata))

.bss            0x04018a90     0x5798
                0x04018a90                __bss_start = ABSOLUTE (.)
                0x04018a90                PROVIDE (__sbss_start, ABSOLUTE (.))
                0x04018a90                PROVIDE (___sbss_start, ABSOLUTE (.))
 *(.dynsbss)
 *(.sbss .sbss.* .gnu.linkonce.sb.*)
 .sbss          0x04018a90        0xe obj/hello_ucosii.o
                0x04018a90                tmp
                0x04018a91                i_cnt
                0x04018a94                RandomSem
                0x04018a98                current
                0x04018a9c                err
                0x04018a9d                t_cnt
 *fill*         0x04018a9e        0x2 00
 .sbss          0x04018aa0        0xc c:/altera/11.0sp1/nios2eds/bin/gnu/h-i686-mingw32/bin/../lib/gcc/nios2-elf/4.1.2/../../../../nios2-elf/lib\libc.a(lib_a-locale.o)
                0x04018aa0                __nlocale_changed
                0x04018aa4                __mlocale_changed
                0x04018aa8                _PathLocale
 .sbss          0x04018aac        0xc c:/altera/11.0sp1/nios2eds/bin/gnu/h-i686-mingw32/bin/../lib/gcc/nios2-elf/4.1.2/../../../../nios2-elf/lib\libc.a(lib_a-mallocr.o)
                0x04018aac                __malloc_top_pad
                0x04018ab0                __malloc_max_sbrked_mem
                0x04018ab4                __malloc_max_total_mem
 .sbss          0x04018ab8        0x4 c:/altera/11.0sp1/nios2eds/bin/gnu/h-i686-mingw32/bin/../lib/gcc/nios2-elf/4.1.2/../../../../nios2-elf/lib\libc.a(lib_a-int_errno.o)
                0x04018ab8                errno
 .sbss          0x04018abc        0x4 ../Test_bsp/\libucosii_bsp.a(alt_dev.o)
                0x04018abc                alt_fd_list_lock
 .sbss          0x04018ac0        0xc ../Test_bsp/\libucosii_bsp.a(alt_main.o)
                0x04018ac0                alt_argc
                0x04018ac4                alt_argv
                0x04018ac8                alt_envp
 .sbss          0x04018acc        0x8 ../Test_bsp/\libucosii_bsp.a(alt_env_lock.o)
                0x04018ad0                alt_envsem
 .sbss          0x04018ad4        0x8 ../Test_bsp/\libucosii_bsp.a(alt_malloc_lock.o)
                0x04018ad8                alt_heapsem
 .sbss          0x04018adc       0x54 ../Test_bsp/\libucosii_bsp.a(os_core.o)
                0x04018adc                buffer_index
                0x04018add                TIMEOUT
                0x04018ade                idx
                0x04018adf                OSLockNesting
                0x04018ae0                OSRunning
                0x04018ae4                OSIdleCtr
                0x04018ae8                OSPrioHighRdy
                0x04018ae9                OSPrioCur
                0x04018aec                OSTCBList
                0x04018af0                OSTickStepState
                0x04018af4                OSCtxSwCtr
                0x04018af8                OSIdleCtrMax
                0x04018afc                OSTCBFreeList
                0x04018b00                OSCPUUsage
                0x04018b01                OSTaskCtr
                0x04018b04                OSMemFreeList
                0x04018b08                OSTCBHighRdy
                0x04018b0c                OSQFreeList
                0x04018b10                OSRdyGrp
                0x04018b11                OSRdyTbl
                0x04018b14                OSEventFreeList
                0x04018b18                OSIntNesting
                0x04018b1c                OSTCBCur
                0x04018b20                OSTime
                0x04018b24                OSFlagFreeList
                0x04018b28                OSStatRdy
                0x04018b2c                OSIdleCtrRun
 .sbss          0x04018b30        0x4 ../Test_bsp/\libucosii_bsp.a(alt_irq_vars.o)
                0x04018b30                alt_irq_active
 .sbss          0x04018b34        0x8 ../Test_bsp/\libucosii_bsp.a(alt_tick.o)
                0x04018b34                _alt_tick_rate
                0x04018b38                _alt_nticks
 *(.sbss2 .sbss2.* .gnu.linkonce.sb2.*)
 *(.scommon)
                0x04018b3c                PROVIDE (__sbss_end, ABSOLUTE (.))
                0x04018b3c                PROVIDE (___sbss_end, ABSOLUTE (.))
 *(.dynbss)
 *(.bss .bss.* .gnu.linkonce.b.*)
 .bss           0x04018b3c        0x0 ../Test_bsp//obj/HAL/src/crt0.o
 .bss           0x04018b3c        0x0 obj/hello_ucosii.o
 .bss           0x04018b3c        0x0 c:/altera/11.0sp1/nios2eds/bin/gnu/h-i686-mingw32/bin/../lib/gcc/nios2-elf/4.1.2/../../../../nios2-elf/lib\libc.a(lib_a-printf.o)
 .bss           0x04018b3c        0x0 c:/altera/11.0sp1/nios2eds/bin/gnu/h-i686-mingw32/bin/../lib/gcc/nios2-elf/4.1.2/../../../../nios2-elf/lib\libc.a(lib_a-puts.o)
 .bss           0x04018b3c        0x0 c:/altera/11.0sp1/nios2eds/bin/gnu/h-i686-mingw32/bin/../lib/gcc/nios2-elf/4.1.2/../../../../nios2-elf/lib\libc.a(lib_a-strlen.o)
 .bss           0x04018b3c        0x0 c:/altera/11.0sp1/nios2eds/bin/gnu/h-i686-mingw32/bin/../lib/gcc/nios2-elf/4.1.2/../../../../nios2-elf/lib\libc.a(lib_a-vfprintf.o)
 .bss           0x04018b3c        0x0 c:/altera/11.0sp1/nios2eds/bin/gnu/h-i686-mingw32/bin/../lib/gcc/nios2-elf/4.1.2/../../../../nios2-elf/lib\libc.a(lib_a-wsetup.o)
 .bss           0x04018b3c        0x0 c:/altera/11.0sp1/nios2eds/bin/gnu/h-i686-mingw32/bin/../lib/gcc/nios2-elf/4.1.2/../../../../nios2-elf/lib\libc.a(lib_a-dtoa.o)
 .bss           0x04018b3c        0x0 c:/altera/11.0sp1/nios2eds/bin/gnu/h-i686-mingw32/bin/../lib/gcc/nios2-elf/4.1.2/../../../../nios2-elf/lib\libc.a(lib_a-fflush.o)
 .bss           0x04018b3c        0x0 c:/altera/11.0sp1/nios2eds/bin/gnu/h-i686-mingw32/bin/../lib/gcc/nios2-elf/4.1.2/../../../../nios2-elf/lib\libc.a(lib_a-findfp.o)
 .bss           0x04018b3c        0x0 c:/altera/11.0sp1/nios2eds/bin/gnu/h-i686-mingw32/bin/../lib/gcc/nios2-elf/4.1.2/../../../../nios2-elf/lib\libc.a(lib_a-freer.o)
 .bss           0x04018b3c        0x0 c:/altera/11.0sp1/nios2eds/bin/gnu/h-i686-mingw32/bin/../lib/gcc/nios2-elf/4.1.2/../../../../nios2-elf/lib\libc.a(lib_a-fvwrite.o)
 .bss           0x04018b3c        0x0 c:/altera/11.0sp1/nios2eds/bin/gnu/h-i686-mingw32/bin/../lib/gcc/nios2-elf/4.1.2/../../../../nios2-elf/lib\libc.a(lib_a-fwalk.o)
 .bss           0x04018b3c        0x0 c:/altera/11.0sp1/nios2eds/bin/gnu/h-i686-mingw32/bin/../lib/gcc/nios2-elf/4.1.2/../../../../nios2-elf/lib\libc.a(lib_a-impure.o)
 .bss           0x04018b3c        0x0 c:/altera/11.0sp1/nios2eds/bin/gnu/h-i686-mingw32/bin/../lib/gcc/nios2-elf/4.1.2/../../../../nios2-elf/lib\libc.a(lib_a-locale.o)
 .bss           0x04018b3c        0x0 c:/altera/11.0sp1/nios2eds/bin/gnu/h-i686-mingw32/bin/../lib/gcc/nios2-elf/4.1.2/../../../../nios2-elf/lib\libc.a(lib_a-makebuf.o)
 .bss           0x04018b3c       0x28 c:/altera/11.0sp1/nios2eds/bin/gnu/h-i686-mingw32/bin/../lib/gcc/nios2-elf/4.1.2/../../../../nios2-elf/lib\libc.a(lib_a-mallocr.o)
                0x04018b3c                __malloc_current_mallinfo
 .bss           0x04018b64        0x0 c:/altera/11.0sp1/nios2eds/bin/gnu/h-i686-mingw32/bin/../lib/gcc/nios2-elf/4.1.2/../../../../nios2-elf/lib\libc.a(lib_a-memchr.o)
 .bss           0x04018b64        0x0 c:/altera/11.0sp1/nios2eds/bin/gnu/h-i686-mingw32/bin/../lib/gcc/nios2-elf/4.1.2/../../../../nios2-elf/lib\libc.a(lib_a-memcpy.o)
 .bss           0x04018b64        0x0 c:/altera/11.0sp1/nios2eds/bin/gnu/h-i686-mingw32/bin/../lib/gcc/nios2-elf/4.1.2/../../../../nios2-elf/lib\libc.a(lib_a-memmove.o)
 .bss           0x04018b64        0x0 c:/altera/11.0sp1/nios2eds/bin/gnu/h-i686-mingw32/bin/../lib/gcc/nios2-elf/4.1.2/../../../../nios2-elf/lib\libc.a(lib_a-memset.o)
 .bss           0x04018b64        0x0 c:/altera/11.0sp1/nios2eds/bin/gnu/h-i686-mingw32/bin/../lib/gcc/nios2-elf/4.1.2/../../../../nios2-elf/lib\libc.a(lib_a-mprec.o)
 .bss           0x04018b64        0x0 c:/altera/11.0sp1/nios2eds/bin/gnu/h-i686-mingw32/bin/../lib/gcc/nios2-elf/4.1.2/../../../../nios2-elf/lib\libc.a(lib_a-reallocr.o)
 .bss           0x04018b64        0x0 c:/altera/11.0sp1/nios2eds/bin/gnu/h-i686-mingw32/bin/../lib/gcc/nios2-elf/4.1.2/../../../../nios2-elf/lib\libc.a(lib_a-s_isinfd.o)
 .bss           0x04018b64        0x0 c:/altera/11.0sp1/nios2eds/bin/gnu/h-i686-mingw32/bin/../lib/gcc/nios2-elf/4.1.2/../../../../nios2-elf/lib\libc.a(lib_a-s_isnand.o)
 .bss           0x04018b64        0x0 c:/altera/11.0sp1/nios2eds/bin/gnu/h-i686-mingw32/bin/../lib/gcc/nios2-elf/4.1.2/../../../../nios2-elf/lib\libc.a(lib_a-sbrkr.o)
 .bss           0x04018b64        0x0 c:/altera/11.0sp1/nios2eds/bin/gnu/h-i686-mingw32/bin/../lib/gcc/nios2-elf/4.1.2/../../../../nios2-elf/lib\libc.a(lib_a-stdio.o)
 .bss           0x04018b64        0x0 c:/altera/11.0sp1/nios2eds/bin/gnu/h-i686-mingw32/bin/../lib/gcc/nios2-elf/4.1.2/../../../../nios2-elf/lib\libc.a(lib_a-strcmp.o)
 .bss           0x04018b64        0x0 c:/altera/11.0sp1/nios2eds/bin/gnu/h-i686-mingw32/bin/../lib/gcc/nios2-elf/4.1.2/../../../../nios2-elf/lib\libc.a(lib_a-writer.o)
 .bss           0x04018b64        0x0 c:/altera/11.0sp1/nios2eds/bin/gnu/h-i686-mingw32/bin/../lib/gcc/nios2-elf/4.1.2/../../../../nios2-elf/lib\libc.a(lib_a-callocr.o)
 .bss           0x04018b64        0x0 c:/altera/11.0sp1/nios2eds/bin/gnu/h-i686-mingw32/bin/../lib/gcc/nios2-elf/4.1.2/../../../../nios2-elf/lib\libc.a(lib_a-closer.o)
 .bss           0x04018b64        0x0 c:/altera/11.0sp1/nios2eds/bin/gnu/h-i686-mingw32/bin/../lib/gcc/nios2-elf/4.1.2/../../../../nios2-elf/lib\libc.a(lib_a-fclose.o)
 .bss           0x04018b64        0x0 c:/altera/11.0sp1/nios2eds/bin/gnu/h-i686-mingw32/bin/../lib/gcc/nios2-elf/4.1.2/../../../../nios2-elf/lib\libc.a(lib_a-fstatr.o)
 .bss           0x04018b64        0x0 c:/altera/11.0sp1/nios2eds/bin/gnu/h-i686-mingw32/bin/../lib/gcc/nios2-elf/4.1.2/../../../../nios2-elf/lib\libc.a(lib_a-int_errno.o)
 .bss           0x04018b64        0x0 c:/altera/11.0sp1/nios2eds/bin/gnu/h-i686-mingw32/bin/../lib/gcc/nios2-elf/4.1.2/../../../../nios2-elf/lib\libc.a(lib_a-isattyr.o)
 .bss           0x04018b64        0x0 c:/altera/11.0sp1/nios2eds/bin/gnu/h-i686-mingw32/bin/../lib/gcc/nios2-elf/4.1.2/../../../../nios2-elf/lib\libc.a(lib_a-lseekr.o)
 .bss           0x04018b64        0x0 c:/altera/11.0sp1/nios2eds/bin/gnu/h-i686-mingw32/bin/../lib/gcc/nios2-elf/4.1.2/../../../../nios2-elf/lib\libc.a(lib_a-readr.o)
 .bss           0x04018b64        0x0 c:/altera/11.0sp1/nios2eds/bin/gnu/h-i686-mingw32/bin/../lib/gcc/nios2-elf/4.1.2\libgcc.a(_udivdi3.o)
 .bss           0x04018b64        0x0 c:/altera/11.0sp1/nios2eds/bin/gnu/h-i686-mingw32/bin/../lib/gcc/nios2-elf/4.1.2\libgcc.a(_umoddi3.o)
 .bss           0x04018b64        0x0 c:/altera/11.0sp1/nios2eds/bin/gnu/h-i686-mingw32/bin/../lib/gcc/nios2-elf/4.1.2\libgcc.a(_addsub_df.o)
 .bss           0x04018b64        0x0 c:/altera/11.0sp1/nios2eds/bin/gnu/h-i686-mingw32/bin/../lib/gcc/nios2-elf/4.1.2\libgcc.a(_mul_df.o)
 .bss           0x04018b64        0x0 c:/altera/11.0sp1/nios2eds/bin/gnu/h-i686-mingw32/bin/../lib/gcc/nios2-elf/4.1.2\libgcc.a(_div_df.o)
 .bss           0x04018b64        0x0 c:/altera/11.0sp1/nios2eds/bin/gnu/h-i686-mingw32/bin/../lib/gcc/nios2-elf/4.1.2\libgcc.a(_eq_df.o)
 .bss           0x04018b64        0x0 c:/altera/11.0sp1/nios2eds/bin/gnu/h-i686-mingw32/bin/../lib/gcc/nios2-elf/4.1.2\libgcc.a(_ne_df.o)
 .bss           0x04018b64        0x0 c:/altera/11.0sp1/nios2eds/bin/gnu/h-i686-mingw32/bin/../lib/gcc/nios2-elf/4.1.2\libgcc.a(_gt_df.o)
 .bss           0x04018b64        0x0 c:/altera/11.0sp1/nios2eds/bin/gnu/h-i686-mingw32/bin/../lib/gcc/nios2-elf/4.1.2\libgcc.a(_ge_df.o)
 .bss           0x04018b64        0x0 c:/altera/11.0sp1/nios2eds/bin/gnu/h-i686-mingw32/bin/../lib/gcc/nios2-elf/4.1.2\libgcc.a(_lt_df.o)
 .bss           0x04018b64        0x0 c:/altera/11.0sp1/nios2eds/bin/gnu/h-i686-mingw32/bin/../lib/gcc/nios2-elf/4.1.2\libgcc.a(_si_to_df.o)
 .bss           0x04018b64        0x0 c:/altera/11.0sp1/nios2eds/bin/gnu/h-i686-mingw32/bin/../lib/gcc/nios2-elf/4.1.2\libgcc.a(_df_to_si.o)
 .bss           0x04018b64        0x0 c:/altera/11.0sp1/nios2eds/bin/gnu/h-i686-mingw32/bin/../lib/gcc/nios2-elf/4.1.2\libgcc.a(_thenan_df.o)
 .bss           0x04018b64        0x0 c:/altera/11.0sp1/nios2eds/bin/gnu/h-i686-mingw32/bin/../lib/gcc/nios2-elf/4.1.2\libgcc.a(_usi_to_df.o)
 .bss           0x04018b64        0x0 c:/altera/11.0sp1/nios2eds/bin/gnu/h-i686-mingw32/bin/../lib/gcc/nios2-elf/4.1.2\libgcc.a(lib2-divmod.o)
 .bss           0x04018b64        0x0 c:/altera/11.0sp1/nios2eds/bin/gnu/h-i686-mingw32/bin/../lib/gcc/nios2-elf/4.1.2\libgcc.a(_muldi3.o)
 .bss           0x04018b64        0x0 c:/altera/11.0sp1/nios2eds/bin/gnu/h-i686-mingw32/bin/../lib/gcc/nios2-elf/4.1.2\libgcc.a(_clz.o)
 .bss           0x04018b64        0x0 c:/altera/11.0sp1/nios2eds/bin/gnu/h-i686-mingw32/bin/../lib/gcc/nios2-elf/4.1.2\libgcc.a(_clzsi2.o)
 .bss           0x04018b64        0x0 c:/altera/11.0sp1/nios2eds/bin/gnu/h-i686-mingw32/bin/../lib/gcc/nios2-elf/4.1.2\libgcc.a(_pack_df.o)
 .bss           0x04018b64        0x0 c:/altera/11.0sp1/nios2eds/bin/gnu/h-i686-mingw32/bin/../lib/gcc/nios2-elf/4.1.2\libgcc.a(_unpack_df.o)
 .bss           0x04018b64        0x0 c:/altera/11.0sp1/nios2eds/bin/gnu/h-i686-mingw32/bin/../lib/gcc/nios2-elf/4.1.2\libgcc.a(_fpcmp_parts_df.o)
 .bss           0x04018b64        0x0 ../Test_bsp/\libucosii_bsp.a(alt_close.o)
 .bss           0x04018b64        0x0 ../Test_bsp/\libucosii_bsp.a(alt_dev.o)
 .bss           0x04018b64        0x0 ../Test_bsp/\libucosii_bsp.a(alt_errno.o)
 .bss           0x04018b64        0x0 ../Test_bsp/\libucosii_bsp.a(alt_fstat.o)
 .bss           0x04018b64        0x0 ../Test_bsp/\libucosii_bsp.a(alt_isatty.o)
 .bss           0x04018b64        0x0 ../Test_bsp/\libucosii_bsp.a(alt_lseek.o)
 .bss           0x04018b64        0x0 ../Test_bsp/\libucosii_bsp.a(alt_main.o)
 .bss           0x04018b64        0x0 ../Test_bsp/\libucosii_bsp.a(alt_read.o)
 .bss           0x04018b64        0x0 ../Test_bsp/\libucosii_bsp.a(alt_release_fd.o)
 .bss           0x04018b64        0x0 ../Test_bsp/\libucosii_bsp.a(alt_sbrk.o)
 .bss           0x04018b64        0x0 ../Test_bsp/\libucosii_bsp.a(alt_write.o)
 .bss           0x04018b64        0x0 ../Test_bsp/\libucosii_bsp.a(alt_env_lock.o)
 .bss           0x04018b64        0x0 ../Test_bsp/\libucosii_bsp.a(alt_malloc_lock.o)
 .bss           0x04018b64        0x0 ../Test_bsp/\libucosii_bsp.a(os_core.o)
 .bss           0x04018b64        0x0 ../Test_bsp/\libucosii_bsp.a(os_dbg.o)
 .bss           0x04018b64        0x0 ../Test_bsp/\libucosii_bsp.a(os_flag.o)
 .bss           0x04018b64        0x0 ../Test_bsp/\libucosii_bsp.a(os_mem.o)
 .bss           0x04018b64        0x0 ../Test_bsp/\libucosii_bsp.a(os_q.o)
 .bss           0x04018b64        0x0 ../Test_bsp/\libucosii_bsp.a(os_sem.o)
 .bss           0x04018b64        0x0 ../Test_bsp/\libucosii_bsp.a(os_task.o)
 .bss           0x04018b64        0x0 ../Test_bsp/\libucosii_bsp.a(os_time.o)
 .bss           0x04018b64        0x0 ../Test_bsp/\libucosii_bsp.a(alt_sys_init.o)
 .bss           0x04018b64        0x0 ../Test_bsp/\libucosii_bsp.a(altera_avalon_epcs_flash_controller.o)
 .bss           0x04018b64        0x0 ../Test_bsp/\libucosii_bsp.a(altera_avalon_jtag_uart_fd.o)
 .bss           0x04018b64        0x0 ../Test_bsp/\libucosii_bsp.a(altera_avalon_jtag_uart_init.o)
 .bss           0x04018b64        0x0 ../Test_bsp/\libucosii_bsp.a(altera_avalon_jtag_uart_ioctl.o)
 .bss           0x04018b64        0x0 ../Test_bsp/\libucosii_bsp.a(altera_avalon_jtag_uart_read.o)
 .bss           0x04018b64        0x0 ../Test_bsp/\libucosii_bsp.a(altera_avalon_jtag_uart_write.o)
 .bss           0x04018b64        0x0 ../Test_bsp/\libucosii_bsp.a(altera_avalon_timer_sc.o)
 .bss           0x04018b64        0x0 ../Test_bsp/\libucosii_bsp.a(epcs_commands.o)
 .bss           0x04018b64        0x0 ../Test_bsp/\libucosii_bsp.a(alt_alarm_start.o)
 .bss           0x04018b64        0x0 ../Test_bsp/\libucosii_bsp.a(alt_dev_llist_insert.o)
 .bss           0x04018b64        0x0 ../Test_bsp/\libucosii_bsp.a(alt_do_ctors.o)
 .bss           0x04018b64        0x0 ../Test_bsp/\libucosii_bsp.a(alt_do_dtors.o)
 .bss           0x04018b64        0x0 ../Test_bsp/\libucosii_bsp.a(alt_flash_dev.o)
 .bss           0x04018b64        0x0 ../Test_bsp/\libucosii_bsp.a(alt_iic.o)
 .bss           0x04018b64        0x0 ../Test_bsp/\libucosii_bsp.a(alt_iic_isr_register.o)
 .bss           0x04018b64        0x0 ../Test_bsp/\libucosii_bsp.a(alt_io_redirect.o)
 .bss           0x04018b64        0x0 ../Test_bsp/\libucosii_bsp.a(alt_irq_entry.o)
 .bss           0x04018b64        0x0 ../Test_bsp/\libucosii_bsp.a(alt_irq_handler.o)
 .bss           0x04018b64        0x0 ../Test_bsp/\libucosii_bsp.a(alt_irq_vars.o)
 .bss           0x04018b64        0x0 ../Test_bsp/\libucosii_bsp.a(alt_open.o)
 .bss           0x04018b64        0x0 ../Test_bsp/\libucosii_bsp.a(alt_tick.o)
 .bss           0x04018b64        0x0 ../Test_bsp/\libucosii_bsp.a(altera_nios2_irq.o)
 .bss           0x04018b64        0x0 ../Test_bsp/\libucosii_bsp.a(os_cpu_a.o)
 .bss           0x04018b64        0x0 ../Test_bsp/\libucosii_bsp.a(os_cpu_c.o)
 .bss           0x04018b64        0x0 ../Test_bsp/\libucosii_bsp.a(altera_avalon_spi.o)
 .bss           0x04018b64        0x0 ../Test_bsp/\libucosii_bsp.a(alt_exception_entry.o)
 .bss           0x04018b64        0x0 ../Test_bsp/\libucosii_bsp.a(alt_find_dev.o)
 .bss           0x04018b64        0x0 ../Test_bsp/\libucosii_bsp.a(alt_find_file.o)
 .bss           0x04018b64        0x0 ../Test_bsp/\libucosii_bsp.a(alt_get_fd.o)
 .bss           0x04018b64        0x0 c:/altera/11.0sp1/nios2eds/bin/gnu/h-i686-mingw32/bin/../lib/gcc/nios2-elf/4.1.2/../../../../nios2-elf/lib\libc.a(lib_a-atexit.o)
 .bss           0x04018b64        0x0 c:/altera/11.0sp1/nios2eds/bin/gnu/h-i686-mingw32/bin/../lib/gcc/nios2-elf/4.1.2/../../../../nios2-elf/lib\libc.a(lib_a-exit.o)
 .bss           0x04018b64        0x0 c:/altera/11.0sp1/nios2eds/bin/gnu/h-i686-mingw32/bin/../lib/gcc/nios2-elf/4.1.2/../../../../nios2-elf/lib\libc.a(lib_a-memcmp.o)
 .bss           0x04018b64        0x0 c:/altera/11.0sp1/nios2eds/bin/gnu/h-i686-mingw32/bin/../lib/gcc/nios2-elf/4.1.2/../../../../nios2-elf/lib\libc.a(lib_a-__atexit.o)
 .bss           0x04018b64        0x0 c:/altera/11.0sp1/nios2eds/bin/gnu/h-i686-mingw32/bin/../lib/gcc/nios2-elf/4.1.2/../../../../nios2-elf/lib\libc.a(lib_a-__call_atexit.o)
 .bss           0x04018b64        0x0 ../Test_bsp/\libucosii_bsp.a(alt_exit.o)
 *(COMMON)
 COMMON         0x04018b64     0x21e0 obj/hello_ucosii.o
                0x04018b64                pb
                0x04018d44                TaskStartStk
                0x04019544                TaskStk
 COMMON         0x0401ad44     0x3254 ../Test_bsp/\libucosii_bsp.a(os_core.o)
                0x0401ad44                OSFlagTbl
                0x0401b0b4                OSMemTbl
                0x0401bce4                OSTaskStatStk
                0x0401c4e4                OSQTbl
                0x0401c6c4                OSTaskIdleStk
                0x0401cec4                OSEventTbl
                0x0401da04                OSTCBTbl
                0x0401df44                OSTCBPrioTbl
 COMMON         0x0401df98      0x100 ../Test_bsp/\libucosii_bsp.a(alt_irq_handler.o)
                0x0401df98                alt_irq
 COMMON         0x0401e098      0x190 c:/altera/11.0sp1/nios2eds/bin/gnu/h-i686-mingw32/bin/../lib/gcc/nios2-elf/4.1.2/../../../../nios2-elf/lib\libc.a(lib_a-atexit.o)
                0x0401e098                _atexit0
                0x0401e228                . = ALIGN (0x4)
                0x0401e228                __bss_end = ABSOLUTE (.)

.epcs           0x00000020        0x0
                0x00000020                PROVIDE (_alt_partition_epcs_start, ABSOLUTE (.))
 *(.epcs. epcs.*)
                0x00000020                . = ALIGN (0x4)
                0x00000020                PROVIDE (_alt_partition_epcs_end, ABSOLUTE (.))
                0x00000020                PROVIDE (_alt_partition_epcs_load_addr, LOADADDR (.epcs))

.sdram          0x0401e228        0x0
                0x0401e228                PROVIDE (_alt_partition_sdram_start, ABSOLUTE (.))
 *(.sdram. sdram.*)
                0x0401e228                . = ALIGN (0x4)
                0x0401e228                PROVIDE (_alt_partition_sdram_end, ABSOLUTE (.))
                0x0401e228                _end = ABSOLUTE (.)
                0x0401e228                end = ABSOLUTE (.)
                0x0401e228                __alt_stack_base = ABSOLUTE (.)
                0x0401e228                PROVIDE (_alt_partition_sdram_load_addr, LOADADDR (.sdram))

.stab
 *(.stab)

.stabstr
 *(.stabstr)

.stab.excl
 *(.stab.excl)

.stab.exclstr
 *(.stab.exclstr)

.stab.index
 *(.stab.index)

.stab.indexstr
 *(.stab.indexstr)

.comment        0x00000000       0x26
 *(.comment)
 .comment       0x00000000       0x26 obj/hello_ucosii.o
                                 0x27 (size before relaxing)
 .comment       0x00000000       0x27 c:/altera/11.0sp1/nios2eds/bin/gnu/h-i686-mingw32/bin/../lib/gcc/nios2-elf/4.1.2/../../../../nios2-elf/lib\libc.a(lib_a-printf.o)
 .comment       0x00000000       0x27 c:/altera/11.0sp1/nios2eds/bin/gnu/h-i686-mingw32/bin/../lib/gcc/nios2-elf/4.1.2/../../../../nios2-elf/lib\libc.a(lib_a-puts.o)
 .comment       0x00000000       0x27 c:/altera/11.0sp1/nios2eds/bin/gnu/h-i686-mingw32/bin/../lib/gcc/nios2-elf/4.1.2/../../../../nios2-elf/lib\libc.a(lib_a-strlen.o)
 .comment       0x00000000       0x27 c:/altera/11.0sp1/nios2eds/bin/gnu/h-i686-mingw32/bin/../lib/gcc/nios2-elf/4.1.2/../../../../nios2-elf/lib\libc.a(lib_a-vfprintf.o)
 .comment       0x00000000       0x27 c:/altera/11.0sp1/nios2eds/bin/gnu/h-i686-mingw32/bin/../lib/gcc/nios2-elf/4.1.2/../../../../nios2-elf/lib\libc.a(lib_a-wsetup.o)
 .comment       0x00000000       0x27 c:/altera/11.0sp1/nios2eds/bin/gnu/h-i686-mingw32/bin/../lib/gcc/nios2-elf/4.1.2/../../../../nios2-elf/lib\libc.a(lib_a-dtoa.o)
 .comment       0x00000000       0x27 c:/altera/11.0sp1/nios2eds/bin/gnu/h-i686-mingw32/bin/../lib/gcc/nios2-elf/4.1.2/../../../../nios2-elf/lib\libc.a(lib_a-fflush.o)
 .comment       0x00000000       0x27 c:/altera/11.0sp1/nios2eds/bin/gnu/h-i686-mingw32/bin/../lib/gcc/nios2-elf/4.1.2/../../../../nios2-elf/lib\libc.a(lib_a-findfp.o)
 .comment       0x00000000       0x27 c:/altera/11.0sp1/nios2eds/bin/gnu/h-i686-mingw32/bin/../lib/gcc/nios2-elf/4.1.2/../../../../nios2-elf/lib\libc.a(lib_a-freer.o)
 .comment       0x00000000       0x27 c:/altera/11.0sp1/nios2eds/bin/gnu/h-i686-mingw32/bin/../lib/gcc/nios2-elf/4.1.2/../../../../nios2-elf/lib\libc.a(lib_a-fvwrite.o)
 .comment       0x00000000       0x27 c:/altera/11.0sp1/nios2eds/bin/gnu/h-i686-mingw32/bin/../lib/gcc/nios2-elf/4.1.2/../../../../nios2-elf/lib\libc.a(lib_a-fwalk.o)
 .comment       0x00000000       0x27 c:/altera/11.0sp1/nios2eds/bin/gnu/h-i686-mingw32/bin/../lib/gcc/nios2-elf/4.1.2/../../../../nios2-elf/lib\libc.a(lib_a-impure.o)
 .comment       0x00000000       0x27 c:/altera/11.0sp1/nios2eds/bin/gnu/h-i686-mingw32/bin/../lib/gcc/nios2-elf/4.1.2/../../../../nios2-elf/lib\libc.a(lib_a-locale.o)
 .comment       0x00000000       0x27 c:/altera/11.0sp1/nios2eds/bin/gnu/h-i686-mingw32/bin/../lib/gcc/nios2-elf/4.1.2/../../../../nios2-elf/lib\libc.a(lib_a-makebuf.o)
 .comment       0x00000000       0x27 c:/altera/11.0sp1/nios2eds/bin/gnu/h-i686-mingw32/bin/../lib/gcc/nios2-elf/4.1.2/../../../../nios2-elf/lib\libc.a(lib_a-mallocr.o)
 .comment       0x00000000       0x27 c:/altera/11.0sp1/nios2eds/bin/gnu/h-i686-mingw32/bin/../lib/gcc/nios2-elf/4.1.2/../../../../nios2-elf/lib\libc.a(lib_a-memchr.o)
 .comment       0x00000000       0x27 c:/altera/11.0sp1/nios2eds/bin/gnu/h-i686-mingw32/bin/../lib/gcc/nios2-elf/4.1.2/../../../../nios2-elf/lib\libc.a(lib_a-memcpy.o)
 .comment       0x00000000       0x27 c:/altera/11.0sp1/nios2eds/bin/gnu/h-i686-mingw32/bin/../lib/gcc/nios2-elf/4.1.2/../../../../nios2-elf/lib\libc.a(lib_a-memmove.o)
 .comment       0x00000000       0x27 c:/altera/11.0sp1/nios2eds/bin/gnu/h-i686-mingw32/bin/../lib/gcc/nios2-elf/4.1.2/../../../../nios2-elf/lib\libc.a(lib_a-memset.o)
 .comment       0x00000000       0x27 c:/altera/11.0sp1/nios2eds/bin/gnu/h-i686-mingw32/bin/../lib/gcc/nios2-elf/4.1.2/../../../../nios2-elf/lib\libc.a(lib_a-mprec.o)
 .comment       0x00000000       0x27 c:/altera/11.0sp1/nios2eds/bin/gnu/h-i686-mingw32/bin/../lib/gcc/nios2-elf/4.1.2/../../../../nios2-elf/lib\libc.a(lib_a-reallocr.o)
 .comment       0x00000000       0x27 c:/altera/11.0sp1/nios2eds/bin/gnu/h-i686-mingw32/bin/../lib/gcc/nios2-elf/4.1.2/../../../../nios2-elf/lib\libc.a(lib_a-s_isinfd.o)
 .comment       0x00000000       0x27 c:/altera/11.0sp1/nios2eds/bin/gnu/h-i686-mingw32/bin/../lib/gcc/nios2-elf/4.1.2/../../../../nios2-elf/lib\libc.a(lib_a-s_isnand.o)
 .comment       0x00000000       0x27 c:/altera/11.0sp1/nios2eds/bin/gnu/h-i686-mingw32/bin/../lib/gcc/nios2-elf/4.1.2/../../../../nios2-elf/lib\libc.a(lib_a-sbrkr.o)
 .comment       0x00000000       0x27 c:/altera/11.0sp1/nios2eds/bin/gnu/h-i686-mingw32/bin/../lib/gcc/nios2-elf/4.1.2/../../../../nios2-elf/lib\libc.a(lib_a-stdio.o)
 .comment       0x00000000       0x27 c:/altera/11.0sp1/nios2eds/bin/gnu/h-i686-mingw32/bin/../lib/gcc/nios2-elf/4.1.2/../../../../nios2-elf/lib\libc.a(lib_a-strcmp.o)
 .comment       0x00000000       0x27 c:/altera/11.0sp1/nios2eds/bin/gnu/h-i686-mingw32/bin/../lib/gcc/nios2-elf/4.1.2/../../../../nios2-elf/lib\libc.a(lib_a-writer.o)
 .comment       0x00000000       0x27 c:/altera/11.0sp1/nios2eds/bin/gnu/h-i686-mingw32/bin/../lib/gcc/nios2-elf/4.1.2/../../../../nios2-elf/lib\libc.a(lib_a-callocr.o)
 .comment       0x00000000       0x27 c:/altera/11.0sp1/nios2eds/bin/gnu/h-i686-mingw32/bin/../lib/gcc/nios2-elf/4.1.2/../../../../nios2-elf/lib\libc.a(lib_a-closer.o)
 .comment       0x00000000       0x27 c:/altera/11.0sp1/nios2eds/bin/gnu/h-i686-mingw32/bin/../lib/gcc/nios2-elf/4.1.2/../../../../nios2-elf/lib\libc.a(lib_a-fclose.o)
 .comment       0x00000000       0x27 c:/altera/11.0sp1/nios2eds/bin/gnu/h-i686-mingw32/bin/../lib/gcc/nios2-elf/4.1.2/../../../../nios2-elf/lib\libc.a(lib_a-fstatr.o)
 .comment       0x00000000       0x27 c:/altera/11.0sp1/nios2eds/bin/gnu/h-i686-mingw32/bin/../lib/gcc/nios2-elf/4.1.2/../../../../nios2-elf/lib\libc.a(lib_a-int_errno.o)
 .comment       0x00000000       0x27 c:/altera/11.0sp1/nios2eds/bin/gnu/h-i686-mingw32/bin/../lib/gcc/nios2-elf/4.1.2/../../../../nios2-elf/lib\libc.a(lib_a-isattyr.o)
 .comment       0x00000000       0x27 c:/altera/11.0sp1/nios2eds/bin/gnu/h-i686-mingw32/bin/../lib/gcc/nios2-elf/4.1.2/../../../../nios2-elf/lib\libc.a(lib_a-lseekr.o)
 .comment       0x00000000       0x27 c:/altera/11.0sp1/nios2eds/bin/gnu/h-i686-mingw32/bin/../lib/gcc/nios2-elf/4.1.2/../../../../nios2-elf/lib\libc.a(lib_a-readr.o)
 .comment       0x00000000       0x27 c:/altera/11.0sp1/nios2eds/bin/gnu/h-i686-mingw32/bin/../lib/gcc/nios2-elf/4.1.2\libgcc.a(_udivdi3.o)
 .comment       0x00000000       0x27 c:/altera/11.0sp1/nios2eds/bin/gnu/h-i686-mingw32/bin/../lib/gcc/nios2-elf/4.1.2\libgcc.a(_umoddi3.o)
 .comment       0x00000000       0x27 c:/altera/11.0sp1/nios2eds/bin/gnu/h-i686-mingw32/bin/../lib/gcc/nios2-elf/4.1.2\libgcc.a(_addsub_df.o)
 .comment       0x00000000       0x27 c:/altera/11.0sp1/nios2eds/bin/gnu/h-i686-mingw32/bin/../lib/gcc/nios2-elf/4.1.2\libgcc.a(_mul_df.o)
 .comment       0x00000000       0x27 c:/altera/11.0sp1/nios2eds/bin/gnu/h-i686-mingw32/bin/../lib/gcc/nios2-elf/4.1.2\libgcc.a(_div_df.o)
 .comment       0x00000000       0x27 c:/altera/11.0sp1/nios2eds/bin/gnu/h-i686-mingw32/bin/../lib/gcc/nios2-elf/4.1.2\libgcc.a(_eq_df.o)
 .comment       0x00000000       0x27 c:/altera/11.0sp1/nios2eds/bin/gnu/h-i686-mingw32/bin/../lib/gcc/nios2-elf/4.1.2\libgcc.a(_ne_df.o)
 .comment       0x00000000       0x27 c:/altera/11.0sp1/nios2eds/bin/gnu/h-i686-mingw32/bin/../lib/gcc/nios2-elf/4.1.2\libgcc.a(_gt_df.o)
 .comment       0x00000000       0x27 c:/altera/11.0sp1/nios2eds/bin/gnu/h-i686-mingw32/bin/../lib/gcc/nios2-elf/4.1.2\libgcc.a(_ge_df.o)
 .comment       0x00000000       0x27 c:/altera/11.0sp1/nios2eds/bin/gnu/h-i686-mingw32/bin/../lib/gcc/nios2-elf/4.1.2\libgcc.a(_lt_df.o)
 .comment       0x00000000       0x27 c:/altera/11.0sp1/nios2eds/bin/gnu/h-i686-mingw32/bin/../lib/gcc/nios2-elf/4.1.2\libgcc.a(_si_to_df.o)
 .comment       0x00000000       0x27 c:/altera/11.0sp1/nios2eds/bin/gnu/h-i686-mingw32/bin/../lib/gcc/nios2-elf/4.1.2\libgcc.a(_df_to_si.o)
 .comment       0x00000000       0x27 c:/altera/11.0sp1/nios2eds/bin/gnu/h-i686-mingw32/bin/../lib/gcc/nios2-elf/4.1.2\libgcc.a(_thenan_df.o)
 .comment       0x00000000       0x27 c:/altera/11.0sp1/nios2eds/bin/gnu/h-i686-mingw32/bin/../lib/gcc/nios2-elf/4.1.2\libgcc.a(_usi_to_df.o)
 .comment       0x00000000       0x27 c:/altera/11.0sp1/nios2eds/bin/gnu/h-i686-mingw32/bin/../lib/gcc/nios2-elf/4.1.2\libgcc.a(lib2-divmod.o)
 .comment       0x00000000       0x27 c:/altera/11.0sp1/nios2eds/bin/gnu/h-i686-mingw32/bin/../lib/gcc/nios2-elf/4.1.2\libgcc.a(_muldi3.o)
 .comment       0x00000000       0x27 c:/altera/11.0sp1/nios2eds/bin/gnu/h-i686-mingw32/bin/../lib/gcc/nios2-elf/4.1.2\libgcc.a(_clz.o)
 .comment       0x00000000       0x27 c:/altera/11.0sp1/nios2eds/bin/gnu/h-i686-mingw32/bin/../lib/gcc/nios2-elf/4.1.2\libgcc.a(_clzsi2.o)
 .comment       0x00000000       0x27 c:/altera/11.0sp1/nios2eds/bin/gnu/h-i686-mingw32/bin/../lib/gcc/nios2-elf/4.1.2\libgcc.a(_pack_df.o)
 .comment       0x00000000       0x27 c:/altera/11.0sp1/nios2eds/bin/gnu/h-i686-mingw32/bin/../lib/gcc/nios2-elf/4.1.2\libgcc.a(_unpack_df.o)
 .comment       0x00000000       0x27 c:/altera/11.0sp1/nios2eds/bin/gnu/h-i686-mingw32/bin/../lib/gcc/nios2-elf/4.1.2\libgcc.a(_fpcmp_parts_df.o)
 .comment       0x00000000       0x27 ../Test_bsp/\libucosii_bsp.a(alt_close.o)
 .comment       0x00000000       0x27 ../Test_bsp/\libucosii_bsp.a(alt_dev.o)
 .comment       0x00000000       0x27 ../Test_bsp/\libucosii_bsp.a(alt_errno.o)
 .comment       0x00000000       0x27 ../Test_bsp/\libucosii_bsp.a(alt_fstat.o)
 .comment       0x00000000       0x27 ../Test_bsp/\libucosii_bsp.a(alt_isatty.o)
 .comment       0x00000000       0x27 ../Test_bsp/\libucosii_bsp.a(alt_lseek.o)
 .comment       0x00000000       0x27 ../Test_bsp/\libucosii_bsp.a(alt_main.o)
 .comment       0x00000000       0x27 ../Test_bsp/\libucosii_bsp.a(alt_read.o)
 .comment       0x00000000       0x27 ../Test_bsp/\libucosii_bsp.a(alt_release_fd.o)
 .comment       0x00000000       0x27 ../Test_bsp/\libucosii_bsp.a(alt_sbrk.o)
 .comment       0x00000000       0x27 ../Test_bsp/\libucosii_bsp.a(alt_write.o)
 .comment       0x00000000       0x27 ../Test_bsp/\libucosii_bsp.a(alt_env_lock.o)
 .comment       0x00000000       0x27 ../Test_bsp/\libucosii_bsp.a(alt_malloc_lock.o)
 .comment       0x00000000       0x27 ../Test_bsp/\libucosii_bsp.a(os_core.o)
 .comment       0x00000000       0x27 ../Test_bsp/\libucosii_bsp.a(os_dbg.o)
 .comment       0x00000000       0x27 ../Test_bsp/\libucosii_bsp.a(os_flag.o)
 .comment       0x00000000       0x27 ../Test_bsp/\libucosii_bsp.a(os_mem.o)
 .comment       0x00000000       0x27 ../Test_bsp/\libucosii_bsp.a(os_q.o)
 .comment       0x00000000       0x27 ../Test_bsp/\libucosii_bsp.a(os_sem.o)
 .comment       0x00000000       0x27 ../Test_bsp/\libucosii_bsp.a(os_task.o)
 .comment       0x00000000       0x27 ../Test_bsp/\libucosii_bsp.a(os_time.o)
 .comment       0x00000000       0x27 ../Test_bsp/\libucosii_bsp.a(alt_sys_init.o)
 .comment       0x00000000       0x27 ../Test_bsp/\libucosii_bsp.a(altera_avalon_epcs_flash_controller.o)
 .comment       0x00000000       0x27 ../Test_bsp/\libucosii_bsp.a(altera_avalon_jtag_uart_fd.o)
 .comment       0x00000000       0x27 ../Test_bsp/\libucosii_bsp.a(altera_avalon_jtag_uart_init.o)
 .comment       0x00000000       0x27 ../Test_bsp/\libucosii_bsp.a(altera_avalon_jtag_uart_ioctl.o)
 .comment       0x00000000       0x27 ../Test_bsp/\libucosii_bsp.a(altera_avalon_jtag_uart_read.o)
 .comment       0x00000000       0x27 ../Test_bsp/\libucosii_bsp.a(altera_avalon_jtag_uart_write.o)
 .comment       0x00000000       0x27 ../Test_bsp/\libucosii_bsp.a(altera_avalon_timer_sc.o)
 .comment       0x00000000       0x27 ../Test_bsp/\libucosii_bsp.a(epcs_commands.o)
 .comment       0x00000000       0x27 ../Test_bsp/\libucosii_bsp.a(alt_alarm_start.o)
 .comment       0x00000000       0x27 ../Test_bsp/\libucosii_bsp.a(alt_dev_llist_insert.o)
 .comment       0x00000000       0x27 ../Test_bsp/\libucosii_bsp.a(alt_do_ctors.o)
 .comment       0x00000000       0x27 ../Test_bsp/\libucosii_bsp.a(alt_do_dtors.o)
 .comment       0x00000000       0x27 ../Test_bsp/\libucosii_bsp.a(alt_flash_dev.o)
 .comment       0x00000000       0x27 ../Test_bsp/\libucosii_bsp.a(alt_iic.o)
 .comment       0x00000000       0x27 ../Test_bsp/\libucosii_bsp.a(alt_iic_isr_register.o)
 .comment       0x00000000       0x27 ../Test_bsp/\libucosii_bsp.a(alt_io_redirect.o)
 .comment       0x00000000       0x27 ../Test_bsp/\libucosii_bsp.a(alt_irq_handler.o)
 .comment       0x00000000       0x27 ../Test_bsp/\libucosii_bsp.a(alt_irq_vars.o)
 .comment       0x00000000       0x27 ../Test_bsp/\libucosii_bsp.a(alt_open.o)
 .comment       0x00000000       0x27 ../Test_bsp/\libucosii_bsp.a(alt_tick.o)
 .comment       0x00000000       0x27 ../Test_bsp/\libucosii_bsp.a(altera_nios2_irq.o)
 .comment       0x00000000       0x27 ../Test_bsp/\libucosii_bsp.a(os_cpu_c.o)
 .comment       0x00000000       0x27 ../Test_bsp/\libucosii_bsp.a(altera_avalon_spi.o)
 .comment       0x00000000       0x27 ../Test_bsp/\libucosii_bsp.a(alt_find_dev.o)
 .comment       0x00000000       0x27 ../Test_bsp/\libucosii_bsp.a(alt_find_file.o)
 .comment       0x00000000       0x27 ../Test_bsp/\libucosii_bsp.a(alt_get_fd.o)
 .comment       0x00000000       0x27 c:/altera/11.0sp1/nios2eds/bin/gnu/h-i686-mingw32/bin/../lib/gcc/nios2-elf/4.1.2/../../../../nios2-elf/lib\libc.a(lib_a-atexit.o)
 .comment       0x00000000       0x27 c:/altera/11.0sp1/nios2eds/bin/gnu/h-i686-mingw32/bin/../lib/gcc/nios2-elf/4.1.2/../../../../nios2-elf/lib\libc.a(lib_a-exit.o)
 .comment       0x00000000       0x27 c:/altera/11.0sp1/nios2eds/bin/gnu/h-i686-mingw32/bin/../lib/gcc/nios2-elf/4.1.2/../../../../nios2-elf/lib\libc.a(lib_a-memcmp.o)
 .comment       0x00000000       0x27 c:/altera/11.0sp1/nios2eds/bin/gnu/h-i686-mingw32/bin/../lib/gcc/nios2-elf/4.1.2/../../../../nios2-elf/lib\libc.a(lib_a-__atexit.o)
 .comment       0x00000000       0x27 c:/altera/11.0sp1/nios2eds/bin/gnu/h-i686-mingw32/bin/../lib/gcc/nios2-elf/4.1.2/../../../../nios2-elf/lib\libc.a(lib_a-__call_atexit.o)
 .comment       0x00000000       0x27 ../Test_bsp/\libucosii_bsp.a(alt_exit.o)

.debug
 *(.debug)

.line
 *(.line)

.debug_srcinfo
 *(.debug_srcinfo)

.debug_sfnames
 *(.debug_sfnames)
